<?xml version="1.0" encoding="ISO-8859-1" ?>
<link_info>
   <banner>TMS320C2000 Linker PC v18.12.3.LTS</banner>
   <copyright>Copyright (c) 1996-2018 Texas Instruments Incorporated</copyright>
   <link_time>0x5df758f7</link_time>
   <link_errors>0x0</link_errors>
   <output_file>f280049_downloadAes.out</output_file>
   <entry_point>
      <name>code_start</name>
      <address>0x81010</address>
   </entry_point>
   <input_file_list>
      <input_file id="fl-2">
         <path>.\</path>
         <kind>object</kind>
         <file>flashapi_ex2_ldfu.obj</file>
         <name>flashapi_ex2_ldfu.obj</name>
      </input_file>
      <input_file id="fl-3">
         <path>.\</path>
         <kind>object</kind>
         <file>flashapi_main.obj</file>
         <name>flashapi_main.obj</name>
      </input_file>
      <input_file id="fl-4">
         <path>.\aes_encrypt\</path>
         <kind>object</kind>
         <file>aes.obj</file>
         <name>aes.obj</name>
      </input_file>
      <input_file id="fl-5">
         <path>.\aes_encrypt\</path>
         <kind>object</kind>
         <file>test.obj</file>
         <name>test.obj</name>
      </input_file>
      <input_file id="fl-6">
         <path>.\device\</path>
         <kind>object</kind>
         <file>device.obj</file>
         <name>device.obj</name>
      </input_file>
      <input_file id="fl-7">
         <path>.\device\</path>
         <kind>object</kind>
         <file>f28004x_codestartbranch.obj</file>
         <name>f28004x_codestartbranch.obj</name>
      </input_file>
      <input_file id="fl-8">
         <path>.\device\driverlib\</path>
         <kind>object</kind>
         <file>adc.obj</file>
         <name>adc.obj</name>
      </input_file>
      <input_file id="fl-9">
         <path>.\device\driverlib\</path>
         <kind>object</kind>
         <file>asysctl.obj</file>
         <name>asysctl.obj</name>
      </input_file>
      <input_file id="fl-a">
         <path>.\device\driverlib\</path>
         <kind>object</kind>
         <file>can.obj</file>
         <name>can.obj</name>
      </input_file>
      <input_file id="fl-b">
         <path>.\device\driverlib\</path>
         <kind>object</kind>
         <file>cla.obj</file>
         <name>cla.obj</name>
      </input_file>
      <input_file id="fl-c">
         <path>.\device\driverlib\</path>
         <kind>object</kind>
         <file>clapromcrc.obj</file>
         <name>clapromcrc.obj</name>
      </input_file>
      <input_file id="fl-d">
         <path>.\device\driverlib\</path>
         <kind>object</kind>
         <file>cmpss.obj</file>
         <name>cmpss.obj</name>
      </input_file>
      <input_file id="fl-e">
         <path>.\device\driverlib\</path>
         <kind>object</kind>
         <file>cputimer.obj</file>
         <name>cputimer.obj</name>
      </input_file>
      <input_file id="fl-f">
         <path>.\device\driverlib\</path>
         <kind>object</kind>
         <file>dac.obj</file>
         <name>dac.obj</name>
      </input_file>
      <input_file id="fl-10">
         <path>.\device\driverlib\</path>
         <kind>object</kind>
         <file>dcc.obj</file>
         <name>dcc.obj</name>
      </input_file>
      <input_file id="fl-11">
         <path>.\device\driverlib\</path>
         <kind>object</kind>
         <file>dcsm.obj</file>
         <name>dcsm.obj</name>
      </input_file>
      <input_file id="fl-12">
         <path>.\device\driverlib\</path>
         <kind>object</kind>
         <file>dma.obj</file>
         <name>dma.obj</name>
      </input_file>
      <input_file id="fl-13">
         <path>.\device\driverlib\</path>
         <kind>object</kind>
         <file>ecap.obj</file>
         <name>ecap.obj</name>
      </input_file>
      <input_file id="fl-14">
         <path>.\device\driverlib\</path>
         <kind>object</kind>
         <file>epwm.obj</file>
         <name>epwm.obj</name>
      </input_file>
      <input_file id="fl-15">
         <path>.\device\driverlib\</path>
         <kind>object</kind>
         <file>eqep.obj</file>
         <name>eqep.obj</name>
      </input_file>
      <input_file id="fl-16">
         <path>.\device\driverlib\</path>
         <kind>object</kind>
         <file>flash.obj</file>
         <name>flash.obj</name>
      </input_file>
      <input_file id="fl-17">
         <path>.\device\driverlib\</path>
         <kind>object</kind>
         <file>fsi.obj</file>
         <name>fsi.obj</name>
      </input_file>
      <input_file id="fl-18">
         <path>.\device\driverlib\</path>
         <kind>object</kind>
         <file>gpio.obj</file>
         <name>gpio.obj</name>
      </input_file>
      <input_file id="fl-19">
         <path>.\device\driverlib\</path>
         <kind>object</kind>
         <file>hrcap.obj</file>
         <name>hrcap.obj</name>
      </input_file>
      <input_file id="fl-1a">
         <path>.\device\driverlib\</path>
         <kind>object</kind>
         <file>hrpwm.obj</file>
         <name>hrpwm.obj</name>
      </input_file>
      <input_file id="fl-1b">
         <path>.\device\driverlib\</path>
         <kind>object</kind>
         <file>i2c.obj</file>
         <name>i2c.obj</name>
      </input_file>
      <input_file id="fl-1c">
         <path>.\device\driverlib\</path>
         <kind>object</kind>
         <file>interrupt.obj</file>
         <name>interrupt.obj</name>
      </input_file>
      <input_file id="fl-1d">
         <path>.\device\driverlib\</path>
         <kind>object</kind>
         <file>lin.obj</file>
         <name>lin.obj</name>
      </input_file>
      <input_file id="fl-1e">
         <path>.\device\driverlib\</path>
         <kind>object</kind>
         <file>memcfg.obj</file>
         <name>memcfg.obj</name>
      </input_file>
      <input_file id="fl-1f">
         <path>.\device\driverlib\</path>
         <kind>object</kind>
         <file>pga.obj</file>
         <name>pga.obj</name>
      </input_file>
      <input_file id="fl-20">
         <path>.\device\driverlib\</path>
         <kind>object</kind>
         <file>pmbus.obj</file>
         <name>pmbus.obj</name>
      </input_file>
      <input_file id="fl-21">
         <path>.\device\driverlib\</path>
         <kind>object</kind>
         <file>sci.obj</file>
         <name>sci.obj</name>
      </input_file>
      <input_file id="fl-22">
         <path>.\device\driverlib\</path>
         <kind>object</kind>
         <file>sdfm.obj</file>
         <name>sdfm.obj</name>
      </input_file>
      <input_file id="fl-23">
         <path>.\device\driverlib\</path>
         <kind>object</kind>
         <file>spi.obj</file>
         <name>spi.obj</name>
      </input_file>
      <input_file id="fl-24">
         <path>.\device\driverlib\</path>
         <kind>object</kind>
         <file>sysctl.obj</file>
         <name>sysctl.obj</name>
      </input_file>
      <input_file id="fl-25">
         <path>.\device\driverlib\</path>
         <kind>object</kind>
         <file>version.obj</file>
         <name>version.obj</name>
      </input_file>
      <input_file id="fl-26">
         <path>.\device\driverlib\</path>
         <kind>object</kind>
         <file>xbar.obj</file>
         <name>xbar.obj</name>
      </input_file>
      <input_file id="fl-27">
         <path>.\user\</path>
         <kind>object</kind>
         <file>cmd.obj</file>
         <name>cmd.obj</name>
      </input_file>
      <input_file id="fl-28">
         <path>.\user\</path>
         <kind>object</kind>
         <file>uartStdio.obj</file>
         <name>uartStdio.obj</name>
      </input_file>
      <input_file id="fl-29">
         <path>.\xmodem\</path>
         <kind>object</kind>
         <file>crc16.obj</file>
         <name>crc16.obj</name>
      </input_file>
      <input_file id="fl-2a">
         <path>.\xmodem\</path>
         <kind>object</kind>
         <file>xmodem.obj</file>
         <name>xmodem.obj</name>
      </input_file>
      <input_file id="fl-2f">
         <kind>object</kind>
         <file>&lt;internal&gt;</file>
         <name>&lt;internal&gt;</name>
      </input_file>
      <input_file id="fl-30">
         <path>..\</path>
         <kind>archive</kind>
         <file>F021_ROM_API_F28004x_FPU32.lib</file>
         <name>F28004x_ROM_out__Fapi_checkFsmForReady_tmp.obj</name>
      </input_file>
      <input_file id="fl-31">
         <path>..\</path>
         <kind>archive</kind>
         <file>F021_ROM_API_F28004x_FPU32.lib</file>
         <name>F28004x_ROM_out__Fapi_doBlankCheck_tmp.obj</name>
      </input_file>
      <input_file id="fl-32">
         <path>..\</path>
         <kind>archive</kind>
         <file>F021_ROM_API_F28004x_FPU32.lib</file>
         <name>F28004x_ROM_out__Fapi_doVerify_tmp.obj</name>
      </input_file>
      <input_file id="fl-33">
         <path>..\</path>
         <kind>archive</kind>
         <file>F021_ROM_API_F28004x_FPU32.lib</file>
         <name>F28004x_ROM_out__Fapi_initializeAPI_tmp.obj</name>
      </input_file>
      <input_file id="fl-34">
         <path>..\</path>
         <kind>archive</kind>
         <file>F021_ROM_API_F28004x_FPU32.lib</file>
         <name>F28004x_ROM_out__Fapi_issueAsyncCommandWithAddress_tmp.obj</name>
      </input_file>
      <input_file id="fl-35">
         <path>..\</path>
         <kind>archive</kind>
         <file>F021_ROM_API_F28004x_FPU32.lib</file>
         <name>F28004x_ROM_out__Fapi_issueProgrammingCommand_tmp.obj</name>
      </input_file>
      <input_file id="fl-36">
         <path>..\</path>
         <kind>archive</kind>
         <file>F021_ROM_API_F28004x_FPU32.lib</file>
         <name>F28004x_ROM_out__Fapi_setActiveFlashBank_tmp.obj</name>
      </input_file>
      <input_file id="fl-42">
         <path>D:\ti\ccs920\ccs\tools\compiler\ti-cgt-c2000_18.12.3.LTS\lib\</path>
         <kind>archive</kind>
         <file>rts2800_fpu32.lib</file>
         <name>boot28.asm.obj</name>
      </input_file>
      <input_file id="fl-43">
         <path>D:\ti\ccs920\ccs\tools\compiler\ti-cgt-c2000_18.12.3.LTS\lib\</path>
         <kind>archive</kind>
         <file>rts2800_fpu32.lib</file>
         <name>fs_div28.asm.obj</name>
      </input_file>
      <input_file id="fl-44">
         <path>D:\ti\ccs920\ccs\tools\compiler\ti-cgt-c2000_18.12.3.LTS\lib\</path>
         <kind>archive</kind>
         <file>rts2800_fpu32.lib</file>
         <name>cpy_tbl.c.obj</name>
      </input_file>
      <input_file id="fl-45">
         <path>D:\ti\ccs920\ccs\tools\compiler\ti-cgt-c2000_18.12.3.LTS\lib\</path>
         <kind>archive</kind>
         <file>rts2800_fpu32.lib</file>
         <name>memcpy.c.obj</name>
      </input_file>
      <input_file id="fl-46">
         <path>D:\ti\ccs920\ccs\tools\compiler\ti-cgt-c2000_18.12.3.LTS\lib\</path>
         <kind>archive</kind>
         <file>rts2800_fpu32.lib</file>
         <name>pre_init.c.obj</name>
      </input_file>
      <input_file id="fl-47">
         <path>D:\ti\ccs920\ccs\tools\compiler\ti-cgt-c2000_18.12.3.LTS\lib\</path>
         <kind>archive</kind>
         <file>rts2800_fpu32.lib</file>
         <name>startup.c.obj</name>
      </input_file>
      <input_file id="fl-48">
         <path>D:\ti\ccs920\ccs\tools\compiler\ti-cgt-c2000_18.12.3.LTS\lib\</path>
         <kind>archive</kind>
         <file>rts2800_fpu32.lib</file>
         <name>exit.c.obj</name>
      </input_file>
      <input_file id="fl-49">
         <path>D:\ti\ccs920\ccs\tools\compiler\ti-cgt-c2000_18.12.3.LTS\lib\</path>
         <kind>archive</kind>
         <file>rts2800_fpu32.lib</file>
         <name>_lock.c.obj</name>
      </input_file>
      <input_file id="fl-4a">
         <path>D:\ti\ccs920\ccs\tools\compiler\ti-cgt-c2000_18.12.3.LTS\lib\</path>
         <kind>archive</kind>
         <file>rts2800_fpu32.lib</file>
         <name>args_main.c.obj</name>
      </input_file>
      <input_file id="fl-4b">
         <path>D:\ti\ccs920\ccs\tools\compiler\ti-cgt-c2000_18.12.3.LTS\lib\</path>
         <kind>archive</kind>
         <file>rts2800_fpu32.lib</file>
         <name>memset.c.obj</name>
      </input_file>
      <input_file id="fl-4c">
         <path>D:\ti\ccs920\ccs\tools\compiler\ti-cgt-c2000_18.12.3.LTS\lib\</path>
         <kind>archive</kind>
         <file>rts2800_fpu32.lib</file>
         <name>rand.c.obj</name>
      </input_file>
      <input_file id="fl-4d">
         <path>D:\ti\ccs920\ccs\tools\compiler\ti-cgt-c2000_18.12.3.LTS\lib\</path>
         <kind>archive</kind>
         <file>rts2800_fpu32.lib</file>
         <name>strcmp.c.obj</name>
      </input_file>
   </input_file_list>
   <object_component_list>
      <object_component id="oc-11">
         <name>codestart</name>
         <load_address>0x81010</load_address>
         <run_address>0x81010</run_address>
         <size>0x2</size>
         <input_file_ref idref="fl-7"/>
      </object_component>
      <object_component id="oc-139">
         <name>.text</name>
         <load_address>0x81020</load_address>
         <run_address>0x8000</run_address>
         <size>0x41b</size>
         <input_file_ref idref="fl-2"/>
      </object_component>
      <object_component id="oc-14b">
         <name>.text</name>
         <load_address>0x8143b</load_address>
         <run_address>0x841b</run_address>
         <size>0x402</size>
         <input_file_ref idref="fl-4"/>
      </object_component>
      <object_component id="oc-135">
         <name>.text</name>
         <load_address>0x8183d</load_address>
         <run_address>0x881d</run_address>
         <size>0x3be</size>
         <input_file_ref idref="fl-28"/>
      </object_component>
      <object_component id="oc-13e">
         <name>.text</name>
         <load_address>0x81bfb</load_address>
         <run_address>0x8bdb</run_address>
         <size>0x38f</size>
         <input_file_ref idref="fl-24"/>
      </object_component>
      <object_component id="oc-130">
         <name>.text</name>
         <load_address>0x81f8a</load_address>
         <run_address>0x8f6a</run_address>
         <size>0x2cf</size>
         <input_file_ref idref="fl-3"/>
      </object_component>
      <object_component id="oc-13b">
         <name>.text</name>
         <load_address>0x82259</load_address>
         <run_address>0x9239</run_address>
         <size>0x20f</size>
         <input_file_ref idref="fl-5"/>
      </object_component>
      <object_component id="oc-140">
         <name>.text</name>
         <load_address>0x82468</load_address>
         <run_address>0x9448</run_address>
         <size>0x1f0</size>
         <input_file_ref idref="fl-21"/>
      </object_component>
      <object_component id="oc-141">
         <name>.text</name>
         <load_address>0x82658</load_address>
         <run_address>0x9638</run_address>
         <size>0x1eb</size>
         <input_file_ref idref="fl-18"/>
      </object_component>
      <object_component id="oc-138">
         <name>.text</name>
         <load_address>0x82843</load_address>
         <run_address>0x9823</run_address>
         <size>0x1c4</size>
         <input_file_ref idref="fl-2a"/>
      </object_component>
      <object_component id="oc-133">
         <name>.text</name>
         <load_address>0x82a07</load_address>
         <run_address>0x99e7</run_address>
         <size>0x1b5</size>
         <input_file_ref idref="fl-6"/>
      </object_component>
      <object_component id="oc-134">
         <name>.text</name>
         <load_address>0x82bbc</load_address>
         <run_address>0x9b9c</run_address>
         <size>0x187</size>
         <input_file_ref idref="fl-1c"/>
      </object_component>
      <object_component id="oc-136">
         <name>.text</name>
         <load_address>0x82d43</load_address>
         <run_address>0x9d23</run_address>
         <size>0x16a</size>
         <input_file_ref idref="fl-11"/>
      </object_component>
      <object_component id="oc-ec">
         <name>.text</name>
         <load_address>0x82ead</load_address>
         <run_address>0x9e8d</run_address>
         <size>0x88</size>
         <input_file_ref idref="fl-43"/>
      </object_component>
      <object_component id="oc-137">
         <name>.text</name>
         <load_address>0x82f35</load_address>
         <run_address>0x9f15</run_address>
         <size>0x62</size>
         <input_file_ref idref="fl-27"/>
      </object_component>
      <object_component id="oc-e5">
         <name>.text</name>
         <load_address>0x82f97</load_address>
         <run_address>0x9f77</run_address>
         <size>0x56</size>
         <input_file_ref idref="fl-42"/>
      </object_component>
      <object_component id="oc-148">
         <name>.text</name>
         <load_address>0x82fed</load_address>
         <run_address>0x9fcd</run_address>
         <size>0x2d</size>
         <input_file_ref idref="fl-4c"/>
      </object_component>
      <object_component id="oc-12e">
         <name>.text</name>
         <load_address>0x8301a</load_address>
         <run_address>0x9ffa</run_address>
         <size>0x29</size>
         <input_file_ref idref="fl-48"/>
      </object_component>
      <object_component id="oc-12b">
         <name>.text</name>
         <load_address>0x83043</load_address>
         <run_address>0xa023</run_address>
         <size>0x24</size>
         <input_file_ref idref="fl-44"/>
      </object_component>
      <object_component id="oc-145">
         <name>.text</name>
         <load_address>0x83067</load_address>
         <run_address>0xa047</run_address>
         <size>0x20</size>
         <input_file_ref idref="fl-29"/>
      </object_component>
      <object_component id="oc-12f">
         <name>.text</name>
         <load_address>0x83087</load_address>
         <run_address>0xa067</run_address>
         <size>0x1d</size>
         <input_file_ref idref="fl-45"/>
      </object_component>
      <object_component id="oc-12d">
         <name>.text</name>
         <load_address>0x830a4</load_address>
         <run_address>0xa084</run_address>
         <size>0x19</size>
         <input_file_ref idref="fl-4a"/>
      </object_component>
      <object_component id="oc-144">
         <name>.text</name>
         <load_address>0x830bd</load_address>
         <run_address>0xa09d</run_address>
         <size>0xa</size>
         <input_file_ref idref="fl-4d"/>
      </object_component>
      <object_component id="oc-13c">
         <name>.text</name>
         <load_address>0x830c7</load_address>
         <run_address>0xa0a7</run_address>
         <size>0x9</size>
         <input_file_ref idref="fl-49"/>
      </object_component>
      <object_component id="oc-13a">
         <name>.text</name>
         <load_address>0x830d0</load_address>
         <run_address>0xa0b0</run_address>
         <size>0x7</size>
         <input_file_ref idref="fl-4b"/>
      </object_component>
      <object_component id="oc-12a">
         <name>.text</name>
         <load_address>0x830d7</load_address>
         <run_address>0xa0b7</run_address>
         <size>0x2</size>
         <input_file_ref idref="fl-46"/>
      </object_component>
      <object_component id="oc-12c">
         <name>.text</name>
         <load_address>0x830d9</load_address>
         <run_address>0xa0b9</run_address>
         <size>0x1</size>
         <input_file_ref idref="fl-47"/>
      </object_component>
      <object_component id="oc-13f">
         <name>.TI.ramfunc</name>
         <load_address>0x830da</load_address>
         <run_address>0xa0ba</run_address>
         <size>0xd0</size>
         <input_file_ref idref="fl-16"/>
      </object_component>
      <object_component id="oc-bd">
         <name>.TI.ramfunc</name>
         <load_address>0x831aa</load_address>
         <run_address>0xa18a</run_address>
         <size>0x4</size>
         <input_file_ref idref="fl-24"/>
      </object_component>
      <object_component id="oc-106">
         <name>.cinit</name>
         <load_address>0x831ae</load_address>
         <run_address>0xa18e</run_address>
         <size>0xe</size>
         <input_file_ref idref="fl-48"/>
      </object_component>
      <object_component id="oc-cf">
         <name>.cinit:_cmd_discp</name>
         <load_address>0x831bc</load_address>
         <run_address>0xa19c</run_address>
         <size>0xb</size>
         <input_file_ref idref="fl-27"/>
      </object_component>
      <object_component id="oc-ce">
         <name>.cinit:_uart0_cmd</name>
         <load_address>0x831c7</load_address>
         <run_address>0xa1a7</run_address>
         <size>0xb</size>
         <input_file_ref idref="fl-27"/>
      </object_component>
      <object_component id="oc-35">
         <name>.cinit</name>
         <load_address>0x831d2</load_address>
         <run_address>0xa1b2</run_address>
         <size>0xa</size>
         <input_file_ref idref="fl-6"/>
      </object_component>
      <object_component id="oc-132">
         <name>.cinit:__lock</name>
         <load_address>0x831dc</load_address>
         <run_address>0xa1bc</run_address>
         <size>0x5</size>
         <input_file_ref idref="fl-49"/>
      </object_component>
      <object_component id="oc-13d">
         <name>.cinit:__unlock</name>
         <load_address>0x831e1</load_address>
         <run_address>0xa1c1</run_address>
         <size>0x5</size>
         <input_file_ref idref="fl-49"/>
      </object_component>
      <object_component id="oc-1a">
         <name>.cinit</name>
         <load_address>0x831e6</load_address>
         <run_address>0xa1c6</run_address>
         <size>0x5</size>
         <input_file_ref idref="fl-2"/>
      </object_component>
      <object_component id="oc-22">
         <name>.cinit</name>
         <load_address>0x831eb</load_address>
         <run_address>0xa1cb</run_address>
         <size>0x5</size>
         <input_file_ref idref="fl-3"/>
      </object_component>
      <object_component id="oc-11c">
         <name>.cinit</name>
         <load_address>0x831f0</load_address>
         <run_address>0xa1d0</run_address>
         <size>0x5</size>
         <input_file_ref idref="fl-4c"/>
      </object_component>
      <object_component id="oc-143">
         <name>.cinit:_uart0_CMD</name>
         <load_address>0x831f5</load_address>
         <run_address>0xa1d5</run_address>
         <size>0x4</size>
         <input_file_ref idref="fl-27"/>
      </object_component>
      <object_component id="oc-25">
         <name>.econst:.string</name>
         <load_address>0x831fc</load_address>
         <run_address>0xa1dc</run_address>
         <size>0x29c</size>
         <input_file_ref idref="fl-3"/>
      </object_component>
      <object_component id="oc-1c">
         <name>.econst:.string</name>
         <load_address>0x83498</load_address>
         <run_address>0xa478</run_address>
         <size>0x22c</size>
         <input_file_ref idref="fl-2"/>
      </object_component>
      <object_component id="oc-14e">
         <name>.econst:_crc16tab</name>
         <load_address>0x836c4</load_address>
         <run_address>0xa6a4</run_address>
         <size>0x100</size>
         <input_file_ref idref="fl-29"/>
      </object_component>
      <object_component id="oc-151">
         <name>.econst:_rsbox</name>
         <load_address>0x837c4</load_address>
         <run_address>0xa7a4</run_address>
         <size>0x100</size>
         <input_file_ref idref="fl-4"/>
      </object_component>
      <object_component id="oc-14f">
         <name>.econst:_sbox</name>
         <load_address>0x838c4</load_address>
         <run_address>0xa8a4</run_address>
         <size>0x100</size>
         <input_file_ref idref="fl-4"/>
      </object_component>
      <object_component id="oc-cd">
         <name>.econst:.string</name>
         <load_address>0x839c4</load_address>
         <run_address>0xa9a4</run_address>
         <size>0xc1</size>
         <input_file_ref idref="fl-27"/>
      </object_component>
      <object_component id="oc-147">
         <name>.econst:_secAddress</name>
         <load_address>0x83a86</load_address>
         <run_address>0xaa66</run_address>
         <size>0x40</size>
         <input_file_ref idref="fl-2"/>
      </object_component>
      <object_component id="oc-d6">
         <name>.econst:.string</name>
         <load_address>0x83ac6</load_address>
         <run_address>0xaaa6</run_address>
         <size>0x1a</size>
         <input_file_ref idref="fl-28"/>
      </object_component>
      <object_component id="oc-150">
         <name>.econst:_Rcon</name>
         <load_address>0x83ae0</load_address>
         <run_address>0xaac0</run_address>
         <size>0xb</size>
         <input_file_ref idref="fl-4"/>
      </object_component>
      <object_component id="oc-d5">
         <name>.econst</name>
         <load_address>0x83aec</load_address>
         <run_address>0xaacc</run_address>
         <size>0x2</size>
         <input_file_ref idref="fl-28"/>
      </object_component>
      <object_component id="oc-e7">
         <name>.reset</name>
         <load_address>0x3fffc0</load_address>
         <run_address>0x3fffc0</run_address>
         <size>0x2</size>
         <input_file_ref idref="fl-42"/>
      </object_component>
      <object_component id="oc-e6">
         <name>.stack</name>
         <uninitialized>true</uninitialized>
         <run_address>0xf8</run_address>
         <size>0x0</size>
         <input_file_ref idref="fl-42"/>
      </object_component>
      <object_component id="oc-16b">
         <name>.stack</name>
         <uninitialized>true</uninitialized>
         <run_address>0xf8</run_address>
         <size>0x0</size>
      </object_component>
      <object_component id="oc-1b">
         <name>.ebss</name>
         <uninitialized>true</uninitialized>
         <run_address>0x13458</run_address>
         <size>0x8</size>
         <input_file_ref idref="fl-2"/>
      </object_component>
      <object_component id="oc-127">
         <name>.ebss:_BUFF</name>
         <uninitialized>true</uninitialized>
         <run_address>0x1346c</run_address>
         <size>0x5</size>
         <input_file_ref idref="fl-2"/>
      </object_component>
      <object_component id="oc-23">
         <name>.ebss</name>
         <uninitialized>true</uninitialized>
         <run_address>0x13460</run_address>
         <size>0x6</size>
         <input_file_ref idref="fl-3"/>
      </object_component>
      <object_component id="oc-149">
         <name>.ebss:_key</name>
         <uninitialized>true</uninitialized>
         <run_address>0x13426</run_address>
         <size>0x10</size>
         <input_file_ref idref="fl-5"/>
      </object_component>
      <object_component id="oc-14a">
         <name>.ebss:_iv</name>
         <uninitialized>true</uninitialized>
         <run_address>0x13416</run_address>
         <size>0x10</size>
         <input_file_ref idref="fl-5"/>
      </object_component>
      <object_component id="oc-14c">
         <name>.ebss:_buff</name>
         <uninitialized>true</uninitialized>
         <run_address>0x13406</run_address>
         <size>0x10</size>
         <input_file_ref idref="fl-5"/>
      </object_component>
      <object_component id="oc-36">
         <name>.ebss</name>
         <uninitialized>true</uninitialized>
         <run_address>0x13472</run_address>
         <size>0x4</size>
         <input_file_ref idref="fl-6"/>
      </object_component>
      <object_component id="oc-128">
         <name>.ebss:_uart0_cmd</name>
         <uninitialized>true</uninitialized>
         <run_address>0x13450</run_address>
         <size>0x8</size>
         <input_file_ref idref="fl-27"/>
      </object_component>
      <object_component id="oc-129">
         <name>.ebss:_cmd_discp</name>
         <uninitialized>true</uninitialized>
         <run_address>0x13436</run_address>
         <size>0x8</size>
         <input_file_ref idref="fl-27"/>
      </object_component>
      <object_component id="oc-142">
         <name>.ebss:_uart0_CMD</name>
         <uninitialized>true</uninitialized>
         <run_address>0x13440</run_address>
         <size>0x10</size>
         <input_file_ref idref="fl-27"/>
      </object_component>
      <object_component id="oc-146">
         <name>.ebss:_xbuff</name>
         <uninitialized>true</uninitialized>
         <run_address>0x13000</run_address>
         <size>0x406</size>
         <input_file_ref idref="fl-2a"/>
      </object_component>
      <object_component id="oc-107">
         <name>.ebss</name>
         <uninitialized>true</uninitialized>
         <run_address>0x13466</run_address>
         <size>0x6</size>
         <input_file_ref idref="fl-48"/>
      </object_component>
      <object_component id="oc-131">
         <name>.ebss:__lock</name>
         <uninitialized>true</uninitialized>
         <run_address>0x1343e</run_address>
         <size>0x2</size>
         <input_file_ref idref="fl-49"/>
      </object_component>
      <object_component id="oc-14d">
         <name>.ebss:__unlock</name>
         <uninitialized>true</uninitialized>
         <run_address>0x13476</run_address>
         <size>0x2</size>
         <input_file_ref idref="fl-49"/>
      </object_component>
      <object_component id="oc-11d">
         <name>.ebss</name>
         <uninitialized>true</uninitialized>
         <run_address>0x13478</run_address>
         <size>0x2</size>
         <input_file_ref idref="fl-4c"/>
      </object_component>
      <object_component id="oc-24">
         <name>.encryptCode</name>
         <uninitialized>true</uninitialized>
         <run_address>0xb000</run_address>
         <size>0x2000</size>
         <input_file_ref idref="fl-3"/>
      </object_component>
      <object_component id="oc-19">
         <name>.debug_info</name>
         <load_address>0x0</load_address>
         <run_address>0x0</run_address>
         <size>0x1733</size>
         <input_file_ref idref="fl-2"/>
      </object_component>
      <object_component id="oc-21">
         <name>.debug_info</name>
         <load_address>0x1733</load_address>
         <run_address>0x1733</run_address>
         <size>0xde68</size>
         <input_file_ref idref="fl-3"/>
      </object_component>
      <object_component id="oc-2a">
         <name>.debug_info</name>
         <load_address>0xf59b</load_address>
         <run_address>0xf59b</run_address>
         <size>0x13f8</size>
         <input_file_ref idref="fl-4"/>
      </object_component>
      <object_component id="oc-2f">
         <name>.debug_info</name>
         <load_address>0x10993</load_address>
         <run_address>0x10993</run_address>
         <size>0x92c</size>
         <input_file_ref idref="fl-5"/>
      </object_component>
      <object_component id="oc-34">
         <name>.debug_info</name>
         <load_address>0x112bf</load_address>
         <run_address>0x112bf</run_address>
         <size>0x2098</size>
         <input_file_ref idref="fl-6"/>
      </object_component>
      <object_component id="oc-3c">
         <name>.debug_info</name>
         <load_address>0x13357</load_address>
         <run_address>0x13357</run_address>
         <size>0xff</size>
         <input_file_ref idref="fl-7"/>
      </object_component>
      <object_component id="oc-3f">
         <name>.debug_info</name>
         <load_address>0x13456</load_address>
         <run_address>0x13456</run_address>
         <size>0x489</size>
         <input_file_ref idref="fl-8"/>
      </object_component>
      <object_component id="oc-44">
         <name>.debug_info</name>
         <load_address>0x138df</load_address>
         <run_address>0x138df</run_address>
         <size>0x18e</size>
         <input_file_ref idref="fl-9"/>
      </object_component>
      <object_component id="oc-46">
         <name>.debug_info</name>
         <load_address>0x13a6d</load_address>
         <run_address>0x13a6d</run_address>
         <size>0x4b0</size>
         <input_file_ref idref="fl-a"/>
      </object_component>
      <object_component id="oc-4b">
         <name>.debug_info</name>
         <load_address>0x13f1d</load_address>
         <run_address>0x13f1d</run_address>
         <size>0x925</size>
         <input_file_ref idref="fl-b"/>
      </object_component>
      <object_component id="oc-50">
         <name>.debug_info</name>
         <load_address>0x14842</load_address>
         <run_address>0x14842</run_address>
         <size>0x191</size>
         <input_file_ref idref="fl-c"/>
      </object_component>
      <object_component id="oc-52">
         <name>.debug_info</name>
         <load_address>0x149d3</load_address>
         <run_address>0x149d3</run_address>
         <size>0x378</size>
         <input_file_ref idref="fl-d"/>
      </object_component>
      <object_component id="oc-57">
         <name>.debug_info</name>
         <load_address>0x14d4b</load_address>
         <run_address>0x14d4b</run_address>
         <size>0x405</size>
         <input_file_ref idref="fl-e"/>
      </object_component>
      <object_component id="oc-5c">
         <name>.debug_info</name>
         <load_address>0x15150</load_address>
         <run_address>0x15150</run_address>
         <size>0x393</size>
         <input_file_ref idref="fl-f"/>
      </object_component>
      <object_component id="oc-61">
         <name>.debug_info</name>
         <load_address>0x154e3</load_address>
         <run_address>0x154e3</run_address>
         <size>0x40b</size>
         <input_file_ref idref="fl-10"/>
      </object_component>
      <object_component id="oc-66">
         <name>.debug_info</name>
         <load_address>0x158ee</load_address>
         <run_address>0x158ee</run_address>
         <size>0x121c</size>
         <input_file_ref idref="fl-11"/>
      </object_component>
      <object_component id="oc-6b">
         <name>.debug_info</name>
         <load_address>0x16b0a</load_address>
         <run_address>0x16b0a</run_address>
         <size>0x92d</size>
         <input_file_ref idref="fl-12"/>
      </object_component>
      <object_component id="oc-70">
         <name>.debug_info</name>
         <load_address>0x17437</load_address>
         <run_address>0x17437</run_address>
         <size>0x3d3</size>
         <input_file_ref idref="fl-13"/>
      </object_component>
      <object_component id="oc-75">
         <name>.debug_info</name>
         <load_address>0x1780a</load_address>
         <run_address>0x1780a</run_address>
         <size>0x3eb</size>
         <input_file_ref idref="fl-14"/>
      </object_component>
      <object_component id="oc-7a">
         <name>.debug_info</name>
         <load_address>0x17bf5</load_address>
         <run_address>0x17bf5</run_address>
         <size>0x377</size>
         <input_file_ref idref="fl-15"/>
      </object_component>
      <object_component id="oc-7f">
         <name>.debug_info</name>
         <load_address>0x17f6c</load_address>
         <run_address>0x17f6c</run_address>
         <size>0xe97</size>
         <input_file_ref idref="fl-16"/>
      </object_component>
      <object_component id="oc-84">
         <name>.debug_info</name>
         <load_address>0x18e03</load_address>
         <run_address>0x18e03</run_address>
         <size>0x4bc</size>
         <input_file_ref idref="fl-17"/>
      </object_component>
      <object_component id="oc-89">
         <name>.debug_info</name>
         <load_address>0x192bf</load_address>
         <run_address>0x192bf</run_address>
         <size>0x124e</size>
         <input_file_ref idref="fl-18"/>
      </object_component>
      <object_component id="oc-8e">
         <name>.debug_info</name>
         <load_address>0x1a50d</load_address>
         <run_address>0x1a50d</run_address>
         <size>0x18c</size>
         <input_file_ref idref="fl-19"/>
      </object_component>
      <object_component id="oc-90">
         <name>.debug_info</name>
         <load_address>0x1a699</load_address>
         <run_address>0x1a699</run_address>
         <size>0x18c</size>
         <input_file_ref idref="fl-1a"/>
      </object_component>
      <object_component id="oc-92">
         <name>.debug_info</name>
         <load_address>0x1a825</load_address>
         <run_address>0x1a825</run_address>
         <size>0x3a6</size>
         <input_file_ref idref="fl-1b"/>
      </object_component>
      <object_component id="oc-97">
         <name>.debug_info</name>
         <load_address>0x1abcb</load_address>
         <run_address>0x1abcb</run_address>
         <size>0xb76</size>
         <input_file_ref idref="fl-1c"/>
      </object_component>
      <object_component id="oc-9c">
         <name>.debug_info</name>
         <load_address>0x1b741</load_address>
         <run_address>0x1b741</run_address>
         <size>0x527</size>
         <input_file_ref idref="fl-1d"/>
      </object_component>
      <object_component id="oc-a1">
         <name>.debug_info</name>
         <load_address>0x1bc68</load_address>
         <run_address>0x1bc68</run_address>
         <size>0x43a</size>
         <input_file_ref idref="fl-1e"/>
      </object_component>
      <object_component id="oc-a6">
         <name>.debug_info</name>
         <load_address>0x1c0a2</load_address>
         <run_address>0x1c0a2</run_address>
         <size>0x18a</size>
         <input_file_ref idref="fl-1f"/>
      </object_component>
      <object_component id="oc-a8">
         <name>.debug_info</name>
         <load_address>0x1c22c</load_address>
         <run_address>0x1c22c</run_address>
         <size>0x42f</size>
         <input_file_ref idref="fl-20"/>
      </object_component>
      <object_component id="oc-ad">
         <name>.debug_info</name>
         <load_address>0x1c65b</load_address>
         <run_address>0x1c65b</run_address>
         <size>0x11e6</size>
         <input_file_ref idref="fl-21"/>
      </object_component>
      <object_component id="oc-b2">
         <name>.debug_info</name>
         <load_address>0x1d841</load_address>
         <run_address>0x1d841</run_address>
         <size>0x490</size>
         <input_file_ref idref="fl-22"/>
      </object_component>
      <object_component id="oc-b7">
         <name>.debug_info</name>
         <load_address>0x1dcd1</load_address>
         <run_address>0x1dcd1</run_address>
         <size>0x439</size>
         <input_file_ref idref="fl-23"/>
      </object_component>
      <object_component id="oc-bc">
         <name>.debug_info</name>
         <load_address>0x1e10a</load_address>
         <run_address>0x1e10a</run_address>
         <size>0x2672</size>
         <input_file_ref idref="fl-24"/>
      </object_component>
      <object_component id="oc-c2">
         <name>.debug_info</name>
         <load_address>0x2077c</load_address>
         <run_address>0x2077c</run_address>
         <size>0x349</size>
         <input_file_ref idref="fl-25"/>
      </object_component>
      <object_component id="oc-c7">
         <name>.debug_info</name>
         <load_address>0x20ac5</load_address>
         <run_address>0x20ac5</run_address>
         <size>0x1fba</size>
         <input_file_ref idref="fl-26"/>
      </object_component>
      <object_component id="oc-cc">
         <name>.debug_info</name>
         <load_address>0x22a7f</load_address>
         <run_address>0x22a7f</run_address>
         <size>0x5a5</size>
         <input_file_ref idref="fl-27"/>
      </object_component>
      <object_component id="oc-d4">
         <name>.debug_info</name>
         <load_address>0x23024</load_address>
         <run_address>0x23024</run_address>
         <size>0x1340</size>
         <input_file_ref idref="fl-28"/>
      </object_component>
      <object_component id="oc-db">
         <name>.debug_info</name>
         <load_address>0x24364</load_address>
         <run_address>0x24364</run_address>
         <size>0x482</size>
         <input_file_ref idref="fl-29"/>
      </object_component>
      <object_component id="oc-e0">
         <name>.debug_info</name>
         <load_address>0x247e6</load_address>
         <run_address>0x247e6</run_address>
         <size>0xed4</size>
         <input_file_ref idref="fl-2a"/>
      </object_component>
      <object_component id="oc-e8">
         <name>.debug_info</name>
         <load_address>0x256ba</load_address>
         <run_address>0x256ba</run_address>
         <size>0x174</size>
         <input_file_ref idref="fl-42"/>
      </object_component>
      <object_component id="oc-ed">
         <name>.debug_info</name>
         <load_address>0x2582e</load_address>
         <run_address>0x2582e</run_address>
         <size>0x115</size>
         <input_file_ref idref="fl-43"/>
      </object_component>
      <object_component id="oc-f1">
         <name>.debug_info</name>
         <load_address>0x25943</load_address>
         <run_address>0x25943</run_address>
         <size>0x562</size>
         <input_file_ref idref="fl-44"/>
      </object_component>
      <object_component id="oc-f6">
         <name>.debug_info</name>
         <load_address>0x25ea5</load_address>
         <run_address>0x25ea5</run_address>
         <size>0x43b</size>
         <input_file_ref idref="fl-45"/>
      </object_component>
      <object_component id="oc-fb">
         <name>.debug_info</name>
         <load_address>0x262e0</load_address>
         <run_address>0x262e0</run_address>
         <size>0x3ae</size>
         <input_file_ref idref="fl-46"/>
      </object_component>
      <object_component id="oc-100">
         <name>.debug_info</name>
         <load_address>0x2668e</load_address>
         <run_address>0x2668e</run_address>
         <size>0x3ab</size>
         <input_file_ref idref="fl-47"/>
      </object_component>
      <object_component id="oc-105">
         <name>.debug_info</name>
         <load_address>0x26a39</load_address>
         <run_address>0x26a39</run_address>
         <size>0x545</size>
         <input_file_ref idref="fl-48"/>
      </object_component>
      <object_component id="oc-10c">
         <name>.debug_info</name>
         <load_address>0x26f7e</load_address>
         <run_address>0x26f7e</run_address>
         <size>0x4cd</size>
         <input_file_ref idref="fl-49"/>
      </object_component>
      <object_component id="oc-111">
         <name>.debug_info</name>
         <load_address>0x2744b</load_address>
         <run_address>0x2744b</run_address>
         <size>0x468</size>
         <input_file_ref idref="fl-4a"/>
      </object_component>
      <object_component id="oc-116">
         <name>.debug_info</name>
         <load_address>0x278b3</load_address>
         <run_address>0x278b3</run_address>
         <size>0x503</size>
         <input_file_ref idref="fl-4b"/>
      </object_component>
      <object_component id="oc-11b">
         <name>.debug_info</name>
         <load_address>0x27db6</load_address>
         <run_address>0x27db6</run_address>
         <size>0x45e</size>
         <input_file_ref idref="fl-4c"/>
      </object_component>
      <object_component id="oc-122">
         <name>.debug_info</name>
         <load_address>0x28214</load_address>
         <run_address>0x28214</run_address>
         <size>0x4e2</size>
         <input_file_ref idref="fl-4d"/>
      </object_component>
      <object_component id="oc-16c">
         <name>.debug_info</name>
         <load_address>0x286f6</load_address>
         <run_address>0x286f6</run_address>
         <size>0xa6</size>
      </object_component>
      <object_component id="oc-1d">
         <name>.debug_frame</name>
         <load_address>0x0</load_address>
         <run_address>0x0</run_address>
         <size>0xe4</size>
         <input_file_ref idref="fl-2"/>
      </object_component>
      <object_component id="oc-26">
         <name>.debug_frame</name>
         <load_address>0xe4</load_address>
         <run_address>0xe4</run_address>
         <size>0x104</size>
         <input_file_ref idref="fl-3"/>
      </object_component>
      <object_component id="oc-2b">
         <name>.debug_frame</name>
         <load_address>0x1e8</load_address>
         <run_address>0x1e8</run_address>
         <size>0x204</size>
         <input_file_ref idref="fl-4"/>
      </object_component>
      <object_component id="oc-30">
         <name>.debug_frame</name>
         <load_address>0x3ec</load_address>
         <run_address>0x3ec</run_address>
         <size>0x9c</size>
         <input_file_ref idref="fl-5"/>
      </object_component>
      <object_component id="oc-37">
         <name>.debug_frame</name>
         <load_address>0x488</load_address>
         <run_address>0x488</run_address>
         <size>0x16c</size>
         <input_file_ref idref="fl-6"/>
      </object_component>
      <object_component id="oc-40">
         <name>.debug_frame</name>
         <load_address>0x5f4</load_address>
         <run_address>0x5f4</run_address>
         <size>0x28</size>
         <input_file_ref idref="fl-8"/>
      </object_component>
      <object_component id="oc-47">
         <name>.debug_frame</name>
         <load_address>0x61c</load_address>
         <run_address>0x61c</run_address>
         <size>0x28</size>
         <input_file_ref idref="fl-a"/>
      </object_component>
      <object_component id="oc-4c">
         <name>.debug_frame</name>
         <load_address>0x644</load_address>
         <run_address>0x644</run_address>
         <size>0x28</size>
         <input_file_ref idref="fl-b"/>
      </object_component>
      <object_component id="oc-53">
         <name>.debug_frame</name>
         <load_address>0x66c</load_address>
         <run_address>0x66c</run_address>
         <size>0x28</size>
         <input_file_ref idref="fl-d"/>
      </object_component>
      <object_component id="oc-58">
         <name>.debug_frame</name>
         <load_address>0x694</load_address>
         <run_address>0x694</run_address>
         <size>0x28</size>
         <input_file_ref idref="fl-e"/>
      </object_component>
      <object_component id="oc-5d">
         <name>.debug_frame</name>
         <load_address>0x6bc</load_address>
         <run_address>0x6bc</run_address>
         <size>0x28</size>
         <input_file_ref idref="fl-f"/>
      </object_component>
      <object_component id="oc-62">
         <name>.debug_frame</name>
         <load_address>0x6e4</load_address>
         <run_address>0x6e4</run_address>
         <size>0x28</size>
         <input_file_ref idref="fl-10"/>
      </object_component>
      <object_component id="oc-67">
         <name>.debug_frame</name>
         <load_address>0x70c</load_address>
         <run_address>0x70c</run_address>
         <size>0x140</size>
         <input_file_ref idref="fl-11"/>
      </object_component>
      <object_component id="oc-6c">
         <name>.debug_frame</name>
         <load_address>0x84c</load_address>
         <run_address>0x84c</run_address>
         <size>0x28</size>
         <input_file_ref idref="fl-12"/>
      </object_component>
      <object_component id="oc-71">
         <name>.debug_frame</name>
         <load_address>0x874</load_address>
         <run_address>0x874</run_address>
         <size>0x28</size>
         <input_file_ref idref="fl-13"/>
      </object_component>
      <object_component id="oc-76">
         <name>.debug_frame</name>
         <load_address>0x89c</load_address>
         <run_address>0x89c</run_address>
         <size>0x28</size>
         <input_file_ref idref="fl-14"/>
      </object_component>
      <object_component id="oc-7b">
         <name>.debug_frame</name>
         <load_address>0x8c4</load_address>
         <run_address>0x8c4</run_address>
         <size>0x28</size>
         <input_file_ref idref="fl-15"/>
      </object_component>
      <object_component id="oc-80">
         <name>.debug_frame</name>
         <load_address>0x8ec</load_address>
         <run_address>0x8ec</run_address>
         <size>0x15c</size>
         <input_file_ref idref="fl-16"/>
      </object_component>
      <object_component id="oc-85">
         <name>.debug_frame</name>
         <load_address>0xa48</load_address>
         <run_address>0xa48</run_address>
         <size>0x28</size>
         <input_file_ref idref="fl-17"/>
      </object_component>
      <object_component id="oc-8a">
         <name>.debug_frame</name>
         <load_address>0xa70</load_address>
         <run_address>0xa70</run_address>
         <size>0x178</size>
         <input_file_ref idref="fl-18"/>
      </object_component>
      <object_component id="oc-93">
         <name>.debug_frame</name>
         <load_address>0xbe8</load_address>
         <run_address>0xbe8</run_address>
         <size>0x28</size>
         <input_file_ref idref="fl-1b"/>
      </object_component>
      <object_component id="oc-98">
         <name>.debug_frame</name>
         <load_address>0xc10</load_address>
         <run_address>0xc10</run_address>
         <size>0x128</size>
         <input_file_ref idref="fl-1c"/>
      </object_component>
      <object_component id="oc-9d">
         <name>.debug_frame</name>
         <load_address>0xd38</load_address>
         <run_address>0xd38</run_address>
         <size>0x28</size>
         <input_file_ref idref="fl-1d"/>
      </object_component>
      <object_component id="oc-a2">
         <name>.debug_frame</name>
         <load_address>0xd60</load_address>
         <run_address>0xd60</run_address>
         <size>0x28</size>
         <input_file_ref idref="fl-1e"/>
      </object_component>
      <object_component id="oc-a9">
         <name>.debug_frame</name>
         <load_address>0xd88</load_address>
         <run_address>0xd88</run_address>
         <size>0x28</size>
         <input_file_ref idref="fl-20"/>
      </object_component>
      <object_component id="oc-ae">
         <name>.debug_frame</name>
         <load_address>0xdb0</load_address>
         <run_address>0xdb0</run_address>
         <size>0x1cc</size>
         <input_file_ref idref="fl-21"/>
      </object_component>
      <object_component id="oc-b3">
         <name>.debug_frame</name>
         <load_address>0xf7c</load_address>
         <run_address>0xf7c</run_address>
         <size>0x28</size>
         <input_file_ref idref="fl-22"/>
      </object_component>
      <object_component id="oc-b8">
         <name>.debug_frame</name>
         <load_address>0xfa4</load_address>
         <run_address>0xfa4</run_address>
         <size>0x28</size>
         <input_file_ref idref="fl-23"/>
      </object_component>
      <object_component id="oc-be">
         <name>.debug_frame</name>
         <load_address>0xfcc</load_address>
         <run_address>0xfcc</run_address>
         <size>0x2b8</size>
         <input_file_ref idref="fl-24"/>
      </object_component>
      <object_component id="oc-c3">
         <name>.debug_frame</name>
         <load_address>0x1284</load_address>
         <run_address>0x1284</run_address>
         <size>0x28</size>
         <input_file_ref idref="fl-25"/>
      </object_component>
      <object_component id="oc-c8">
         <name>.debug_frame</name>
         <load_address>0x12ac</load_address>
         <run_address>0x12ac</run_address>
         <size>0x28</size>
         <input_file_ref idref="fl-26"/>
      </object_component>
      <object_component id="oc-d0">
         <name>.debug_frame</name>
         <load_address>0x12d4</load_address>
         <run_address>0x12d4</run_address>
         <size>0x60</size>
         <input_file_ref idref="fl-27"/>
      </object_component>
      <object_component id="oc-d7">
         <name>.debug_frame</name>
         <load_address>0x1334</load_address>
         <run_address>0x1334</run_address>
         <size>0x1b0</size>
         <input_file_ref idref="fl-28"/>
      </object_component>
      <object_component id="oc-dc">
         <name>.debug_frame</name>
         <load_address>0x14e4</load_address>
         <run_address>0x14e4</run_address>
         <size>0x44</size>
         <input_file_ref idref="fl-29"/>
      </object_component>
      <object_component id="oc-e1">
         <name>.debug_frame</name>
         <load_address>0x1528</load_address>
         <run_address>0x1528</run_address>
         <size>0x124</size>
         <input_file_ref idref="fl-2a"/>
      </object_component>
      <object_component id="oc-f2">
         <name>.debug_frame</name>
         <load_address>0x164c</load_address>
         <run_address>0x164c</run_address>
         <size>0x60</size>
         <input_file_ref idref="fl-44"/>
      </object_component>
      <object_component id="oc-f7">
         <name>.debug_frame</name>
         <load_address>0x16ac</load_address>
         <run_address>0x16ac</run_address>
         <size>0x40</size>
         <input_file_ref idref="fl-45"/>
      </object_component>
      <object_component id="oc-fc">
         <name>.debug_frame</name>
         <load_address>0x16ec</load_address>
         <run_address>0x16ec</run_address>
         <size>0x40</size>
         <input_file_ref idref="fl-46"/>
      </object_component>
      <object_component id="oc-101">
         <name>.debug_frame</name>
         <load_address>0x172c</load_address>
         <run_address>0x172c</run_address>
         <size>0x40</size>
         <input_file_ref idref="fl-47"/>
      </object_component>
      <object_component id="oc-108">
         <name>.debug_frame</name>
         <load_address>0x176c</load_address>
         <run_address>0x176c</run_address>
         <size>0x60</size>
         <input_file_ref idref="fl-48"/>
      </object_component>
      <object_component id="oc-10d">
         <name>.debug_frame</name>
         <load_address>0x17cc</load_address>
         <run_address>0x17cc</run_address>
         <size>0x70</size>
         <input_file_ref idref="fl-49"/>
      </object_component>
      <object_component id="oc-112">
         <name>.debug_frame</name>
         <load_address>0x183c</load_address>
         <run_address>0x183c</run_address>
         <size>0x40</size>
         <input_file_ref idref="fl-4a"/>
      </object_component>
      <object_component id="oc-117">
         <name>.debug_frame</name>
         <load_address>0x187c</load_address>
         <run_address>0x187c</run_address>
         <size>0x40</size>
         <input_file_ref idref="fl-4b"/>
      </object_component>
      <object_component id="oc-11e">
         <name>.debug_frame</name>
         <load_address>0x18bc</load_address>
         <run_address>0x18bc</run_address>
         <size>0x64</size>
         <input_file_ref idref="fl-4c"/>
      </object_component>
      <object_component id="oc-123">
         <name>.debug_frame</name>
         <load_address>0x1920</load_address>
         <run_address>0x1920</run_address>
         <size>0x40</size>
         <input_file_ref idref="fl-4d"/>
      </object_component>
      <object_component id="oc-1e">
         <name>.debug_line</name>
         <load_address>0x0</load_address>
         <run_address>0x0</run_address>
         <size>0x3f8</size>
         <input_file_ref idref="fl-2"/>
      </object_component>
      <object_component id="oc-27">
         <name>.debug_line</name>
         <load_address>0x3f8</load_address>
         <run_address>0x3f8</run_address>
         <size>0x2ce</size>
         <input_file_ref idref="fl-3"/>
      </object_component>
      <object_component id="oc-2c">
         <name>.debug_line</name>
         <load_address>0x6c6</load_address>
         <run_address>0x6c6</run_address>
         <size>0x391</size>
         <input_file_ref idref="fl-4"/>
      </object_component>
      <object_component id="oc-31">
         <name>.debug_line</name>
         <load_address>0xa57</load_address>
         <run_address>0xa57</run_address>
         <size>0x15f</size>
         <input_file_ref idref="fl-5"/>
      </object_component>
      <object_component id="oc-38">
         <name>.debug_line</name>
         <load_address>0xbb6</load_address>
         <run_address>0xbb6</run_address>
         <size>0x29a</size>
         <input_file_ref idref="fl-6"/>
      </object_component>
      <object_component id="oc-3b">
         <name>.debug_line</name>
         <load_address>0xe50</load_address>
         <run_address>0xe50</run_address>
         <size>0x54</size>
         <input_file_ref idref="fl-7"/>
      </object_component>
      <object_component id="oc-41">
         <name>.debug_line</name>
         <load_address>0xea4</load_address>
         <run_address>0xea4</run_address>
         <size>0x3a</size>
         <input_file_ref idref="fl-8"/>
      </object_component>
      <object_component id="oc-48">
         <name>.debug_line</name>
         <load_address>0xede</load_address>
         <run_address>0xede</run_address>
         <size>0x57</size>
         <input_file_ref idref="fl-a"/>
      </object_component>
      <object_component id="oc-4d">
         <name>.debug_line</name>
         <load_address>0xf35</load_address>
         <run_address>0xf35</run_address>
         <size>0x3a</size>
         <input_file_ref idref="fl-b"/>
      </object_component>
      <object_component id="oc-54">
         <name>.debug_line</name>
         <load_address>0xf6f</load_address>
         <run_address>0xf6f</run_address>
         <size>0x3c</size>
         <input_file_ref idref="fl-d"/>
      </object_component>
      <object_component id="oc-59">
         <name>.debug_line</name>
         <load_address>0xfab</load_address>
         <run_address>0xfab</run_address>
         <size>0x3f</size>
         <input_file_ref idref="fl-e"/>
      </object_component>
      <object_component id="oc-5e">
         <name>.debug_line</name>
         <load_address>0xfea</load_address>
         <run_address>0xfea</run_address>
         <size>0x3a</size>
         <input_file_ref idref="fl-f"/>
      </object_component>
      <object_component id="oc-63">
         <name>.debug_line</name>
         <load_address>0x1024</load_address>
         <run_address>0x1024</run_address>
         <size>0x3a</size>
         <input_file_ref idref="fl-10"/>
      </object_component>
      <object_component id="oc-68">
         <name>.debug_line</name>
         <load_address>0x105e</load_address>
         <run_address>0x105e</run_address>
         <size>0x21f</size>
         <input_file_ref idref="fl-11"/>
      </object_component>
      <object_component id="oc-6d">
         <name>.debug_line</name>
         <load_address>0x127d</load_address>
         <run_address>0x127d</run_address>
         <size>0x3a</size>
         <input_file_ref idref="fl-12"/>
      </object_component>
      <object_component id="oc-72">
         <name>.debug_line</name>
         <load_address>0x12b7</load_address>
         <run_address>0x12b7</run_address>
         <size>0x3b</size>
         <input_file_ref idref="fl-13"/>
      </object_component>
      <object_component id="oc-77">
         <name>.debug_line</name>
         <load_address>0x12f2</load_address>
         <run_address>0x12f2</run_address>
         <size>0x3b</size>
         <input_file_ref idref="fl-14"/>
      </object_component>
      <object_component id="oc-7c">
         <name>.debug_line</name>
         <load_address>0x132d</load_address>
         <run_address>0x132d</run_address>
         <size>0x3b</size>
         <input_file_ref idref="fl-15"/>
      </object_component>
      <object_component id="oc-81">
         <name>.debug_line</name>
         <load_address>0x1368</load_address>
         <run_address>0x1368</run_address>
         <size>0x195</size>
         <input_file_ref idref="fl-16"/>
      </object_component>
      <object_component id="oc-86">
         <name>.debug_line</name>
         <load_address>0x14fd</load_address>
         <run_address>0x14fd</run_address>
         <size>0x57</size>
         <input_file_ref idref="fl-17"/>
      </object_component>
      <object_component id="oc-8b">
         <name>.debug_line</name>
         <load_address>0x1554</load_address>
         <run_address>0x1554</run_address>
         <size>0x268</size>
         <input_file_ref idref="fl-18"/>
      </object_component>
      <object_component id="oc-94">
         <name>.debug_line</name>
         <load_address>0x17bc</load_address>
         <run_address>0x17bc</run_address>
         <size>0x3a</size>
         <input_file_ref idref="fl-1b"/>
      </object_component>
      <object_component id="oc-99">
         <name>.debug_line</name>
         <load_address>0x17f6</load_address>
         <run_address>0x17f6</run_address>
         <size>0x205</size>
         <input_file_ref idref="fl-1c"/>
      </object_component>
      <object_component id="oc-9e">
         <name>.debug_line</name>
         <load_address>0x19fb</load_address>
         <run_address>0x19fb</run_address>
         <size>0x57</size>
         <input_file_ref idref="fl-1d"/>
      </object_component>
      <object_component id="oc-a3">
         <name>.debug_line</name>
         <load_address>0x1a52</load_address>
         <run_address>0x1a52</run_address>
         <size>0x3d</size>
         <input_file_ref idref="fl-1e"/>
      </object_component>
      <object_component id="oc-aa">
         <name>.debug_line</name>
         <load_address>0x1a8f</load_address>
         <run_address>0x1a8f</run_address>
         <size>0x3c</size>
         <input_file_ref idref="fl-20"/>
      </object_component>
      <object_component id="oc-af">
         <name>.debug_line</name>
         <load_address>0x1acb</load_address>
         <run_address>0x1acb</run_address>
         <size>0x2c0</size>
         <input_file_ref idref="fl-21"/>
      </object_component>
      <object_component id="oc-b4">
         <name>.debug_line</name>
         <load_address>0x1d8b</load_address>
         <run_address>0x1d8b</run_address>
         <size>0x59</size>
         <input_file_ref idref="fl-22"/>
      </object_component>
      <object_component id="oc-b9">
         <name>.debug_line</name>
         <load_address>0x1de4</load_address>
         <run_address>0x1de4</run_address>
         <size>0x3a</size>
         <input_file_ref idref="fl-23"/>
      </object_component>
      <object_component id="oc-bf">
         <name>.debug_line</name>
         <load_address>0x1e1e</load_address>
         <run_address>0x1e1e</run_address>
         <size>0x525</size>
         <input_file_ref idref="fl-24"/>
      </object_component>
      <object_component id="oc-c4">
         <name>.debug_line</name>
         <load_address>0x2343</load_address>
         <run_address>0x2343</run_address>
         <size>0x3e</size>
         <input_file_ref idref="fl-25"/>
      </object_component>
      <object_component id="oc-c9">
         <name>.debug_line</name>
         <load_address>0x2381</load_address>
         <run_address>0x2381</run_address>
         <size>0x3b</size>
         <input_file_ref idref="fl-26"/>
      </object_component>
      <object_component id="oc-d1">
         <name>.debug_line</name>
         <load_address>0x23bc</load_address>
         <run_address>0x23bc</run_address>
         <size>0x8f</size>
         <input_file_ref idref="fl-27"/>
      </object_component>
      <object_component id="oc-d8">
         <name>.debug_line</name>
         <load_address>0x244b</load_address>
         <run_address>0x244b</run_address>
         <size>0x488</size>
         <input_file_ref idref="fl-28"/>
      </object_component>
      <object_component id="oc-dd">
         <name>.debug_line</name>
         <load_address>0x28d3</load_address>
         <run_address>0x28d3</run_address>
         <size>0x60</size>
         <input_file_ref idref="fl-29"/>
      </object_component>
      <object_component id="oc-e2">
         <name>.debug_line</name>
         <load_address>0x2933</load_address>
         <run_address>0x2933</run_address>
         <size>0x276</size>
         <input_file_ref idref="fl-2a"/>
      </object_component>
      <object_component id="oc-e9">
         <name>.debug_line</name>
         <load_address>0x2ba9</load_address>
         <run_address>0x2ba9</run_address>
         <size>0x7e</size>
         <input_file_ref idref="fl-42"/>
      </object_component>
      <object_component id="oc-ee">
         <name>.debug_line</name>
         <load_address>0x2c27</load_address>
         <run_address>0x2c27</run_address>
         <size>0xad</size>
         <input_file_ref idref="fl-43"/>
      </object_component>
      <object_component id="oc-f3">
         <name>.debug_line</name>
         <load_address>0x2cd4</load_address>
         <run_address>0x2cd4</run_address>
         <size>0x50</size>
         <input_file_ref idref="fl-44"/>
      </object_component>
      <object_component id="oc-f8">
         <name>.debug_line</name>
         <load_address>0x2d24</load_address>
         <run_address>0x2d24</run_address>
         <size>0x62</size>
         <input_file_ref idref="fl-45"/>
      </object_component>
      <object_component id="oc-fd">
         <name>.debug_line</name>
         <load_address>0x2d86</load_address>
         <run_address>0x2d86</run_address>
         <size>0x3e</size>
         <input_file_ref idref="fl-46"/>
      </object_component>
      <object_component id="oc-102">
         <name>.debug_line</name>
         <load_address>0x2dc4</load_address>
         <run_address>0x2dc4</run_address>
         <size>0x3a</size>
         <input_file_ref idref="fl-47"/>
      </object_component>
      <object_component id="oc-109">
         <name>.debug_line</name>
         <load_address>0x2dfe</load_address>
         <run_address>0x2dfe</run_address>
         <size>0x65</size>
         <input_file_ref idref="fl-48"/>
      </object_component>
      <object_component id="oc-10e">
         <name>.debug_line</name>
         <load_address>0x2e63</load_address>
         <run_address>0x2e63</run_address>
         <size>0x5e</size>
         <input_file_ref idref="fl-49"/>
      </object_component>
      <object_component id="oc-113">
         <name>.debug_line</name>
         <load_address>0x2ec1</load_address>
         <run_address>0x2ec1</run_address>
         <size>0x55</size>
         <input_file_ref idref="fl-4a"/>
      </object_component>
      <object_component id="oc-118">
         <name>.debug_line</name>
         <load_address>0x2f16</load_address>
         <run_address>0x2f16</run_address>
         <size>0xb1</size>
         <input_file_ref idref="fl-4b"/>
      </object_component>
      <object_component id="oc-11f">
         <name>.debug_line</name>
         <load_address>0x2fc7</load_address>
         <run_address>0x2fc7</run_address>
         <size>0x61</size>
         <input_file_ref idref="fl-4c"/>
      </object_component>
      <object_component id="oc-124">
         <name>.debug_line</name>
         <load_address>0x3028</load_address>
         <run_address>0x3028</run_address>
         <size>0xaf</size>
         <input_file_ref idref="fl-4d"/>
      </object_component>
      <object_component id="oc-1f">
         <name>.debug_abbrev</name>
         <load_address>0x0</load_address>
         <run_address>0x0</run_address>
         <size>0x1f2</size>
         <input_file_ref idref="fl-2"/>
      </object_component>
      <object_component id="oc-28">
         <name>.debug_abbrev</name>
         <load_address>0x1f2</load_address>
         <run_address>0x1f2</run_address>
         <size>0x26a</size>
         <input_file_ref idref="fl-3"/>
      </object_component>
      <object_component id="oc-2d">
         <name>.debug_abbrev</name>
         <load_address>0x45c</load_address>
         <run_address>0x45c</run_address>
         <size>0x1b5</size>
         <input_file_ref idref="fl-4"/>
      </object_component>
      <object_component id="oc-32">
         <name>.debug_abbrev</name>
         <load_address>0x611</load_address>
         <run_address>0x611</run_address>
         <size>0x117</size>
         <input_file_ref idref="fl-5"/>
      </object_component>
      <object_component id="oc-39">
         <name>.debug_abbrev</name>
         <load_address>0x728</load_address>
         <run_address>0x728</run_address>
         <size>0x178</size>
         <input_file_ref idref="fl-6"/>
      </object_component>
      <object_component id="oc-3d">
         <name>.debug_abbrev</name>
         <load_address>0x8a0</load_address>
         <run_address>0x8a0</run_address>
         <size>0x21</size>
         <input_file_ref idref="fl-7"/>
      </object_component>
      <object_component id="oc-42">
         <name>.debug_abbrev</name>
         <load_address>0x8c1</load_address>
         <run_address>0x8c1</run_address>
         <size>0xa5</size>
         <input_file_ref idref="fl-8"/>
      </object_component>
      <object_component id="oc-45">
         <name>.debug_abbrev</name>
         <load_address>0x966</load_address>
         <run_address>0x966</run_address>
         <size>0x21</size>
         <input_file_ref idref="fl-9"/>
      </object_component>
      <object_component id="oc-49">
         <name>.debug_abbrev</name>
         <load_address>0x987</load_address>
         <run_address>0x987</run_address>
         <size>0x176</size>
         <input_file_ref idref="fl-a"/>
      </object_component>
      <object_component id="oc-4e">
         <name>.debug_abbrev</name>
         <load_address>0xafd</load_address>
         <run_address>0xafd</run_address>
         <size>0x9c</size>
         <input_file_ref idref="fl-b"/>
      </object_component>
      <object_component id="oc-51">
         <name>.debug_abbrev</name>
         <load_address>0xb99</load_address>
         <run_address>0xb99</run_address>
         <size>0x21</size>
         <input_file_ref idref="fl-c"/>
      </object_component>
      <object_component id="oc-55">
         <name>.debug_abbrev</name>
         <load_address>0xbba</load_address>
         <run_address>0xbba</run_address>
         <size>0x8a</size>
         <input_file_ref idref="fl-d"/>
      </object_component>
      <object_component id="oc-5a">
         <name>.debug_abbrev</name>
         <load_address>0xc44</load_address>
         <run_address>0xc44</run_address>
         <size>0xa5</size>
         <input_file_ref idref="fl-e"/>
      </object_component>
      <object_component id="oc-5f">
         <name>.debug_abbrev</name>
         <load_address>0xce9</load_address>
         <run_address>0xce9</run_address>
         <size>0x98</size>
         <input_file_ref idref="fl-f"/>
      </object_component>
      <object_component id="oc-64">
         <name>.debug_abbrev</name>
         <load_address>0xd81</load_address>
         <run_address>0xd81</run_address>
         <size>0x9e</size>
         <input_file_ref idref="fl-10"/>
      </object_component>
      <object_component id="oc-69">
         <name>.debug_abbrev</name>
         <load_address>0xe1f</load_address>
         <run_address>0xe1f</run_address>
         <size>0x17e</size>
         <input_file_ref idref="fl-11"/>
      </object_component>
      <object_component id="oc-6e">
         <name>.debug_abbrev</name>
         <load_address>0xf9d</load_address>
         <run_address>0xf9d</run_address>
         <size>0xdc</size>
         <input_file_ref idref="fl-12"/>
      </object_component>
      <object_component id="oc-73">
         <name>.debug_abbrev</name>
         <load_address>0x1079</load_address>
         <run_address>0x1079</run_address>
         <size>0x9c</size>
         <input_file_ref idref="fl-13"/>
      </object_component>
      <object_component id="oc-78">
         <name>.debug_abbrev</name>
         <load_address>0x1115</load_address>
         <run_address>0x1115</run_address>
         <size>0x9c</size>
         <input_file_ref idref="fl-14"/>
      </object_component>
      <object_component id="oc-7d">
         <name>.debug_abbrev</name>
         <load_address>0x11b1</load_address>
         <run_address>0x11b1</run_address>
         <size>0x8a</size>
         <input_file_ref idref="fl-15"/>
      </object_component>
      <object_component id="oc-82">
         <name>.debug_abbrev</name>
         <load_address>0x123b</load_address>
         <run_address>0x123b</run_address>
         <size>0xf4</size>
         <input_file_ref idref="fl-16"/>
      </object_component>
      <object_component id="oc-87">
         <name>.debug_abbrev</name>
         <load_address>0x132f</load_address>
         <run_address>0x132f</run_address>
         <size>0x15b</size>
         <input_file_ref idref="fl-17"/>
      </object_component>
      <object_component id="oc-8c">
         <name>.debug_abbrev</name>
         <load_address>0x148a</load_address>
         <run_address>0x148a</run_address>
         <size>0x18a</size>
         <input_file_ref idref="fl-18"/>
      </object_component>
      <object_component id="oc-8f">
         <name>.debug_abbrev</name>
         <load_address>0x1614</load_address>
         <run_address>0x1614</run_address>
         <size>0x21</size>
         <input_file_ref idref="fl-19"/>
      </object_component>
      <object_component id="oc-91">
         <name>.debug_abbrev</name>
         <load_address>0x1635</load_address>
         <run_address>0x1635</run_address>
         <size>0x21</size>
         <input_file_ref idref="fl-1a"/>
      </object_component>
      <object_component id="oc-95">
         <name>.debug_abbrev</name>
         <load_address>0x1656</load_address>
         <run_address>0x1656</run_address>
         <size>0xc5</size>
         <input_file_ref idref="fl-1b"/>
      </object_component>
      <object_component id="oc-9a">
         <name>.debug_abbrev</name>
         <load_address>0x171b</load_address>
         <run_address>0x171b</run_address>
         <size>0x17c</size>
         <input_file_ref idref="fl-1c"/>
      </object_component>
      <object_component id="oc-9f">
         <name>.debug_abbrev</name>
         <load_address>0x1897</load_address>
         <run_address>0x1897</run_address>
         <size>0xe8</size>
         <input_file_ref idref="fl-1d"/>
      </object_component>
      <object_component id="oc-a4">
         <name>.debug_abbrev</name>
         <load_address>0x197f</load_address>
         <run_address>0x197f</run_address>
         <size>0x113</size>
         <input_file_ref idref="fl-1e"/>
      </object_component>
      <object_component id="oc-a7">
         <name>.debug_abbrev</name>
         <load_address>0x1a92</load_address>
         <run_address>0x1a92</run_address>
         <size>0x21</size>
         <input_file_ref idref="fl-1f"/>
      </object_component>
      <object_component id="oc-ab">
         <name>.debug_abbrev</name>
         <load_address>0x1ab3</load_address>
         <run_address>0x1ab3</run_address>
         <size>0x187</size>
         <input_file_ref idref="fl-20"/>
      </object_component>
      <object_component id="oc-b0">
         <name>.debug_abbrev</name>
         <load_address>0x1c3a</load_address>
         <run_address>0x1c3a</run_address>
         <size>0x15f</size>
         <input_file_ref idref="fl-21"/>
      </object_component>
      <object_component id="oc-b5">
         <name>.debug_abbrev</name>
         <load_address>0x1d99</load_address>
         <run_address>0x1d99</run_address>
         <size>0xf6</size>
         <input_file_ref idref="fl-22"/>
      </object_component>
      <object_component id="oc-ba">
         <name>.debug_abbrev</name>
         <load_address>0x1e8f</load_address>
         <run_address>0x1e8f</run_address>
         <size>0xec</size>
         <input_file_ref idref="fl-23"/>
      </object_component>
      <object_component id="oc-c0">
         <name>.debug_abbrev</name>
         <load_address>0x1f7b</load_address>
         <run_address>0x1f7b</run_address>
         <size>0x1db</size>
         <input_file_ref idref="fl-24"/>
      </object_component>
      <object_component id="oc-c5">
         <name>.debug_abbrev</name>
         <load_address>0x2156</load_address>
         <run_address>0x2156</run_address>
         <size>0x70</size>
         <input_file_ref idref="fl-25"/>
      </object_component>
      <object_component id="oc-ca">
         <name>.debug_abbrev</name>
         <load_address>0x21c6</load_address>
         <run_address>0x21c6</run_address>
         <size>0xce</size>
         <input_file_ref idref="fl-26"/>
      </object_component>
      <object_component id="oc-d2">
         <name>.debug_abbrev</name>
         <load_address>0x2294</load_address>
         <run_address>0x2294</run_address>
         <size>0xf7</size>
         <input_file_ref idref="fl-27"/>
      </object_component>
      <object_component id="oc-d9">
         <name>.debug_abbrev</name>
         <load_address>0x238b</load_address>
         <run_address>0x238b</run_address>
         <size>0x1ab</size>
         <input_file_ref idref="fl-28"/>
      </object_component>
      <object_component id="oc-de">
         <name>.debug_abbrev</name>
         <load_address>0x2536</load_address>
         <run_address>0x2536</run_address>
         <size>0xb9</size>
         <input_file_ref idref="fl-29"/>
      </object_component>
      <object_component id="oc-e3">
         <name>.debug_abbrev</name>
         <load_address>0x25ef</load_address>
         <run_address>0x25ef</run_address>
         <size>0x1b6</size>
         <input_file_ref idref="fl-2a"/>
      </object_component>
      <object_component id="oc-ea">
         <name>.debug_abbrev</name>
         <load_address>0x27a5</load_address>
         <run_address>0x27a5</run_address>
         <size>0x46</size>
         <input_file_ref idref="fl-42"/>
      </object_component>
      <object_component id="oc-ef">
         <name>.debug_abbrev</name>
         <load_address>0x27eb</load_address>
         <run_address>0x27eb</run_address>
         <size>0x38</size>
         <input_file_ref idref="fl-43"/>
      </object_component>
      <object_component id="oc-f4">
         <name>.debug_abbrev</name>
         <load_address>0x2823</load_address>
         <run_address>0x2823</run_address>
         <size>0xe3</size>
         <input_file_ref idref="fl-44"/>
      </object_component>
      <object_component id="oc-f9">
         <name>.debug_abbrev</name>
         <load_address>0x2906</load_address>
         <run_address>0x2906</run_address>
         <size>0xa8</size>
         <input_file_ref idref="fl-45"/>
      </object_component>
      <object_component id="oc-fe">
         <name>.debug_abbrev</name>
         <load_address>0x29ae</load_address>
         <run_address>0x29ae</run_address>
         <size>0x68</size>
         <input_file_ref idref="fl-46"/>
      </object_component>
      <object_component id="oc-103">
         <name>.debug_abbrev</name>
         <load_address>0x2a16</load_address>
         <run_address>0x2a16</run_address>
         <size>0x66</size>
         <input_file_ref idref="fl-47"/>
      </object_component>
      <object_component id="oc-10a">
         <name>.debug_abbrev</name>
         <load_address>0x2a7c</load_address>
         <run_address>0x2a7c</run_address>
         <size>0x130</size>
         <input_file_ref idref="fl-48"/>
      </object_component>
      <object_component id="oc-10f">
         <name>.debug_abbrev</name>
         <load_address>0x2bac</load_address>
         <run_address>0x2bac</run_address>
         <size>0xb2</size>
         <input_file_ref idref="fl-49"/>
      </object_component>
      <object_component id="oc-114">
         <name>.debug_abbrev</name>
         <load_address>0x2c5e</load_address>
         <run_address>0x2c5e</run_address>
         <size>0xee</size>
         <input_file_ref idref="fl-4a"/>
      </object_component>
      <object_component id="oc-119">
         <name>.debug_abbrev</name>
         <load_address>0x2d4c</load_address>
         <run_address>0x2d4c</run_address>
         <size>0xa8</size>
         <input_file_ref idref="fl-4b"/>
      </object_component>
      <object_component id="oc-120">
         <name>.debug_abbrev</name>
         <load_address>0x2df4</load_address>
         <run_address>0x2df4</run_address>
         <size>0xed</size>
         <input_file_ref idref="fl-4c"/>
      </object_component>
      <object_component id="oc-125">
[...]
         <object_component_ref idref="oc-139"/>
      </symbol>
      <symbol id="sm-9c">
         <name>_Write_Flash</name>
         <value>0x8080</value>
         <object_component_ref idref="oc-139"/>
      </symbol>
      <symbol id="sm-9d">
         <name>_fmstatFail</name>
         <value>0x8000</value>
         <object_component_ref idref="oc-139"/>
      </symbol>
      <symbol id="sm-9e">
         <name>_getWordData</name>
         <value>0x1345a</value>
         <object_component_ref idref="oc-1b"/>
      </symbol>
      <symbol id="sm-9f">
         <name>_BlockHeader</name>
         <value>0x1345c</value>
         <object_component_ref idref="oc-1b"/>
      </symbol>
      <symbol id="sm-a0">
         <name>_secAddress</name>
         <value>0xaa66</value>
         <object_component_ref idref="oc-147"/>
      </symbol>
      <symbol id="sm-a1">
         <name>_Buffer32</name>
         <value>0x13458</value>
         <object_component_ref idref="oc-1b"/>
      </symbol>
      <symbol id="sm-a2">
         <name>_getLongData</name>
         <value>0x8405</value>
         <object_component_ref idref="oc-139"/>
      </symbol>
      <symbol id="sm-a3">
         <name>_BUFF</name>
         <value>0x1346c</value>
         <object_component_ref idref="oc-127"/>
      </symbol>
      <symbol id="sm-a4">
         <name>_Erase_FlashSector</name>
         <value>0x803b</value>
         <object_component_ref idref="oc-139"/>
      </symbol>
      <symbol id="sm-f5">
         <name>_main</name>
         <value>0x8fac</value>
         <object_component_ref idref="oc-130"/>
      </symbol>
      <symbol id="sm-f6">
         <name>_getBlockHeader</name>
         <value>0x91fb</value>
         <object_component_ref idref="oc-130"/>
      </symbol>
      <symbol id="sm-f7">
         <name>_initFlashSectors</name>
         <value>0x91d9</value>
         <object_component_ref idref="oc-130"/>
      </symbol>
      <symbol id="sm-f8">
         <name>_pCode</name>
         <value>0x13460</value>
         <object_component_ref idref="oc-23"/>
      </symbol>
      <symbol id="sm-f9">
         <name>_bytecnts</name>
         <value>0x13464</value>
         <object_component_ref idref="oc-23"/>
      </symbol>
      <symbol id="sm-fa">
         <name>_dencryptCode</name>
         <value>0xc000</value>
         <object_component_ref idref="oc-24"/>
      </symbol>
      <symbol id="sm-fb">
         <name>_sciaGetWordData</name>
         <value>0x8fa7</value>
         <object_component_ref idref="oc-130"/>
      </symbol>
      <symbol id="sm-fc">
         <name>_exampleError</name>
         <value>0x91f0</value>
         <object_component_ref idref="oc-130"/>
      </symbol>
      <symbol id="sm-fd">
         <name>_encryptCode</name>
         <value>0xb000</value>
         <object_component_ref idref="oc-24"/>
      </symbol>
      <symbol id="sm-fe">
         <name>_pdata</name>
         <value>0x13462</value>
         <object_component_ref idref="oc-23"/>
      </symbol>
      <symbol id="sm-13f">
         <name>_AES_init_ctx_iv</name>
         <value>0x84c4</value>
         <object_component_ref idref="oc-14b"/>
      </symbol>
      <symbol id="sm-140">
         <name>_AES_CBC_encrypt_buffer</name>
         <value>0x8649</value>
         <object_component_ref idref="oc-14b"/>
      </symbol>
      <symbol id="sm-141">
         <name>_AES_CBC_decrypt_buffer</name>
         <value>0x87f9</value>
         <object_component_ref idref="oc-14b"/>
      </symbol>
      <symbol id="sm-165">
         <name>_SetCodeStatus</name>
         <value>0x9327</value>
         <object_component_ref idref="oc-13b"/>
      </symbol>
      <symbol id="sm-166">
         <name>_key</name>
         <value>0x13426</value>
         <object_component_ref idref="oc-149"/>
      </symbol>
      <symbol id="sm-167">
         <name>_encrypt_data</name>
         <value>0x9239</value>
         <object_component_ref idref="oc-13b"/>
      </symbol>
      <symbol id="sm-168">
         <name>_iv</name>
         <value>0x13416</value>
         <object_component_ref idref="oc-14a"/>
      </symbol>
      <symbol id="sm-169">
         <name>_buff</name>
         <value>0x13406</value>
         <object_component_ref idref="oc-14c"/>
      </symbol>
      <symbol id="sm-16a">
         <name>_decrypt_data</name>
         <value>0x935a</value>
         <object_component_ref idref="oc-13b"/>
      </symbol>
      <symbol id="sm-181">
         <name>_Example_Fail</name>
         <value>0x13474</value>
         <object_component_ref idref="oc-36"/>
      </symbol>
      <symbol id="sm-182">
         <name>_Device_intSCIA</name>
         <value>0x9b3f</value>
         <object_component_ref idref="oc-133"/>
      </symbol>
      <symbol id="sm-183">
         <name>_Device_initGPIO</name>
         <value>0x9b2f</value>
         <object_component_ref idref="oc-133"/>
      </symbol>
      <symbol id="sm-184">
         <name>___error__</name>
         <value>0x9b95</value>
         <object_component_ref idref="oc-133"/>
      </symbol>
      <symbol id="sm-185">
         <name>_Device_init</name>
         <value>0x9a49</value>
         <object_component_ref idref="oc-133"/>
      </symbol>
      <symbol id="sm-186">
         <name>_Example_PassCount</name>
         <value>0x13472</value>
         <object_component_ref idref="oc-36"/>
      </symbol>
      <symbol id="sm-187">
         <name>_Device_enableAllPeripherals</name>
         <value>0x9a61</value>
         <object_component_ref idref="oc-133"/>
      </symbol>
      <symbol id="sm-194">
         <name>code_start</name>
         <value>0x81010</value>
         <object_component_ref idref="oc-11"/>
      </symbol>
      <symbol id="sm-203">
         <name>_DCSM_unlockZone2CSM</name>
         <value>0x9d9c</value>
         <object_component_ref idref="oc-136"/>
      </symbol>
      <symbol id="sm-204">
         <name>_DCSM_unlockZone1CSM</name>
         <value>0x9d4a</value>
         <object_component_ref idref="oc-136"/>
      </symbol>
      <symbol id="sm-205">
         <name>_DCSM_getZone1RAMEXEStatus</name>
         <value>0x9e10</value>
         <object_component_ref idref="oc-136"/>
      </symbol>
      <symbol id="sm-206">
         <name>_DCSM_getZone1FlashEXEStatus</name>
         <value>0x9dee</value>
         <object_component_ref idref="oc-136"/>
      </symbol>
      <symbol id="sm-207">
         <name>_DCSM_getZone2FlashEXEStatus</name>
         <value>0x9e23</value>
         <object_component_ref idref="oc-136"/>
      </symbol>
      <symbol id="sm-208">
         <name>_DCSM_getZone2RAMEXEStatus</name>
         <value>0x9e45</value>
         <object_component_ref idref="oc-136"/>
      </symbol>
      <symbol id="sm-209">
         <name>_DCSM_claimZoneSemaphore</name>
         <value>0x9e58</value>
         <object_component_ref idref="oc-136"/>
      </symbol>
      <symbol id="sm-20a">
         <name>_DCSM_releaseZoneSemaphore</name>
         <value>0x9e76</value>
         <object_component_ref idref="oc-136"/>
      </symbol>
      <symbol id="sm-242">
         <name>_Flash_initModule</name>
         <value>0xa146</value>
         <object_component_ref idref="oc-13f"/>
      </symbol>
      <symbol id="sm-243">
         <name>_Flash_wakeFromLPM</name>
         <value>0xa179</value>
         <object_component_ref idref="oc-13f"/>
      </symbol>
      <symbol id="sm-244">
         <name>_Flash_powerDown</name>
         <value>0xa169</value>
         <object_component_ref idref="oc-13f"/>
      </symbol>
      <symbol id="sm-271">
         <name>_GPIO_setAnalogMode</name>
         <value>0x97c4</value>
         <object_component_ref idref="oc-141"/>
      </symbol>
      <symbol id="sm-272">
         <name>_GPIO_setMasterCore</name>
         <value>0x9798</value>
         <object_component_ref idref="oc-141"/>
      </symbol>
      <symbol id="sm-273">
         <name>_GPIO_setInterruptPin</name>
         <value>0x9682</value>
         <object_component_ref idref="oc-141"/>
      </symbol>
      <symbol id="sm-274">
         <name>_GPIO_setQualificationPeriod</name>
         <value>0x9776</value>
         <object_component_ref idref="oc-141"/>
      </symbol>
      <symbol id="sm-275">
         <name>_GPIO_setPinConfig</name>
         <value>0x97ec</value>
         <object_component_ref idref="oc-141"/>
      </symbol>
      <symbol id="sm-276">
         <name>_GPIO_setDirectionMode</name>
         <value>0x9645</value>
         <object_component_ref idref="oc-141"/>
      </symbol>
      <symbol id="sm-277">
         <name>_GPIO_getQualificationMode</name>
         <value>0x9755</value>
         <object_component_ref idref="oc-141"/>
      </symbol>
      <symbol id="sm-278">
         <name>_GPIO_getDirectionMode</name>
         <value>0x966c</value>
         <object_component_ref idref="oc-141"/>
      </symbol>
      <symbol id="sm-279">
         <name>_GPIO_getPadConfig</name>
         <value>0x96f5</value>
         <object_component_ref idref="oc-141"/>
      </symbol>
      <symbol id="sm-27a">
         <name>_GPIO_setQualificationMode</name>
         <value>0x9729</value>
         <object_component_ref idref="oc-141"/>
      </symbol>
      <symbol id="sm-27b">
         <name>_GPIO_setPadConfig</name>
         <value>0x96ad</value>
         <object_component_ref idref="oc-141"/>
      </symbol>
      <symbol id="sm-2c3">
         <name>_Interrupt_enable</name>
         <value>0x9ca4</value>
         <object_component_ref idref="oc-134"/>
      </symbol>
      <symbol id="sm-2c4">
         <name>_Interrupt_initVectorTable</name>
         <value>0x9c84</value>
         <object_component_ref idref="oc-134"/>
      </symbol>
      <symbol id="sm-2c5">
         <name>_Interrupt_disable</name>
         <value>0x9cd8</value>
         <object_component_ref idref="oc-134"/>
      </symbol>
      <symbol id="sm-2c6">
         <name>_Interrupt_initModule</name>
         <value>0x9c47</value>
         <object_component_ref idref="oc-134"/>
      </symbol>
      <symbol id="sm-320">
         <name>_SCI_enableInterrupt</name>
         <value>0x9544</value>
         <object_component_ref idref="oc-140"/>
      </symbol>
      <symbol id="sm-321">
         <name>_SCI_clearInterruptStatus</name>
         <value>0x95fd</value>
         <object_component_ref idref="oc-140"/>
      </symbol>
      <symbol id="sm-322">
         <name>_SCI_getInterruptStatus</name>
         <value>0x95ba</value>
         <object_component_ref idref="oc-140"/>
      </symbol>
      <symbol id="sm-323">
         <name>_SCI_setConfig</name>
         <value>0x94b8</value>
         <object_component_ref idref="oc-140"/>
      </symbol>
      <symbol id="sm-324">
         <name>_SCI_disableInterrupt</name>
         <value>0x957f</value>
         <object_component_ref idref="oc-140"/>
      </symbol>
      <symbol id="sm-325">
         <name>_SCI_writeCharArray</name>
         <value>0x94dc</value>
         <object_component_ref idref="oc-140"/>
      </symbol>
      <symbol id="sm-326">
         <name>_SCI_readCharArray</name>
         <value>0x9513</value>
         <object_component_ref idref="oc-140"/>
      </symbol>
      <symbol id="sm-394">
         <name>_SysCtl_selectXTALSingleEnded</name>
         <value>0x8e13</value>
         <object_component_ref idref="oc-13e"/>
      </symbol>
      <symbol id="sm-395">
         <name>_SysCtl_selectXTAL</name>
         <value>0x8def</value>
         <object_component_ref idref="oc-13e"/>
      </symbol>
      <symbol id="sm-396">
         <name>_SysCtl_delay</name>
         <value>0xa18a</value>
         <object_component_ref idref="oc-bd"/>
      </symbol>
      <symbol id="sm-397">
         <name>_SysCtl_selectOscSource</name>
         <value>0x8e2d</value>
         <object_component_ref idref="oc-13e"/>
      </symbol>
      <symbol id="sm-398">
         <name>_SysCtl_isPLLValid</name>
         <value>0x8ecf</value>
         <object_component_ref idref="oc-13e"/>
      </symbol>
      <symbol id="sm-399">
         <name>_SysCtl_setClock</name>
         <value>0x8d44</value>
         <object_component_ref idref="oc-13e"/>
      </symbol>
      <symbol id="sm-39a">
         <name>_SysCtl_getLowSpeedClock</name>
         <value>0x8e5a</value>
         <object_component_ref idref="oc-13e"/>
      </symbol>
      <symbol id="sm-39b">
         <name>_SysCtl_getClock</name>
         <value>0x8cf3</value>
         <object_component_ref idref="oc-13e"/>
      </symbol>
      <symbol id="sm-39c">
         <name>_SysCtl_getDeviceParametric</name>
         <value>0x8e74</value>
         <object_component_ref idref="oc-13e"/>
      </symbol>
      <symbol id="sm-3dd">
         <name>_getCMDlines</name>
         <value>0x9f46</value>
         <object_component_ref idref="oc-137"/>
      </symbol>
      <symbol id="sm-3de">
         <name>_cmd_discp</name>
         <value>0x13436</value>
         <object_component_ref idref="oc-129"/>
      </symbol>
      <symbol id="sm-3df">
         <name>_gethelp</name>
         <value>0x9f15</value>
         <object_component_ref idref="oc-137"/>
      </symbol>
      <symbol id="sm-3e0">
         <name>_uart0_cmd</name>
         <value>0x13450</value>
         <object_component_ref idref="oc-128"/>
      </symbol>
      <symbol id="sm-453">
         <name>_UARTGetHexNum</name>
         <value>0x8988</value>
         <object_component_ref idref="oc-135"/>
      </symbol>
      <symbol id="sm-454">
         <name>_UARTPutNum</name>
         <value>0x88ab</value>
         <object_component_ref idref="oc-135"/>
      </symbol>
      <symbol id="sm-455">
         <name>_UARTGetNum</name>
         <value>0x8953</value>
         <object_component_ref idref="oc-135"/>
      </symbol>
      <symbol id="sm-456">
         <name>_UARTPutHexNum</name>
         <value>0x88f9</value>
         <object_component_ref idref="oc-135"/>
      </symbol>
      <symbol id="sm-457">
         <name>_UARTwrite</name>
         <value>0x8a23</value>
         <object_component_ref idref="oc-135"/>
      </symbol>
      <symbol id="sm-458">
         <name>_UARTPutc</name>
         <value>0x8a12</value>
         <object_component_ref idref="oc-135"/>
      </symbol>
      <symbol id="sm-459">
         <name>_UARTPuts</name>
         <value>0x8858</value>
         <object_component_ref idref="oc-135"/>
      </symbol>
      <symbol id="sm-45a">
         <name>_UARTGetc</name>
         <value>0x8a1c</value>
         <object_component_ref idref="oc-135"/>
      </symbol>
      <symbol id="sm-45b">
         <name>_UARTGets</name>
         <value>0x8882</value>
         <object_component_ref idref="oc-135"/>
      </symbol>
      <symbol id="sm-45c">
         <name>_UARTprintf</name>
         <value>0x8a43</value>
         <object_component_ref idref="oc-135"/>
      </symbol>
      <symbol id="sm-46d">
         <name>_crc16_ccitt</name>
         <value>0xa047</value>
         <object_component_ref idref="oc-145"/>
      </symbol>
      <symbol id="sm-4b1">
         <name>__inbyte</name>
         <value>0x986a</value>
         <object_component_ref idref="oc-138"/>
      </symbol>
      <symbol id="sm-4b2">
         <name>_xmodemReceive</name>
         <value>0x98d2</value>
         <object_component_ref idref="oc-138"/>
      </symbol>
      <symbol id="sm-4b3">
         <name>__outbyte</name>
         <value>0x9860</value>
         <object_component_ref idref="oc-138"/>
      </symbol>
      <symbol id="sm-4b5">
         <name>_Fapi_checkFsmForReady</name>
         <value>0x3fff10</value>
      </symbol>
      <symbol id="sm-4b7">
         <name>_Fapi_doBlankCheck</name>
         <value>0x3fff02</value>
      </symbol>
      <symbol id="sm-4b9">
         <name>_Fapi_doVerify</name>
         <value>0x3fff08</value>
      </symbol>
      <symbol id="sm-4bb">
         <name>_Fapi_initializeAPI</name>
         <value>0x3ffefc</value>
      </symbol>
      <symbol id="sm-4bd">
         <name>_Fapi_issueAsyncCommandWithAddress</name>
         <value>0x3fff00</value>
      </symbol>
      <symbol id="sm-4bf">
         <name>_Fapi_issueProgrammingCommand</name>
         <value>0x3fff04</value>
      </symbol>
      <symbol id="sm-4c1">
         <name>_Fapi_setActiveFlashBank</name>
         <value>0x3ffefe</value>
      </symbol>
      <symbol id="sm-4dc">
         <name>_c_int00</name>
         <value>0x9f77</value>
         <object_component_ref idref="oc-e5"/>
      </symbol>
      <symbol id="sm-4dd">
         <name>__stack</name>
         <value>0xf8</value>
         <object_component_ref idref="oc-e6"/>
      </symbol>
      <symbol id="sm-4ee">
         <name>FS$$DIV</name>
         <value>0x9e8d</value>
         <object_component_ref idref="oc-ec"/>
      </symbol>
      <symbol id="sm-4fd">
         <name>_copy_in</name>
         <value>0xa023</value>
         <object_component_ref idref="oc-12b"/>
      </symbol>
      <symbol id="sm-50e">
         <name>_memcpy</name>
         <value>0xa067</value>
         <object_component_ref idref="oc-12f"/>
      </symbol>
      <symbol id="sm-51a">
         <name>__system_pre_init</name>
         <value>0xa0b7</value>
         <object_component_ref idref="oc-12a"/>
      </symbol>
      <symbol id="sm-527">
         <name>__system_post_cinit</name>
         <value>0xa0b9</value>
         <object_component_ref idref="oc-12c"/>
      </symbol>
      <symbol id="sm-53b">
         <name>C$$EXIT</name>
         <value>0x9ffa</value>
         <object_component_ref idref="oc-12e"/>
      </symbol>
      <symbol id="sm-53c">
         <name>_exit</name>
         <value>0x9ffc</value>
         <object_component_ref idref="oc-12e"/>
      </symbol>
      <symbol id="sm-53d">
         <name>___TI_cleanup_ptr</name>
         <value>0x13468</value>
         <object_component_ref idref="oc-107"/>
      </symbol>
      <symbol id="sm-53e">
         <name>___TI_enable_exit_profile_output</name>
         <value>0x13466</value>
         <object_component_ref idref="oc-107"/>
      </symbol>
      <symbol id="sm-53f">
         <name>_abort</name>
         <value>0x9ffa</value>
         <object_component_ref idref="oc-12e"/>
      </symbol>
      <symbol id="sm-540">
         <name>___TI_dtors_ptr</name>
         <value>0x1346a</value>
         <object_component_ref idref="oc-107"/>
      </symbol>
      <symbol id="sm-554">
         <name>__unlock</name>
         <value>0x13476</value>
         <object_component_ref idref="oc-14d"/>
      </symbol>
      <symbol id="sm-555">
         <name>__lock</name>
         <value>0x1343e</value>
         <object_component_ref idref="oc-131"/>
      </symbol>
      <symbol id="sm-556">
         <name>__register_lock</name>
         <value>0xa0ab</value>
         <object_component_ref idref="oc-13c"/>
      </symbol>
      <symbol id="sm-557">
         <name>__nop</name>
         <value>0xa0af</value>
         <object_component_ref idref="oc-13c"/>
      </symbol>
      <symbol id="sm-558">
         <name>__register_unlock</name>
         <value>0xa0a7</value>
         <object_component_ref idref="oc-13c"/>
      </symbol>
      <symbol id="sm-567">
         <name>__args_main</name>
         <value>0xa084</value>
         <object_component_ref idref="oc-12d"/>
      </symbol>
      <symbol id="sm-575">
         <name>_memset</name>
         <value>0xa0b0</value>
         <object_component_ref idref="oc-13a"/>
      </symbol>
      <symbol id="sm-586">
         <name>_rand</name>
         <value>0x9fdd</value>
         <object_component_ref idref="oc-148"/>
      </symbol>
      <symbol id="sm-587">
         <name>_srand</name>
         <value>0x9fcd</value>
         <object_component_ref idref="oc-148"/>
      </symbol>
      <symbol id="sm-595">
         <name>_strcmp</name>
         <value>0xa09d</value>
         <object_component_ref idref="oc-144"/>
      </symbol>
   </symbol_table>
   <title>Link successful</title>
</link_info>
