<?xml version="1.0" encoding="ISO-8859-1" ?>
<link_info>
   <banner>TMS320C2000 Linker PC v18.12.1.LTS</banner>
   <copyright>Copyright (c) 1996-2018 Texas Instruments Incorporated</copyright>
   <link_time>0x5d6631d6</link_time>
   <link_errors>0x0</link_errors>
   <output_file>f280049_uboot.out</output_file>
   <entry_point>
      <name>code_start</name>
      <address>0x80000</address>
   </entry_point>
   <input_file_list>
      <input_file id="fl-2">
         <path>.\</path>
         <kind>object</kind>
         <file>flashapi_ex2_ldfu.obj</file>
         <name>flashapi_ex2_ldfu.obj</name>
      </input_file>
      <input_file id="fl-3">
         <path>.\</path>
         <kind>object</kind>
         <file>flashapi_main.obj</file>
         <name>flashapi_main.obj</name>
      </input_file>
      <input_file id="fl-4">
         <path>.\device\</path>
         <kind>object</kind>
         <file>device.obj</file>
         <name>device.obj</name>
      </input_file>
      <input_file id="fl-5">
         <path>.\device\</path>
         <kind>object</kind>
         <file>f28004x_codestartbranch.obj</file>
         <name>f28004x_codestartbranch.obj</name>
      </input_file>
      <input_file id="fl-6">
         <path>.\device\driverlib\</path>
         <kind>object</kind>
         <file>adc.obj</file>
         <name>adc.obj</name>
      </input_file>
      <input_file id="fl-7">
         <path>.\device\driverlib\</path>
         <kind>object</kind>
         <file>asysctl.obj</file>
         <name>asysctl.obj</name>
      </input_file>
      <input_file id="fl-8">
         <path>.\device\driverlib\</path>
         <kind>object</kind>
         <file>can.obj</file>
         <name>can.obj</name>
      </input_file>
      <input_file id="fl-9">
         <path>.\device\driverlib\</path>
         <kind>object</kind>
         <file>cla.obj</file>
         <name>cla.obj</name>
      </input_file>
      <input_file id="fl-a">
         <path>.\device\driverlib\</path>
         <kind>object</kind>
         <file>clapromcrc.obj</file>
         <name>clapromcrc.obj</name>
      </input_file>
      <input_file id="fl-b">
         <path>.\device\driverlib\</path>
         <kind>object</kind>
         <file>cmpss.obj</file>
         <name>cmpss.obj</name>
      </input_file>
      <input_file id="fl-c">
         <path>.\device\driverlib\</path>
         <kind>object</kind>
         <file>cputimer.obj</file>
         <name>cputimer.obj</name>
      </input_file>
      <input_file id="fl-d">
         <path>.\device\driverlib\</path>
         <kind>object</kind>
         <file>dac.obj</file>
         <name>dac.obj</name>
      </input_file>
      <input_file id="fl-e">
         <path>.\device\driverlib\</path>
         <kind>object</kind>
         <file>dcc.obj</file>
         <name>dcc.obj</name>
      </input_file>
      <input_file id="fl-f">
         <path>.\device\driverlib\</path>
         <kind>object</kind>
         <file>dcsm.obj</file>
         <name>dcsm.obj</name>
      </input_file>
      <input_file id="fl-10">
         <path>.\device\driverlib\</path>
         <kind>object</kind>
         <file>dma.obj</file>
         <name>dma.obj</name>
      </input_file>
      <input_file id="fl-11">
         <path>.\device\driverlib\</path>
         <kind>object</kind>
         <file>ecap.obj</file>
         <name>ecap.obj</name>
      </input_file>
      <input_file id="fl-12">
         <path>.\device\driverlib\</path>
         <kind>object</kind>
         <file>epwm.obj</file>
         <name>epwm.obj</name>
      </input_file>
      <input_file id="fl-13">
         <path>.\device\driverlib\</path>
         <kind>object</kind>
         <file>eqep.obj</file>
         <name>eqep.obj</name>
      </input_file>
      <input_file id="fl-14">
         <path>.\device\driverlib\</path>
         <kind>object</kind>
         <file>flash.obj</file>
         <name>flash.obj</name>
      </input_file>
      <input_file id="fl-15">
         <path>.\device\driverlib\</path>
         <kind>object</kind>
         <file>fsi.obj</file>
         <name>fsi.obj</name>
      </input_file>
      <input_file id="fl-16">
         <path>.\device\driverlib\</path>
         <kind>object</kind>
         <file>gpio.obj</file>
         <name>gpio.obj</name>
      </input_file>
      <input_file id="fl-17">
         <path>.\device\driverlib\</path>
         <kind>object</kind>
         <file>hrcap.obj</file>
         <name>hrcap.obj</name>
      </input_file>
      <input_file id="fl-18">
         <path>.\device\driverlib\</path>
         <kind>object</kind>
         <file>hrpwm.obj</file>
         <name>hrpwm.obj</name>
      </input_file>
      <input_file id="fl-19">
         <path>.\device\driverlib\</path>
         <kind>object</kind>
         <file>i2c.obj</file>
         <name>i2c.obj</name>
      </input_file>
      <input_file id="fl-1a">
         <path>.\device\driverlib\</path>
         <kind>object</kind>
         <file>interrupt.obj</file>
         <name>interrupt.obj</name>
      </input_file>
      <input_file id="fl-1b">
         <path>.\device\driverlib\</path>
         <kind>object</kind>
         <file>lin.obj</file>
         <name>lin.obj</name>
      </input_file>
      <input_file id="fl-1c">
         <path>.\device\driverlib\</path>
         <kind>object</kind>
         <file>memcfg.obj</file>
         <name>memcfg.obj</name>
      </input_file>
      <input_file id="fl-1d">
         <path>.\device\driverlib\</path>
         <kind>object</kind>
         <file>pga.obj</file>
         <name>pga.obj</name>
      </input_file>
      <input_file id="fl-1e">
         <path>.\device\driverlib\</path>
         <kind>object</kind>
         <file>pmbus.obj</file>
         <name>pmbus.obj</name>
      </input_file>
      <input_file id="fl-1f">
         <path>.\device\driverlib\</path>
         <kind>object</kind>
         <file>sci.obj</file>
         <name>sci.obj</name>
      </input_file>
      <input_file id="fl-20">
         <path>.\device\driverlib\</path>
         <kind>object</kind>
         <file>sdfm.obj</file>
         <name>sdfm.obj</name>
      </input_file>
      <input_file id="fl-21">
         <path>.\device\driverlib\</path>
         <kind>object</kind>
         <file>spi.obj</file>
         <name>spi.obj</name>
      </input_file>
      <input_file id="fl-22">
         <path>.\device\driverlib\</path>
         <kind>object</kind>
         <file>sysctl.obj</file>
         <name>sysctl.obj</name>
      </input_file>
      <input_file id="fl-23">
         <path>.\device\driverlib\</path>
         <kind>object</kind>
         <file>version.obj</file>
         <name>version.obj</name>
      </input_file>
      <input_file id="fl-24">
         <path>.\device\driverlib\</path>
         <kind>object</kind>
         <file>xbar.obj</file>
         <name>xbar.obj</name>
      </input_file>
      <input_file id="fl-25">
         <path>.\user\</path>
         <kind>object</kind>
         <file>cmd.obj</file>
         <name>cmd.obj</name>
      </input_file>
      <input_file id="fl-26">
         <path>.\user\</path>
         <kind>object</kind>
         <file>uartStdio.obj</file>
         <name>uartStdio.obj</name>
      </input_file>
      <input_file id="fl-27">
         <path>.\xmodem\</path>
         <kind>object</kind>
         <file>crc16.obj</file>
         <name>crc16.obj</name>
      </input_file>
      <input_file id="fl-28">
         <path>.\xmodem\</path>
         <kind>object</kind>
         <file>xmodem.obj</file>
         <name>xmodem.obj</name>
      </input_file>
      <input_file id="fl-2d">
         <kind>object</kind>
         <file>&lt;internal&gt;</file>
         <name>&lt;internal&gt;</name>
      </input_file>
      <input_file id="fl-2e">
         <path>..\</path>
         <kind>archive</kind>
         <file>F021_ROM_API_F28004x_FPU32.lib</file>
         <name>F28004x_ROM_out__Fapi_checkFsmForReady_tmp.obj</name>
      </input_file>
      <input_file id="fl-2f">
         <path>..\</path>
         <kind>archive</kind>
         <file>F021_ROM_API_F28004x_FPU32.lib</file>
         <name>F28004x_ROM_out__Fapi_doBlankCheck_tmp.obj</name>
      </input_file>
      <input_file id="fl-30">
         <path>..\</path>
         <kind>archive</kind>
         <file>F021_ROM_API_F28004x_FPU32.lib</file>
         <name>F28004x_ROM_out__Fapi_doVerify_tmp.obj</name>
      </input_file>
      <input_file id="fl-31">
         <path>..\</path>
         <kind>archive</kind>
         <file>F021_ROM_API_F28004x_FPU32.lib</file>
         <name>F28004x_ROM_out__Fapi_getFsmStatus_tmp.obj</name>
      </input_file>
      <input_file id="fl-32">
         <path>..\</path>
         <kind>archive</kind>
         <file>F021_ROM_API_F28004x_FPU32.lib</file>
         <name>F28004x_ROM_out__Fapi_initializeAPI_tmp.obj</name>
      </input_file>
      <input_file id="fl-33">
         <path>..\</path>
         <kind>archive</kind>
         <file>F021_ROM_API_F28004x_FPU32.lib</file>
         <name>F28004x_ROM_out__Fapi_issueAsyncCommandWithAddress_tmp.obj</name>
      </input_file>
      <input_file id="fl-34">
         <path>..\</path>
         <kind>archive</kind>
         <file>F021_ROM_API_F28004x_FPU32.lib</file>
         <name>F28004x_ROM_out__Fapi_issueProgrammingCommand_tmp.obj</name>
      </input_file>
      <input_file id="fl-35">
         <path>..\</path>
         <kind>archive</kind>
         <file>F021_ROM_API_F28004x_FPU32.lib</file>
         <name>F28004x_ROM_out__Fapi_setActiveFlashBank_tmp.obj</name>
      </input_file>
      <input_file id="fl-41">
         <path>D:\ti\ccs901\ccs\tools\compiler\ti-cgt-c2000_18.12.1.LTS\lib\</path>
         <kind>archive</kind>
         <file>rts2800_fpu32.lib</file>
         <name>boot28.asm.obj</name>
      </input_file>
      <input_file id="fl-42">
         <path>D:\ti\ccs901\ccs\tools\compiler\ti-cgt-c2000_18.12.1.LTS\lib\</path>
         <kind>archive</kind>
         <file>rts2800_fpu32.lib</file>
         <name>fs_div28.asm.obj</name>
      </input_file>
      <input_file id="fl-43">
         <path>D:\ti\ccs901\ccs\tools\compiler\ti-cgt-c2000_18.12.1.LTS\lib\</path>
         <kind>archive</kind>
         <file>rts2800_fpu32.lib</file>
         <name>l_div28.asm.obj</name>
      </input_file>
      <input_file id="fl-44">
         <path>D:\ti\ccs901\ccs\tools\compiler\ti-cgt-c2000_18.12.1.LTS\lib\</path>
         <kind>archive</kind>
         <file>rts2800_fpu32.lib</file>
         <name>cpy_tbl.c.obj</name>
      </input_file>
      <input_file id="fl-45">
         <path>D:\ti\ccs901\ccs\tools\compiler\ti-cgt-c2000_18.12.1.LTS\lib\</path>
         <kind>archive</kind>
         <file>rts2800_fpu32.lib</file>
         <name>memcpy.c.obj</name>
      </input_file>
      <input_file id="fl-46">
         <path>D:\ti\ccs901\ccs\tools\compiler\ti-cgt-c2000_18.12.1.LTS\lib\</path>
         <kind>archive</kind>
         <file>rts2800_fpu32.lib</file>
         <name>pre_init.c.obj</name>
      </input_file>
      <input_file id="fl-47">
         <path>D:\ti\ccs901\ccs\tools\compiler\ti-cgt-c2000_18.12.1.LTS\lib\</path>
         <kind>archive</kind>
         <file>rts2800_fpu32.lib</file>
         <name>startup.c.obj</name>
      </input_file>
      <input_file id="fl-48">
         <path>D:\ti\ccs901\ccs\tools\compiler\ti-cgt-c2000_18.12.1.LTS\lib\</path>
         <kind>archive</kind>
         <file>rts2800_fpu32.lib</file>
         <name>exit.c.obj</name>
      </input_file>
      <input_file id="fl-49">
         <path>D:\ti\ccs901\ccs\tools\compiler\ti-cgt-c2000_18.12.1.LTS\lib\</path>
         <kind>archive</kind>
         <file>rts2800_fpu32.lib</file>
         <name>_lock.c.obj</name>
      </input_file>
      <input_file id="fl-4a">
         <path>D:\ti\ccs901\ccs\tools\compiler\ti-cgt-c2000_18.12.1.LTS\lib\</path>
         <kind>archive</kind>
         <file>rts2800_fpu32.lib</file>
         <name>args_main.c.obj</name>
      </input_file>
      <input_file id="fl-4b">
         <path>D:\ti\ccs901\ccs\tools\compiler\ti-cgt-c2000_18.12.1.LTS\lib\</path>
         <kind>archive</kind>
         <file>rts2800_fpu32.lib</file>
         <name>strcmp.c.obj</name>
      </input_file>
   </input_file_list>
   <object_component_list>
      <object_component id="oc-12">
         <name>codestart</name>
         <load_address>0x80000</load_address>
         <run_address>0x80000</run_address>
         <size>0x2</size>
         <input_file_ref idref="fl-5"/>
      </object_component>
      <object_component id="oc-126">
         <name>.TI.ramfunc</name>
         <load_address>0x80004</load_address>
         <run_address>0x8000</run_address>
         <size>0xcf</size>
         <input_file_ref idref="fl-14"/>
      </object_component>
      <object_component id="oc-b4">
         <name>.TI.ramfunc</name>
         <load_address>0x800d3</load_address>
         <run_address>0x80cf</run_address>
         <size>0x4</size>
         <input_file_ref idref="fl-22"/>
      </object_component>
      <object_component id="oc-129">
         <name>LDFU_BANK1</name>
         <load_address>0x800d7</load_address>
         <run_address>0x80d3</run_address>
         <size>0xf</size>
         <input_file_ref idref="fl-2"/>
      </object_component>
      <object_component id="oc-125">
         <name>.text</name>
         <load_address>0x800e6</load_address>
         <run_address>0x80e2</run_address>
         <size>0x3be</size>
         <input_file_ref idref="fl-26"/>
      </object_component>
      <object_component id="oc-12c">
         <name>.text</name>
         <load_address>0x804a4</load_address>
         <run_address>0x84a0</run_address>
         <size>0x38b</size>
         <input_file_ref idref="fl-22"/>
      </object_component>
      <object_component id="oc-134">
         <name>.text</name>
         <load_address>0x8082f</load_address>
         <run_address>0x882b</run_address>
         <size>0x305</size>
         <input_file_ref idref="fl-2"/>
      </object_component>
      <object_component id="oc-12d">
         <name>.text</name>
         <load_address>0x80b34</load_address>
         <run_address>0x8b30</run_address>
         <size>0x1f0</size>
         <input_file_ref idref="fl-1f"/>
      </object_component>
      <object_component id="oc-12e">
         <name>.text</name>
         <load_address>0x80d24</load_address>
         <run_address>0x8d20</run_address>
         <size>0x1eb</size>
         <input_file_ref idref="fl-16"/>
      </object_component>
      <object_component id="oc-123">
         <name>.text</name>
         <load_address>0x80f0f</load_address>
         <run_address>0x8f0b</run_address>
         <size>0x1c4</size>
         <input_file_ref idref="fl-4"/>
      </object_component>
      <object_component id="oc-128">
         <name>.text</name>
         <load_address>0x810d3</load_address>
         <run_address>0x90cf</run_address>
         <size>0x1be</size>
         <input_file_ref idref="fl-28"/>
      </object_component>
      <object_component id="oc-124">
         <name>.text</name>
         <load_address>0x81291</load_address>
         <run_address>0x928d</run_address>
         <size>0x187</size>
         <input_file_ref idref="fl-1a"/>
      </object_component>
      <object_component id="oc-120">
         <name>.text</name>
         <load_address>0x81418</load_address>
         <run_address>0x9414</run_address>
         <size>0x11b</size>
         <input_file_ref idref="fl-3"/>
      </object_component>
      <object_component id="oc-127">
         <name>.text</name>
         <load_address>0x81533</load_address>
         <run_address>0x952f</run_address>
         <size>0xf1</size>
         <input_file_ref idref="fl-25"/>
      </object_component>
      <object_component id="oc-e3">
         <name>.text</name>
         <load_address>0x81624</load_address>
         <run_address>0x9620</run_address>
         <size>0x88</size>
         <input_file_ref idref="fl-42"/>
      </object_component>
      <object_component id="oc-dc">
         <name>.text</name>
         <load_address>0x816ac</load_address>
         <run_address>0x96a8</run_address>
         <size>0x56</size>
         <input_file_ref idref="fl-41"/>
      </object_component>
      <object_component id="oc-e8">
         <name>.text</name>
         <load_address>0x81702</load_address>
         <run_address>0x96fe</run_address>
         <size>0x2a</size>
         <input_file_ref idref="fl-43"/>
      </object_component>
      <object_component id="oc-11e">
         <name>.text</name>
         <load_address>0x8172c</load_address>
         <run_address>0x9728</run_address>
         <size>0x29</size>
         <input_file_ref idref="fl-48"/>
      </object_component>
      <object_component id="oc-11b">
         <name>.text</name>
         <load_address>0x81755</load_address>
         <run_address>0x9751</run_address>
         <size>0x24</size>
         <input_file_ref idref="fl-44"/>
      </object_component>
      <object_component id="oc-132">
         <name>.text</name>
         <load_address>0x81779</load_address>
         <run_address>0x9775</run_address>
         <size>0x1e</size>
         <input_file_ref idref="fl-27"/>
      </object_component>
      <object_component id="oc-11f">
         <name>.text</name>
         <load_address>0x81797</load_address>
         <run_address>0x9793</run_address>
         <size>0x1d</size>
         <input_file_ref idref="fl-45"/>
      </object_component>
      <object_component id="oc-11d">
         <name>.text</name>
         <load_address>0x817b4</load_address>
         <run_address>0x97b0</run_address>
         <size>0x19</size>
         <input_file_ref idref="fl-4a"/>
      </object_component>
      <object_component id="oc-131">
         <name>.text</name>
         <load_address>0x817cd</load_address>
         <run_address>0x97c9</run_address>
         <size>0xa</size>
         <input_file_ref idref="fl-4b"/>
      </object_component>
      <object_component id="oc-12a">
         <name>.text</name>
         <load_address>0x817d7</load_address>
         <run_address>0x97d3</run_address>
         <size>0x9</size>
         <input_file_ref idref="fl-49"/>
      </object_component>
      <object_component id="oc-11a">
         <name>.text</name>
         <load_address>0x817e0</load_address>
         <run_address>0x97dc</run_address>
         <size>0x2</size>
         <input_file_ref idref="fl-46"/>
      </object_component>
      <object_component id="oc-11c">
         <name>.text</name>
         <load_address>0x817e2</load_address>
         <run_address>0x97de</run_address>
         <size>0x1</size>
         <input_file_ref idref="fl-47"/>
      </object_component>
      <object_component id="oc-102">
         <name>.cinit</name>
         <load_address>0x817e3</load_address>
         <run_address>0x97df</run_address>
         <size>0xe</size>
         <input_file_ref idref="fl-48"/>
      </object_component>
      <object_component id="oc-c6">
         <name>.cinit:_cmd_discp</name>
         <load_address>0x817f1</load_address>
         <run_address>0x97ed</run_address>
         <size>0xd</size>
         <input_file_ref idref="fl-25"/>
      </object_component>
      <object_component id="oc-c5">
         <name>.cinit:_uart0_cmd</name>
         <load_address>0x817fe</load_address>
         <run_address>0x97fa</run_address>
         <size>0xd</size>
         <input_file_ref idref="fl-25"/>
      </object_component>
      <object_component id="oc-2c">
         <name>.cinit</name>
         <load_address>0x8180b</load_address>
         <run_address>0x9807</run_address>
         <size>0xa</size>
         <input_file_ref idref="fl-4"/>
      </object_component>
      <object_component id="oc-24">
         <name>.cinit</name>
         <load_address>0x81815</load_address>
         <run_address>0x9811</run_address>
         <size>0xa</size>
         <input_file_ref idref="fl-3"/>
      </object_component>
      <object_component id="oc-122">
         <name>.cinit:__lock</name>
         <load_address>0x8181f</load_address>
         <run_address>0x981b</run_address>
         <size>0x5</size>
         <input_file_ref idref="fl-49"/>
      </object_component>
      <object_component id="oc-12b">
         <name>.cinit:__unlock</name>
         <load_address>0x81824</load_address>
         <run_address>0x9820</run_address>
         <size>0x5</size>
         <input_file_ref idref="fl-49"/>
      </object_component>
      <object_component id="oc-1c">
         <name>.cinit</name>
         <load_address>0x81829</load_address>
         <run_address>0x9825</run_address>
         <size>0x5</size>
         <input_file_ref idref="fl-2"/>
      </object_component>
      <object_component id="oc-130">
         <name>.cinit:_uart0_CMD</name>
         <load_address>0x8182e</load_address>
         <run_address>0x982a</run_address>
         <size>0x4</size>
         <input_file_ref idref="fl-25"/>
      </object_component>
      <object_component id="oc-c4">
         <name>.econst:.string</name>
         <load_address>0x81834</load_address>
         <run_address>0x9830</run_address>
         <size>0x1ab</size>
         <input_file_ref idref="fl-25"/>
      </object_component>
      <object_component id="oc-136">
         <name>.econst:_crc16tab</name>
         <load_address>0x819df</load_address>
         <run_address>0x99db</run_address>
         <size>0x100</size>
         <input_file_ref idref="fl-27"/>
      </object_component>
      <object_component id="oc-26">
         <name>.econst:.string</name>
         <load_address>0x81ae0</load_address>
         <run_address>0x9adc</run_address>
         <size>0x80</size>
         <input_file_ref idref="fl-3"/>
      </object_component>
      <object_component id="oc-137">
         <name>.econst:_secAddress</name>
         <load_address>0x81b60</load_address>
         <run_address>0x9b5c</run_address>
         <size>0x40</size>
         <input_file_ref idref="fl-2"/>
      </object_component>
      <object_component id="oc-1e">
         <name>.econst:.string</name>
         <load_address>0x81ba0</load_address>
         <run_address>0x9b9c</run_address>
         <size>0x36</size>
         <input_file_ref idref="fl-2"/>
      </object_component>
      <object_component id="oc-cd">
         <name>.econst:.string</name>
         <load_address>0x81bd6</load_address>
         <run_address>0x9bd2</run_address>
         <size>0x1a</size>
         <input_file_ref idref="fl-26"/>
      </object_component>
      <object_component id="oc-cc">
         <name>.econst</name>
         <load_address>0x81bf0</load_address>
         <run_address>0x9bec</run_address>
         <size>0x2</size>
         <input_file_ref idref="fl-26"/>
      </object_component>
      <object_component id="oc-de">
         <name>.reset</name>
         <load_address>0x3fffc0</load_address>
         <run_address>0x3fffc0</run_address>
         <size>0x2</size>
         <input_file_ref idref="fl-41"/>
      </object_component>
      <object_component id="oc-dd">
         <name>.stack</name>
         <uninitialized>true</uninitialized>
         <run_address>0x400</run_address>
         <size>0x0</size>
         <input_file_ref idref="fl-41"/>
      </object_component>
      <object_component id="oc-152">
         <name>.stack</name>
         <uninitialized>true</uninitialized>
         <run_address>0x400</run_address>
         <size>0x0</size>
      </object_component>
      <object_component id="oc-1d">
         <name>.ebss</name>
         <uninitialized>true</uninitialized>
         <run_address>0xa034</run_address>
         <size>0x4</size>
         <input_file_ref idref="fl-2"/>
      </object_component>
      <object_component id="oc-117">
         <name>.ebss:_BUFF</name>
         <uninitialized>true</uninitialized>
         <run_address>0xa02a</run_address>
         <size>0x5</size>
         <input_file_ref idref="fl-2"/>
      </object_component>
      <object_component id="oc-25">
         <name>.ebss</name>
         <uninitialized>true</uninitialized>
         <run_address>0xa01a</run_address>
         <size>0xa</size>
         <input_file_ref idref="fl-3"/>
      </object_component>
      <object_component id="oc-2d">
         <name>.ebss</name>
         <uninitialized>true</uninitialized>
         <run_address>0xa030</run_address>
         <size>0x4</size>
         <input_file_ref idref="fl-4"/>
      </object_component>
      <object_component id="oc-118">
         <name>.ebss:_uart0_cmd</name>
         <uninitialized>true</uninitialized>
         <run_address>0xa010</run_address>
         <size>0xa</size>
         <input_file_ref idref="fl-25"/>
      </object_component>
      <object_component id="oc-119">
         <name>.ebss:_cmd_discp</name>
         <uninitialized>true</uninitialized>
         <run_address>0xa006</run_address>
         <size>0xa</size>
         <input_file_ref idref="fl-25"/>
      </object_component>
      <object_component id="oc-12f">
         <name>.ebss:_uart0_CMD</name>
         <uninitialized>true</uninitialized>
         <run_address>0x9bee</run_address>
         <size>0x10</size>
         <input_file_ref idref="fl-25"/>
      </object_component>
      <object_component id="oc-133">
         <name>.ebss:_xbuff</name>
         <uninitialized>true</uninitialized>
         <run_address>0x9c00</run_address>
         <size>0x406</size>
         <input_file_ref idref="fl-28"/>
      </object_component>
      <object_component id="oc-103">
         <name>.ebss</name>
         <uninitialized>true</uninitialized>
         <run_address>0xa024</run_address>
         <size>0x6</size>
         <input_file_ref idref="fl-48"/>
      </object_component>
      <object_component id="oc-121">
         <name>.ebss:__lock</name>
         <uninitialized>true</uninitialized>
         <run_address>0x9bfe</run_address>
         <size>0x2</size>
         <input_file_ref idref="fl-49"/>
      </object_component>
      <object_component id="oc-135">
         <name>.ebss:__unlock</name>
         <uninitialized>true</uninitialized>
         <run_address>0xa038</run_address>
         <size>0x2</size>
         <input_file_ref idref="fl-49"/>
      </object_component>
      <object_component id="oc-1b">
         <name>.debug_info</name>
         <load_address>0x0</load_address>
         <run_address>0x0</run_address>
         <size>0x146c</size>
         <input_file_ref idref="fl-2"/>
      </object_component>
      <object_component id="oc-23">
         <name>.debug_info</name>
         <load_address>0x146c</load_address>
         <run_address>0x146c</run_address>
         <size>0xd5a6</size>
         <input_file_ref idref="fl-3"/>
      </object_component>
      <object_component id="oc-2b">
         <name>.debug_info</name>
         <load_address>0xea12</load_address>
         <run_address>0xea12</run_address>
         <size>0x20e7</size>
         <input_file_ref idref="fl-4"/>
      </object_component>
      <object_component id="oc-33">
         <name>.debug_info</name>
         <load_address>0x10af9</load_address>
         <run_address>0x10af9</run_address>
         <size>0xf7</size>
         <input_file_ref idref="fl-5"/>
      </object_component>
      <object_component id="oc-36">
         <name>.debug_info</name>
         <load_address>0x10bf0</load_address>
         <run_address>0x10bf0</run_address>
         <size>0x441</size>
         <input_file_ref idref="fl-6"/>
      </object_component>
      <object_component id="oc-3b">
         <name>.debug_info</name>
         <load_address>0x11031</load_address>
         <run_address>0x11031</run_address>
         <size>0x186</size>
         <input_file_ref idref="fl-7"/>
      </object_component>
      <object_component id="oc-3d">
         <name>.debug_info</name>
         <load_address>0x111b7</load_address>
         <run_address>0x111b7</run_address>
         <size>0x468</size>
         <input_file_ref idref="fl-8"/>
      </object_component>
      <object_component id="oc-42">
         <name>.debug_info</name>
         <load_address>0x1161f</load_address>
         <run_address>0x1161f</run_address>
         <size>0x8fe</size>
         <input_file_ref idref="fl-9"/>
      </object_component>
      <object_component id="oc-47">
         <name>.debug_info</name>
         <load_address>0x11f1d</load_address>
         <run_address>0x11f1d</run_address>
         <size>0x189</size>
         <input_file_ref idref="fl-a"/>
      </object_component>
      <object_component id="oc-49">
         <name>.debug_info</name>
         <load_address>0x120a6</load_address>
         <run_address>0x120a6</run_address>
         <size>0x340</size>
         <input_file_ref idref="fl-b"/>
      </object_component>
      <object_component id="oc-4e">
         <name>.debug_info</name>
         <load_address>0x123e6</load_address>
         <run_address>0x123e6</run_address>
         <size>0x3cd</size>
         <input_file_ref idref="fl-c"/>
      </object_component>
      <object_component id="oc-53">
         <name>.debug_info</name>
         <load_address>0x127b3</load_address>
         <run_address>0x127b3</run_address>
         <size>0x34b</size>
         <input_file_ref idref="fl-d"/>
      </object_component>
      <object_component id="oc-58">
         <name>.debug_info</name>
         <load_address>0x12afe</load_address>
         <run_address>0x12afe</run_address>
         <size>0x3d3</size>
         <input_file_ref idref="fl-e"/>
      </object_component>
      <object_component id="oc-5d">
         <name>.debug_info</name>
         <load_address>0x12ed1</load_address>
         <run_address>0x12ed1</run_address>
         <size>0x85d</size>
         <input_file_ref idref="fl-f"/>
      </object_component>
      <object_component id="oc-62">
         <name>.debug_info</name>
         <load_address>0x1372e</load_address>
         <run_address>0x1372e</run_address>
         <size>0x8e5</size>
         <input_file_ref idref="fl-10"/>
      </object_component>
      <object_component id="oc-67">
         <name>.debug_info</name>
         <load_address>0x14013</load_address>
         <run_address>0x14013</run_address>
         <size>0x39b</size>
         <input_file_ref idref="fl-11"/>
      </object_component>
      <object_component id="oc-6c">
         <name>.debug_info</name>
         <load_address>0x143ae</load_address>
         <run_address>0x143ae</run_address>
         <size>0x3b3</size>
         <input_file_ref idref="fl-12"/>
      </object_component>
      <object_component id="oc-71">
         <name>.debug_info</name>
         <load_address>0x14761</load_address>
         <run_address>0x14761</run_address>
         <size>0x33f</size>
         <input_file_ref idref="fl-13"/>
      </object_component>
      <object_component id="oc-76">
         <name>.debug_info</name>
         <load_address>0x14aa0</load_address>
         <run_address>0x14aa0</run_address>
         <size>0xe7d</size>
         <input_file_ref idref="fl-14"/>
      </object_component>
      <object_component id="oc-7b">
         <name>.debug_info</name>
         <load_address>0x1591d</load_address>
         <run_address>0x1591d</run_address>
         <size>0x484</size>
         <input_file_ref idref="fl-15"/>
      </object_component>
      <object_component id="oc-80">
         <name>.debug_info</name>
         <load_address>0x15da1</load_address>
         <run_address>0x15da1</run_address>
         <size>0x1216</size>
         <input_file_ref idref="fl-16"/>
      </object_component>
      <object_component id="oc-85">
         <name>.debug_info</name>
         <load_address>0x16fb7</load_address>
         <run_address>0x16fb7</run_address>
         <size>0x184</size>
         <input_file_ref idref="fl-17"/>
      </object_component>
      <object_component id="oc-87">
         <name>.debug_info</name>
         <load_address>0x1713b</load_address>
         <run_address>0x1713b</run_address>
         <size>0x184</size>
         <input_file_ref idref="fl-18"/>
      </object_component>
      <object_component id="oc-89">
         <name>.debug_info</name>
         <load_address>0x172bf</load_address>
         <run_address>0x172bf</run_address>
         <size>0x36e</size>
         <input_file_ref idref="fl-19"/>
      </object_component>
      <object_component id="oc-8e">
         <name>.debug_info</name>
         <load_address>0x1762d</load_address>
         <run_address>0x1762d</run_address>
         <size>0xb3e</size>
         <input_file_ref idref="fl-1a"/>
      </object_component>
      <object_component id="oc-93">
         <name>.debug_info</name>
         <load_address>0x1816b</load_address>
         <run_address>0x1816b</run_address>
         <size>0x4cf</size>
         <input_file_ref idref="fl-1b"/>
      </object_component>
      <object_component id="oc-98">
         <name>.debug_info</name>
         <load_address>0x1863a</load_address>
         <run_address>0x1863a</run_address>
         <size>0x413</size>
         <input_file_ref idref="fl-1c"/>
      </object_component>
      <object_component id="oc-9d">
         <name>.debug_info</name>
         <load_address>0x18a4d</load_address>
         <run_address>0x18a4d</run_address>
         <size>0x182</size>
         <input_file_ref idref="fl-1d"/>
      </object_component>
      <object_component id="oc-9f">
         <name>.debug_info</name>
         <load_address>0x18bcf</load_address>
         <run_address>0x18bcf</run_address>
         <size>0x3e7</size>
         <input_file_ref idref="fl-1e"/>
      </object_component>
      <object_component id="oc-a4">
         <name>.debug_info</name>
         <load_address>0x18fb6</load_address>
         <run_address>0x18fb6</run_address>
         <size>0x11ae</size>
         <input_file_ref idref="fl-1f"/>
      </object_component>
      <object_component id="oc-a9">
         <name>.debug_info</name>
         <load_address>0x1a164</load_address>
         <run_address>0x1a164</run_address>
         <size>0x458</size>
         <input_file_ref idref="fl-20"/>
      </object_component>
      <object_component id="oc-ae">
         <name>.debug_info</name>
         <load_address>0x1a5bc</load_address>
         <run_address>0x1a5bc</run_address>
         <size>0x401</size>
         <input_file_ref idref="fl-21"/>
      </object_component>
      <object_component id="oc-b3">
         <name>.debug_info</name>
         <load_address>0x1a9bd</load_address>
         <run_address>0x1a9bd</run_address>
         <size>0x22aa</size>
         <input_file_ref idref="fl-22"/>
      </object_component>
      <object_component id="oc-b9">
         <name>.debug_info</name>
         <load_address>0x1cc67</load_address>
         <run_address>0x1cc67</run_address>
         <size>0x322</size>
         <input_file_ref idref="fl-23"/>
      </object_component>
      <object_component id="oc-be">
         <name>.debug_info</name>
         <load_address>0x1cf89</load_address>
         <run_address>0x1cf89</run_address>
         <size>0x1f82</size>
         <input_file_ref idref="fl-24"/>
      </object_component>
      <object_component id="oc-c3">
         <name>.debug_info</name>
         <load_address>0x1ef0b</load_address>
         <run_address>0x1ef0b</run_address>
         <size>0x814</size>
         <input_file_ref idref="fl-25"/>
      </object_component>
      <object_component id="oc-cb">
         <name>.debug_info</name>
         <load_address>0x1f71f</load_address>
         <run_address>0x1f71f</run_address>
         <size>0x12a8</size>
         <input_file_ref idref="fl-26"/>
      </object_component>
      <object_component id="oc-d2">
         <name>.debug_info</name>
         <load_address>0x209c7</load_address>
         <run_address>0x209c7</run_address>
         <size>0x43e</size>
         <input_file_ref idref="fl-27"/>
      </object_component>
      <object_component id="oc-d7">
         <name>.debug_info</name>
         <load_address>0x20e05</load_address>
         <run_address>0x20e05</run_address>
         <size>0xe10</size>
         <input_file_ref idref="fl-28"/>
      </object_component>
      <object_component id="oc-df">
         <name>.debug_info</name>
         <load_address>0x21c15</load_address>
         <run_address>0x21c15</run_address>
         <size>0x177</size>
         <input_file_ref idref="fl-41"/>
      </object_component>
      <object_component id="oc-e4">
         <name>.debug_info</name>
         <load_address>0x21d8c</load_address>
         <run_address>0x21d8c</run_address>
         <size>0x118</size>
         <input_file_ref idref="fl-42"/>
      </object_component>
      <object_component id="oc-e9">
         <name>.debug_info</name>
         <load_address>0x21ea4</load_address>
         <run_address>0x21ea4</run_address>
         <size>0x1a9</size>
         <input_file_ref idref="fl-43"/>
      </object_component>
      <object_component id="oc-ed">
         <name>.debug_info</name>
         <load_address>0x2204d</load_address>
         <run_address>0x2204d</run_address>
         <size>0x535</size>
         <input_file_ref idref="fl-44"/>
      </object_component>
      <object_component id="oc-f2">
         <name>.debug_info</name>
         <load_address>0x22582</load_address>
         <run_address>0x22582</run_address>
         <size>0x430</size>
         <input_file_ref idref="fl-45"/>
      </object_component>
      <object_component id="oc-f7">
         <name>.debug_info</name>
         <load_address>0x229b2</load_address>
         <run_address>0x229b2</run_address>
         <size>0x3a3</size>
         <input_file_ref idref="fl-46"/>
      </object_component>
      <object_component id="oc-fc">
         <name>.debug_info</name>
         <load_address>0x22d55</load_address>
         <run_address>0x22d55</run_address>
         <size>0x3a0</size>
         <input_file_ref idref="fl-47"/>
      </object_component>
      <object_component id="oc-101">
         <name>.debug_info</name>
         <load_address>0x230f5</load_address>
         <run_address>0x230f5</run_address>
         <size>0x53a</size>
         <input_file_ref idref="fl-48"/>
      </object_component>
      <object_component id="oc-108">
         <name>.debug_info</name>
         <load_address>0x2362f</load_address>
         <run_address>0x2362f</run_address>
         <size>0x4c2</size>
         <input_file_ref idref="fl-49"/>
      </object_component>
      <object_component id="oc-10d">
         <name>.debug_info</name>
         <load_address>0x23af1</load_address>
         <run_address>0x23af1</run_address>
         <size>0x45d</size>
         <input_file_ref idref="fl-4a"/>
      </object_component>
      <object_component id="oc-112">
         <name>.debug_info</name>
         <load_address>0x23f4e</load_address>
         <run_address>0x23f4e</run_address>
         <size>0x4dd</size>
         <input_file_ref idref="fl-4b"/>
      </object_component>
      <object_component id="oc-153">
         <name>.debug_info</name>
         <load_address>0x2442b</load_address>
         <run_address>0x2442b</run_address>
         <size>0x9e</size>
      </object_component>
      <object_component id="oc-1f">
         <name>.debug_frame</name>
         <load_address>0x0</load_address>
         <run_address>0x0</run_address>
         <size>0x118</size>
         <input_file_ref idref="fl-2"/>
      </object_component>
      <object_component id="oc-27">
         <name>.debug_frame</name>
         <load_address>0x118</load_address>
         <run_address>0x118</run_address>
         <size>0xe4</size>
         <input_file_ref idref="fl-3"/>
      </object_component>
      <object_component id="oc-2e">
         <name>.debug_frame</name>
         <load_address>0x1fc</load_address>
         <run_address>0x1fc</run_address>
         <size>0x16c</size>
         <input_file_ref idref="fl-4"/>
      </object_component>
      <object_component id="oc-37">
         <name>.debug_frame</name>
         <load_address>0x368</load_address>
         <run_address>0x368</run_address>
         <size>0x28</size>
         <input_file_ref idref="fl-6"/>
      </object_component>
      <object_component id="oc-3e">
         <name>.debug_frame</name>
         <load_address>0x390</load_address>
         <run_address>0x390</run_address>
         <size>0x28</size>
         <input_file_ref idref="fl-8"/>
      </object_component>
      <object_component id="oc-43">
         <name>.debug_frame</name>
         <load_address>0x3b8</load_address>
         <run_address>0x3b8</run_address>
         <size>0x28</size>
         <input_file_ref idref="fl-9"/>
      </object_component>
      <object_component id="oc-4a">
         <name>.debug_frame</name>
         <load_address>0x3e0</load_address>
         <run_address>0x3e0</run_address>
         <size>0x28</size>
         <input_file_ref idref="fl-b"/>
      </object_component>
      <object_component id="oc-4f">
         <name>.debug_frame</name>
         <load_address>0x408</load_address>
         <run_address>0x408</run_address>
         <size>0x28</size>
         <input_file_ref idref="fl-c"/>
      </object_component>
      <object_component id="oc-54">
         <name>.debug_frame</name>
         <load_address>0x430</load_address>
         <run_address>0x430</run_address>
         <size>0x28</size>
         <input_file_ref idref="fl-d"/>
      </object_component>
      <object_component id="oc-59">
         <name>.debug_frame</name>
         <load_address>0x458</load_address>
         <run_address>0x458</run_address>
         <size>0x28</size>
         <input_file_ref idref="fl-e"/>
      </object_component>
      <object_component id="oc-5e">
         <name>.debug_frame</name>
         <load_address>0x480</load_address>
         <run_address>0x480</run_address>
         <size>0x28</size>
         <input_file_ref idref="fl-f"/>
      </object_component>
      <object_component id="oc-63">
         <name>.debug_frame</name>
         <load_address>0x4a8</load_address>
         <run_address>0x4a8</run_address>
         <size>0x28</size>
         <input_file_ref idref="fl-10"/>
      </object_component>
      <object_component id="oc-68">
         <name>.debug_frame</name>
         <load_address>0x4d0</load_address>
         <run_address>0x4d0</run_address>
         <size>0x28</size>
         <input_file_ref idref="fl-11"/>
      </object_component>
      <object_component id="oc-6d">
         <name>.debug_frame</name>
         <load_address>0x4f8</load_address>
         <run_address>0x4f8</run_address>
         <size>0x28</size>
         <input_file_ref idref="fl-12"/>
      </object_component>
      <object_component id="oc-72">
         <name>.debug_frame</name>
         <load_address>0x520</load_address>
         <run_address>0x520</run_address>
         <size>0x28</size>
         <input_file_ref idref="fl-13"/>
      </object_component>
      <object_component id="oc-77">
         <name>.debug_frame</name>
         <load_address>0x548</load_address>
         <run_address>0x548</run_address>
         <size>0x15c</size>
         <input_file_ref idref="fl-14"/>
      </object_component>
      <object_component id="oc-7c">
         <name>.debug_frame</name>
         <load_address>0x6a4</load_address>
         <run_address>0x6a4</run_address>
         <size>0x28</size>
         <input_file_ref idref="fl-15"/>
      </object_component>
      <object_component id="oc-81">
         <name>.debug_frame</name>
         <load_address>0x6cc</load_address>
         <run_address>0x6cc</run_address>
         <size>0x178</size>
         <input_file_ref idref="fl-16"/>
      </object_component>
      <object_component id="oc-8a">
         <name>.debug_frame</name>
         <load_address>0x844</load_address>
         <run_address>0x844</run_address>
         <size>0x28</size>
         <input_file_ref idref="fl-19"/>
      </object_component>
      <object_component id="oc-8f">
         <name>.debug_frame</name>
         <load_address>0x86c</load_address>
         <run_address>0x86c</run_address>
         <size>0x128</size>
         <input_file_ref idref="fl-1a"/>
      </object_component>
      <object_component id="oc-94">
         <name>.debug_frame</name>
         <load_address>0x994</load_address>
         <run_address>0x994</run_address>
         <size>0x28</size>
         <input_file_ref idref="fl-1b"/>
      </object_component>
      <object_component id="oc-99">
         <name>.debug_frame</name>
         <load_address>0x9bc</load_address>
         <run_address>0x9bc</run_address>
         <size>0x28</size>
         <input_file_ref idref="fl-1c"/>
      </object_component>
      <object_component id="oc-a0">
         <name>.debug_frame</name>
         <load_address>0x9e4</load_address>
         <run_address>0x9e4</run_address>
         <size>0x28</size>
         <input_file_ref idref="fl-1e"/>
      </object_component>
      <object_component id="oc-a5">
         <name>.debug_frame</name>
         <load_address>0xa0c</load_address>
         <run_address>0xa0c</run_address>
         <size>0x1cc</size>
         <input_file_ref idref="fl-1f"/>
      </object_component>
      <object_component id="oc-aa">
         <name>.debug_frame</name>
         <load_address>0xbd8</load_address>
         <run_address>0xbd8</run_address>
         <size>0x28</size>
         <input_file_ref idref="fl-20"/>
      </object_component>
      <object_component id="oc-af">
         <name>.debug_frame</name>
         <load_address>0xc00</load_address>
         <run_address>0xc00</run_address>
         <size>0x28</size>
         <input_file_ref idref="fl-21"/>
      </object_component>
      <object_component id="oc-b5">
         <name>.debug_frame</name>
         <load_address>0xc28</load_address>
         <run_address>0xc28</run_address>
         <size>0x2b8</size>
         <input_file_ref idref="fl-22"/>
      </object_component>
      <object_component id="oc-ba">
         <name>.debug_frame</name>
         <load_address>0xee0</load_address>
         <run_address>0xee0</run_address>
         <size>0x28</size>
         <input_file_ref idref="fl-23"/>
      </object_component>
      <object_component id="oc-bf">
         <name>.debug_frame</name>
         <load_address>0xf08</load_address>
         <run_address>0xf08</run_address>
         <size>0x28</size>
         <input_file_ref idref="fl-24"/>
      </object_component>
      <object_component id="oc-c7">
         <name>.debug_frame</name>
         <load_address>0xf30</load_address>
         <run_address>0xf30</run_address>
         <size>0x98</size>
         <input_file_ref idref="fl-25"/>
      </object_component>
      <object_component id="oc-ce">
         <name>.debug_frame</name>
         <load_address>0xfc8</load_address>
         <run_address>0xfc8</run_address>
         <size>0x1b0</size>
         <input_file_ref idref="fl-26"/>
      </object_component>
      <object_component id="oc-d3">
         <name>.debug_frame</name>
         <load_address>0x1178</load_address>
         <run_address>0x1178</run_address>
         <size>0x44</size>
         <input_file_ref idref="fl-27"/>
      </object_component>
      <object_component id="oc-d8">
         <name>.debug_frame</name>
         <load_address>0x11bc</load_address>
         <run_address>0x11bc</run_address>
         <size>0x12c</size>
         <input_file_ref idref="fl-28"/>
      </object_component>
      <object_component id="oc-ee">
         <name>.debug_frame</name>
         <load_address>0x12e8</load_address>
         <run_address>0x12e8</run_address>
         <size>0x60</size>
         <input_file_ref idref="fl-44"/>
      </object_component>
      <object_component id="oc-f3">
         <name>.debug_frame</name>
         <load_address>0x1348</load_address>
         <run_address>0x1348</run_address>
         <size>0x40</size>
         <input_file_ref idref="fl-45"/>
      </object_component>
      <object_component id="oc-f8">
         <name>.debug_frame</name>
         <load_address>0x1388</load_address>
         <run_address>0x1388</run_address>
         <size>0x40</size>
         <input_file_ref idref="fl-46"/>
      </object_component>
      <object_component id="oc-fd">
         <name>.debug_frame</name>
         <load_address>0x13c8</load_address>
         <run_address>0x13c8</run_address>
         <size>0x40</size>
         <input_file_ref idref="fl-47"/>
      </object_component>
      <object_component id="oc-104">
         <name>.debug_frame</name>
         <load_address>0x1408</load_address>
         <run_address>0x1408</run_address>
         <size>0x60</size>
         <input_file_ref idref="fl-48"/>
      </object_component>
      <object_component id="oc-109">
         <name>.debug_frame</name>
         <load_address>0x1468</load_address>
         <run_address>0x1468</run_address>
         <size>0x70</size>
         <input_file_ref idref="fl-49"/>
      </object_component>
      <object_component id="oc-10e">
         <name>.debug_frame</name>
         <load_address>0x14d8</load_address>
         <run_address>0x14d8</run_address>
         <size>0x40</size>
         <input_file_ref idref="fl-4a"/>
      </object_component>
      <object_component id="oc-113">
         <name>.debug_frame</name>
         <load_address>0x1518</load_address>
         <run_address>0x1518</run_address>
         <size>0x40</size>
         <input_file_ref idref="fl-4b"/>
      </object_component>
      <object_component id="oc-20">
         <name>.debug_line</name>
         <load_address>0x0</load_address>
         <run_address>0x0</run_address>
         <size>0x3bc</size>
         <input_file_ref idref="fl-2"/>
      </object_component>
      <object_component id="oc-28">
         <name>.debug_line</name>
         <load_address>0x3bc</load_address>
         <run_address>0x3bc</run_address>
         <size>0x1e1</size>
         <input_file_ref idref="fl-3"/>
      </object_component>
      <object_component id="oc-2f">
         <name>.debug_line</name>
         <load_address>0x59d</load_address>
         <run_address>0x59d</run_address>
         <size>0x280</size>
         <input_file_ref idref="fl-4"/>
      </object_component>
      <object_component id="oc-32">
         <name>.debug_line</name>
         <load_address>0x81d</load_address>
         <run_address>0x81d</run_address>
         <size>0x54</size>
         <input_file_ref idref="fl-5"/>
      </object_component>
      <object_component id="oc-38">
         <name>.debug_line</name>
         <load_address>0x871</load_address>
         <run_address>0x871</run_address>
         <size>0x3a</size>
         <input_file_ref idref="fl-6"/>
      </object_component>
      <object_component id="oc-3f">
         <name>.debug_line</name>
         <load_address>0x8ab</load_address>
         <run_address>0x8ab</run_address>
         <size>0x57</size>
         <input_file_ref idref="fl-8"/>
      </object_component>
      <object_component id="oc-44">
         <name>.debug_line</name>
         <load_address>0x902</load_address>
         <run_address>0x902</run_address>
         <size>0x3a</size>
         <input_file_ref idref="fl-9"/>
      </object_component>
      <object_component id="oc-4b">
         <name>.debug_line</name>
         <load_address>0x93c</load_address>
         <run_address>0x93c</run_address>
         <size>0x3c</size>
         <input_file_ref idref="fl-b"/>
      </object_component>
      <object_component id="oc-50">
         <name>.debug_line</name>
         <load_address>0x978</load_address>
         <run_address>0x978</run_address>
         <size>0x3f</size>
         <input_file_ref idref="fl-c"/>
      </object_component>
      <object_component id="oc-55">
         <name>.debug_line</name>
         <load_address>0x9b7</load_address>
         <run_address>0x9b7</run_address>
         <size>0x3a</size>
         <input_file_ref idref="fl-d"/>
      </object_component>
      <object_component id="oc-5a">
         <name>.debug_line</name>
         <load_address>0x9f1</load_address>
         <run_address>0x9f1</run_address>
         <size>0x3a</size>
         <input_file_ref idref="fl-e"/>
      </object_component>
      <object_component id="oc-5f">
         <name>.debug_line</name>
         <load_address>0xa2b</load_address>
         <run_address>0xa2b</run_address>
         <size>0x59</size>
         <input_file_ref idref="fl-f"/>
      </object_component>
      <object_component id="oc-64">
         <name>.debug_line</name>
         <load_address>0xa84</load_address>
         <run_address>0xa84</run_address>
         <size>0x3a</size>
         <input_file_ref idref="fl-10"/>
      </object_component>
      <object_component id="oc-69">
         <name>.debug_line</name>
         <load_address>0xabe</load_address>
         <run_address>0xabe</run_address>
         <size>0x3b</size>
         <input_file_ref idref="fl-11"/>
      </object_component>
      <object_component id="oc-6e">
         <name>.debug_line</name>
         <load_address>0xaf9</load_address>
         <run_address>0xaf9</run_address>
         <size>0x3b</size>
         <input_file_ref idref="fl-12"/>
      </object_component>
      <object_component id="oc-73">
         <name>.debug_line</name>
         <load_address>0xb34</load_address>
         <run_address>0xb34</run_address>
         <size>0x3b</size>
         <input_file_ref idref="fl-13"/>
      </object_component>
      <object_component id="oc-78">
         <name>.debug_line</name>
         <load_address>0xb6f</load_address>
         <run_address>0xb6f</run_address>
         <size>0x196</size>
         <input_file_ref idref="fl-14"/>
      </object_component>
      <object_component id="oc-7d">
         <name>.debug_line</name>
         <load_address>0xd05</load_address>
         <run_address>0xd05</run_address>
         <size>0x57</size>
         <input_file_ref idref="fl-15"/>
      </object_component>
      <object_component id="oc-82">
         <name>.debug_line</name>
         <load_address>0xd5c</load_address>
         <run_address>0xd5c</run_address>
         <size>0x268</size>
         <input_file_ref idref="fl-16"/>
      </object_component>
      <object_component id="oc-8b">
         <name>.debug_line</name>
         <load_address>0xfc4</load_address>
         <run_address>0xfc4</run_address>
         <size>0x3a</size>
         <input_file_ref idref="fl-19"/>
      </object_component>
      <object_component id="oc-90">
         <name>.debug_line</name>
         <load_address>0xffe</load_address>
         <run_address>0xffe</run_address>
         <size>0x205</size>
         <input_file_ref idref="fl-1a"/>
      </object_component>
      <object_component id="oc-95">
         <name>.debug_line</name>
         <load_address>0x1203</load_address>
         <run_address>0x1203</run_address>
         <size>0x57</size>
         <input_file_ref idref="fl-1b"/>
      </object_component>
      <object_component id="oc-9a">
         <name>.debug_line</name>
         <load_address>0x125a</load_address>
         <run_address>0x125a</run_address>
         <size>0x3d</size>
         <input_file_ref idref="fl-1c"/>
      </object_component>
      <object_component id="oc-a1">
         <name>.debug_line</name>
         <load_address>0x1297</load_address>
         <run_address>0x1297</run_address>
         <size>0x3c</size>
         <input_file_ref idref="fl-1e"/>
      </object_component>
      <object_component id="oc-a6">
         <name>.debug_line</name>
         <load_address>0x12d3</load_address>
         <run_address>0x12d3</run_address>
         <size>0x2c0</size>
         <input_file_ref idref="fl-1f"/>
      </object_component>
      <object_component id="oc-ab">
         <name>.debug_line</name>
         <load_address>0x1593</load_address>
         <run_address>0x1593</run_address>
         <size>0x59</size>
         <input_file_ref idref="fl-20"/>
      </object_component>
      <object_component id="oc-b0">
         <name>.debug_line</name>
         <load_address>0x15ec</load_address>
         <run_address>0x15ec</run_address>
         <size>0x3a</size>
         <input_file_ref idref="fl-21"/>
      </object_component>
      <object_component id="oc-b6">
         <name>.debug_line</name>
         <load_address>0x1626</load_address>
         <run_address>0x1626</run_address>
         <size>0x50d</size>
         <input_file_ref idref="fl-22"/>
      </object_component>
      <object_component id="oc-bb">
         <name>.debug_line</name>
         <load_address>0x1b33</load_address>
         <run_address>0x1b33</run_address>
         <size>0x3e</size>
         <input_file_ref idref="fl-23"/>
      </object_component>
      <object_component id="oc-c0">
         <name>.debug_line</name>
         <load_address>0x1b71</load_address>
         <run_address>0x1b71</run_address>
         <size>0x3b</size>
         <input_file_ref idref="fl-24"/>
      </object_component>
      <object_component id="oc-c8">
         <name>.debug_line</name>
         <load_address>0x1bac</load_address>
         <run_address>0x1bac</run_address>
         <size>0x101</size>
         <input_file_ref idref="fl-25"/>
      </object_component>
      <object_component id="oc-cf">
         <name>.debug_line</name>
         <load_address>0x1cad</load_address>
         <run_address>0x1cad</run_address>
         <size>0x480</size>
         <input_file_ref idref="fl-26"/>
      </object_component>
      <object_component id="oc-d4">
         <name>.debug_line</name>
         <load_address>0x212d</load_address>
         <run_address>0x212d</run_address>
         <size>0x5d</size>
         <input_file_ref idref="fl-27"/>
      </object_component>
      <object_component id="oc-d9">
         <name>.debug_line</name>
         <load_address>0x218a</load_address>
         <run_address>0x218a</run_address>
         <size>0x265</size>
         <input_file_ref idref="fl-28"/>
      </object_component>
      <object_component id="oc-e0">
         <name>.debug_line</name>
         <load_address>0x23ef</load_address>
         <run_address>0x23ef</run_address>
         <size>0x7e</size>
         <input_file_ref idref="fl-41"/>
      </object_component>
      <object_component id="oc-e5">
         <name>.debug_line</name>
         <load_address>0x246d</load_address>
         <run_address>0x246d</run_address>
         <size>0xad</size>
         <input_file_ref idref="fl-42"/>
      </object_component>
      <object_component id="oc-ea">
         <name>.debug_line</name>
         <load_address>0x251a</load_address>
         <run_address>0x251a</run_address>
         <size>0x8e</size>
         <input_file_ref idref="fl-43"/>
      </object_component>
      <object_component id="oc-ef">
         <name>.debug_line</name>
         <load_address>0x25a8</load_address>
         <run_address>0x25a8</run_address>
         <size>0x50</size>
         <input_file_ref idref="fl-44"/>
      </object_component>
      <object_component id="oc-f4">
         <name>.debug_line</name>
         <load_address>0x25f8</load_address>
         <run_address>0x25f8</run_address>
         <size>0x62</size>
         <input_file_ref idref="fl-45"/>
      </object_component>
      <object_component id="oc-f9">
         <name>.debug_line</name>
         <load_address>0x265a</load_address>
         <run_address>0x265a</run_address>
         <size>0x3e</size>
         <input_file_ref idref="fl-46"/>
      </object_component>
      <object_component id="oc-fe">
         <name>.debug_line</name>
         <load_address>0x2698</load_address>
         <run_address>0x2698</run_address>
         <size>0x3a</size>
         <input_file_ref idref="fl-47"/>
      </object_component>
      <object_component id="oc-105">
         <name>.debug_line</name>
         <load_address>0x26d2</load_address>
         <run_address>0x26d2</run_address>
         <size>0x65</size>
         <input_file_ref idref="fl-48"/>
      </object_component>
      <object_component id="oc-10a">
         <name>.debug_line</name>
         <load_address>0x2737</load_address>
         <run_address>0x2737</run_address>
         <size>0x5e</size>
         <input_file_ref idref="fl-49"/>
      </object_component>
      <object_component id="oc-10f">
         <name>.debug_line</name>
         <load_address>0x2795</load_address>
         <run_address>0x2795</run_address>
         <size>0x55</size>
         <input_file_ref idref="fl-4a"/>
      </object_component>
      <object_component id="oc-114">
         <name>.debug_line</name>
         <load_address>0x27ea</load_address>
         <run_address>0x27ea</run_address>
         <size>0xb2</size>
         <input_file_ref idref="fl-4b"/>
      </object_component>
      <object_component id="oc-21">
         <name>.debug_abbrev</name>
         <load_address>0x0</load_address>
         <run_address>0x0</run_address>
         <size>0x1dc</size>
         <input_file_ref idref="fl-2"/>
      </object_component>
      <object_component id="oc-29">
         <name>.debug_abbrev</name>
         <load_address>0x1dc</load_address>
         <run_address>0x1dc</run_address>
         <size>0x224</size>
         <input_file_ref idref="fl-3"/>
      </object_component>
      <object_component id="oc-30">
         <name>.debug_abbrev</name>
         <load_address>0x400</load_address>
         <run_address>0x400</run_address>
         <size>0x188</size>
         <input_file_ref idref="fl-4"/>
      </object_component>
      <object_component id="oc-34">
         <name>.debug_abbrev</name>
         <load_address>0x588</load_address>
         <run_address>0x588</run_address>
         <size>0x21</size>
         <input_file_ref idref="fl-5"/>
      </object_component>
      <object_component id="oc-39">
         <name>.debug_abbrev</name>
         <load_address>0x5a9</load_address>
         <run_address>0x5a9</run_address>
         <size>0xa5</size>
         <input_file_ref idref="fl-6"/>
      </object_component>
      <object_component id="oc-3c">
         <name>.debug_abbrev</name>
         <load_address>0x64e</load_address>
         <run_address>0x64e</run_address>
         <size>0x21</size>
         <input_file_ref idref="fl-7"/>
      </object_component>
      <object_component id="oc-40">
         <name>.debug_abbrev</name>
         <load_address>0x66f</load_address>
         <run_address>0x66f</run_address>
         <size>0x176</size>
         <input_file_ref idref="fl-8"/>
      </object_component>
      <object_component id="oc-45">
         <name>.debug_abbrev</name>
         <load_address>0x7e5</load_address>
         <run_address>0x7e5</run_address>
         <size>0x9c</size>
         <input_file_ref idref="fl-9"/>
      </object_component>
      <object_component id="oc-48">
         <name>.debug_abbrev</name>
         <load_address>0x881</load_address>
         <run_address>0x881</run_address>
         <size>0x21</size>
         <input_file_ref idref="fl-a"/>
      </object_component>
      <object_component id="oc-4c">
         <name>.debug_abbrev</name>
         <load_address>0x8a2</load_address>
         <run_address>0x8a2</run_address>
         <size>0x8a</size>
         <input_file_ref idref="fl-b"/>
      </object_component>
      <object_component id="oc-51">
         <name>.debug_abbrev</name>
         <load_address>0x92c</load_address>
         <run_address>0x92c</run_address>
         <size>0xa5</size>
         <input_file_ref idref="fl-c"/>
      </object_component>
      <object_component id="oc-56">
         <name>.debug_abbrev</name>
         <load_address>0x9d1</load_address>
         <run_address>0x9d1</run_address>
         <size>0x98</size>
         <input_file_ref idref="fl-d"/>
      </object_component>
      <object_component id="oc-5b">
         <name>.debug_abbrev</name>
         <load_address>0xa69</load_address>
         <run_address>0xa69</run_address>
         <size>0x9e</size>
         <input_file_ref idref="fl-e"/>
      </object_component>
      <object_component id="oc-60">
         <name>.debug_abbrev</name>
         <load_address>0xb07</load_address>
         <run_address>0xb07</run_address>
         <size>0x17e</size>
         <input_file_ref idref="fl-f"/>
      </object_component>
      <object_component id="oc-65">
         <name>.debug_abbrev</name>
         <load_address>0xc85</load_address>
         <run_address>0xc85</run_address>
         <size>0xdc</size>
         <input_file_ref idref="fl-10"/>
      </object_component>
      <object_component id="oc-6a">
         <name>.debug_abbrev</name>
         <load_address>0xd61</load_address>
         <run_address>0xd61</run_address>
         <size>0x9c</size>
         <input_file_ref idref="fl-11"/>
      </object_component>
      <object_component id="oc-6f">
         <name>.debug_abbrev</name>
         <load_address>0xdfd</load_address>
         <run_address>0xdfd</run_address>
         <size>0x9c</size>
         <input_file_ref idref="fl-12"/>
      </object_component>
      <object_component id="oc-74">
         <name>.debug_abbrev</name>
         <load_address>0xe99</load_address>
         <run_address>0xe99</run_address>
         <size>0x8a</size>
         <input_file_ref idref="fl-13"/>
      </object_component>
      <object_component id="oc-79">
         <name>.debug_abbrev</name>
         <load_address>0xf23</load_address>
         <run_address>0xf23</run_address>
         <size>0xf4</size>
         <input_file_ref idref="fl-14"/>
      </object_component>
      <object_component id="oc-7e">
         <name>.debug_abbrev</name>
         <load_address>0x1017</load_address>
         <run_address>0x1017</run_address>
         <size>0x15b</size>
         <input_file_ref idref="fl-15"/>
      </object_component>
      <object_component id="oc-83">
         <name>.debug_abbrev</name>
         <load_address>0x1172</load_address>
         <run_address>0x1172</run_address>
         <size>0x18a</size>
         <input_file_ref idref="fl-16"/>
      </object_component>
      <object_component id="oc-86">
         <name>.debug_abbrev</name>
         <load_address>0x12fc</load_address>
         <run_address>0x12fc</run_address>
         <size>0x21</size>
         <input_file_ref idref="fl-17"/>
      </object_component>
      <object_component id="oc-88">
         <name>.debug_abbrev</name>
         <load_address>0x131d</load_address>
         <run_address>0x131d</run_address>
         <size>0x21</size>
         <input_file_ref idref="fl-18"/>
      </object_component>
      <object_component id="oc-8c">
         <name>.debug_abbrev</name>
         <load_address>0x133e</load_address>
         <run_address>0x133e</run_address>
         <size>0xc5</size>
         <input_file_ref idref="fl-19"/>
      </object_component>
      <object_component id="oc-91">
         <name>.debug_abbrev</name>
         <load_address>0x1403</load_address>
         <run_address>0x1403</run_address>
         <size>0x17c</size>
         <input_file_ref idref="fl-1a"/>
      </object_component>
      <object_component id="oc-96">
         <name>.debug_abbrev</name>
         <load_address>0x157f</load_address>
         <run_address>0x157f</run_address>
         <size>0xe8</size>
         <input_file_ref idref="fl-1b"/>
      </object_component>
      <object_component id="oc-9b">
         <name>.debug_abbrev</name>
         <load_address>0x1667</load_address>
         <run_address>0x1667</run_address>
         <size>0x113</size>
         <input_file_ref idref="fl-1c"/>
      </object_component>
      <object_component id="oc-9e">
         <name>.debug_abbrev</name>
         <load_address>0x177a</load_address>
         <run_address>0x177a</run_address>
         <size>0x21</size>
         <input_file_ref idref="fl-1d"/>
      </object_component>
      <object_component id="oc-a2">
         <name>.debug_abbrev</name>
         <load_address>0x179b</load_address>
         <run_address>0x179b</run_address>
         <size>0x187</size>
         <input_file_ref idref="fl-1e"/>
      </object_component>
      <object_component id="oc-a7">
         <name>.debug_abbrev</name>
         <load_address>0x1922</load_address>
         <run_address>0x1922</run_address>
         <size>0x15f</size>
         <input_file_ref idref="fl-1f"/>
      </object_component>
      <object_component id="oc-ac">
         <name>.debug_abbrev</name>
         <load_address>0x1a81</load_address>
         <run_address>0x1a81</run_address>
         <size>0xf6</size>
         <input_file_ref idref="fl-20"/>
      </object_component>
      <object_component id="oc-b1">
         <name>.debug_abbrev</name>
         <load_address>0x1b77</load_address>
         <run_address>0x1b77</run_address>
         <size>0xec</size>
         <input_file_ref idref="fl-21"/>
      </object_component>
      <object_component id="oc-b7">
         <name>.debug_abbrev</name>
         <load_address>0x1c63</load_address>
         <run_address>0x1c63</run_address>
         <size>0x1db</size>
         <input_file_ref idref="fl-22"/>
      </object_component>
      <object_component id="oc-bc">
         <name>.debug_abbrev</name>
         <load_address>0x1e3e</load_address>
         <run_address>0x1e3e</run_address>
         <size>0x70</size>
         <input_file_ref idref="fl-23"/>
      </object_component>
      <object_component id="oc-c1">
         <name>.debug_abbrev</name>
         <load_address>0x1eae</load_address>
         <run_address>0x1eae</run_address>
         <size>0xce</size>
         <input_file_ref idref="fl-24"/>
      </object_component>
      <object_component id="oc-c9">
         <name>.debug_abbrev</name>
         <load_address>0x1f7c</load_address>
         <run_address>0x1f7c</run_address>
         <size>0x121</size>
         <input_file_ref idref="fl-25"/>
      </object_component>
      <object_component id="oc-d0">
         <name>.debug_abbrev</name>
         <load_address>0x209d</load_address>
         <run_address>0x209d</run_address>
         <size>0x1ab</size>
         <input_file_ref idref="fl-26"/>
      </object_component>
      <object_component id="oc-d5">
         <name>.debug_abbrev</name>
         <load_address>0x2248</load_address>
         <run_address>0x2248</run_address>
         <size>0xb9</size>
         <input_file_ref idref="fl-27"/>
      </object_component>
      <object_component id="oc-da">
         <name>.debug_abbrev</name>
         <load_address>0x2301</load_address>
         <run_address>0x2301</run_address>
         <size>0x1c6</size>
         <input_file_ref idref="fl-28"/>
      </object_component>
      <object_component id="oc-e1">
         <name>.debug_abbrev</name>
         <load_address>0x24c7</load_address>
         <run_address>0x24c7</run_address>
         <size>0x46</size>
         <input_file_ref idref="fl-41"/>
      </object_component>
      <object_component id="oc-e6">
         <name>.debug_abbrev</name>
         <load_address>0x250d</load_address>
         <run_address>0x250d</run_address>
         <size>0x38</size>
         <input_file_ref idref="fl-42"/>
      </object_component>
      <object_component id="oc-eb">
         <name>.debug_abbrev</name>
         <load_address>0x2545</load_address>
         <run_address>0x2545</run_address>
         <size>0x38</size>
         <input_file_ref idref="fl-43"/>
      </object_component>
      <object_component id="oc-f0">
         <name>.debug_abbrev</name>
         <load_address>0x257d</load_address>
         <run_address>0x257d</run_address>
         <size>0xe3</size>
         <input_file_ref idref="fl-44"/>
      </object_component>
      <object_component id="oc-f5">
         <name>.debug_abbrev</name>
         <load_address>0x2660</load_address>
         <run_address>0x2660</run_address>
         <size>0xa8</size>
         <input_file_ref idref="fl-45"/>
      </object_component>
      <object_component id="oc-fa">
         <name>.debug_abbrev</name>
         <load_address>0x2708</load_address>
         <run_address>0x2708</run_address>
         <size>0x68</size>
         <input_file_ref idref="fl-46"/>
      </object_component>
      <object_component id="oc-ff">
         <name>.debug_abbrev</name>
         <load_address>0x2770</load_address>
         <run_address>0x2770</run_address>
         <size>0x66</size>
         <input_file_ref idref="fl-47"/>
      </object_component>
      <object_component id="oc-106">
         <name>.debug_abbrev</name>
         <load_address>0x27d6</load_address>
         <run_address>0x27d6</run_address>
         <size>0x130</size>
         <input_file_ref idref="fl-48"/>
      </object_component>
      <object_component id="oc-10b">
         <name>.debug_abbrev</name>
         <load_address>0x2906</load_address>
         <run_address>0x2906</run_address>
         <size>0xb2</size>
         <input_file_ref idref="fl-49"/>
      </object_component>
      <object_component id="oc-110">
         <name>.debug_abbrev</name>
         <load_address>0x29b8</load_address>
         <run_address>0x29b8</run_address>
         <size>0xee</size>
         <input_file_ref idref="fl-4a"/>
      </object_component>
      <object_component id="oc-115">
         <name>.debug_abbrev</name>
         <load_address>0x2aa6</load_address>
         <run_address>0x2aa6</run_address>
         <size>0x9d</size>
         <input_file_ref idref="fl-4b"/>
      </object_component>
      <object_component id="oc-154">
         <name>.debug_abbrev</name>
         <load_address>0x2b43</load_address>
         <run_address>0x2b43</run_address>
         <size>0xf</size>
      </object_component>
      <object_component id="oc-22">
         <name>.debug_aranges</name>
         <load_address>0x0</load_address>
         <run_address>0x0</run_address>
         <size>0x58</size>
         <input_file_ref idref="fl-2"/>
      </object_component>
      <object_component id="oc-2a">
         <name>.debug_aranges</name>
         <load_address>0x58</load_address>
         <run_address>0x58</run_address>
         <size>0x50</size>
         <input_file_ref idref="fl-3"/>
      </object_component>
      <object_component id="oc-31">
         <name>.debug_aranges</name>
         <load_address>0xa8</load_address>
         <run_address>0xa8</run_address>
         <size>0x78</size>
         <input_file_ref idref="fl-4"/>
      </object_component>
      <object_component id="oc-35">
         <name>.debug_aranges</name>
         <load_address>0x120</load_address>
         <run_address>0x120</run_address>
         <size>0x20</size>
         <input_file_ref idref="fl-5"/>
      </object_component>
      <object_component id="oc-3a">
         <name>.debug_aranges</name>
         <load_address>0x140</load_address>
         <run_address>0x140</run_address>
         <size>0x18</size>
         <input_file_ref idref="fl-6"/>
      </object_component>
      <object_component id="oc-41">
         <name>.debug_aranges</name>
         <load_address>0x158</load_address>
         <run_address>0x158</run_address>
         <size>0x18</size>
         <input_file_ref idref="fl-8"/>
      </object_component>
      <object_component id="oc-46">
         <name>.debug_aranges</name>
         <load_address>0x170</load_address>
         <run_address>0x170</run_address>
         <size>0x18</size>
         <input_file_ref idref="fl-9"/>
      </object_component>
      <object_component id="oc-4d">
         <name>.debug_aranges</name>
         <load_address>0x188</load_address>
         <run_address>0x188</run_address>
         <size>0x18</size>
         <input_file_ref idref="fl-b"/>
      </object_component>
      <object_component id="oc-52">
         <name>.debug_aranges</name>
         <load_address>0x1a0</load_address>
         <run_address>0x1a0</run_address>
         <size>0x18</size>
         <input_file_ref idref="fl-c"/>
      </object_component>
      <object_component id="oc-57">
         <name>.debug_aranges</name>
         <load_address>0x1b8</load_address>
         <run_address>0x1b8</run_address>
         <size>0x18</size>
         <input_file_ref idref="fl-d"/>
      </object_component>
      <object_component id="oc-5c">
         <name>.debug_aranges</name>
         <load_address>0x1d0</load_address>
         <run_address>0x1d0</run_address>
         <size>0x18</size>
         <input_file_ref idref="fl-e"/>
      </object_component>
      <object_component id="oc-61">
         <name>.debug_aranges</name>
         <load_address>0x1e8</load_address>
         <run_address>0x1e8</run_address>
         <size>0x18</size>
         <input_file_ref idref="fl-f"/>
      </object_component>
      <object_component id="oc-66">
         <name>.debug_aranges</name>
         <load_address>0x200</load_address>
         <run_address>0x200</run_address>
         <size>0x18</size>
         <input_file_ref idref="fl-10"/>
      </object_component>
      <object_component id="oc-6b">
         <name>.debug_aranges</name>
         <load_address>0x218</load_address>
         <run_address>0x218</run_address>
         <size>0x18</size>
         <input_file_ref idref="fl-11"/>
      </object_component>
      <object_component id="oc-70">
         <name>.debug_aranges</name>
         <load_address>0x230</load_address>
         <run_address>0x230</run_address>
         <size>0x18</size>
         <input_file_ref idref="fl-12"/>
      </object_component>
      <object_component id="oc-75">
         <name>.debug_aranges</name>
         <load_address>0x248</load_address>
         <run_address>0x248</run_address>
         <size>0x18</size>
         <input_file_ref idref="fl-13"/>
      </object_component>
      <object_component id="oc-7a">
         <name>.debug_aranges</name>
         <load_address>0x260</load_address>
         <run_address>0x260</run_address>
         <size>0x70</size>
         <input_file_ref idref="fl-14"/>
      </object_component>
      <object_component id="oc-7f">
         <name>.debug_aranges</name>
         <load_address>0x2d0</load_address>
         <run_address>0x2d0</run_address>
         <size>0x18</size>
         <input_file_ref idref="fl-15"/>
      </object_component>
      <object_component id="oc-84">
         <name>.debug_aranges</name>
         <load_address>0x2e8</load_address>
         <run_address>0x2e8</run_address>
         <size>0x78</size>
         <input_file_ref idref="fl-16"/>
      </object_component>
      <object_component id="oc-8d">
         <name>.debug_aranges</name>
         <load_address>0x360</load_address>
         <run_address>0x360</run_address>
         <size>0x18</size>
         <input_file_ref idref="fl-19"/>
      </object_component>
      <object_component id="oc-92">
         <name>.debug_aranges</name>
         <load_address>0x378</load_address>
         <run_address>0x378</run_address>
         <size>0x68</size>
         <input_file_ref idref="fl-1a"/>
      </object_component>
      <object_component id="oc-97">
         <name>.debug_aranges</name>
         <load_address>0x3e0</load_address>
         <run_address>0x3e0</run_address>
         <size>0x18</size>
         <input_file_ref idref="fl-1b"/>
      </object_component>
      <object_component id="oc-9c">
         <name>.debug_aranges</name>
         <load_address>0x3f8</load_address>
         <run_address>0x3f8</run_address>
         <size>0x18</size>
         <input_file_ref idref="fl-1c"/>
      </object_component>
      <object_component id="oc-a3">
         <name>.debug_aranges</name>
         <load_address>0x410</load_address>
         <run_address>0x410</run_address>
         <size>0x18</size>
         <input_file_ref idref="fl-1e"/>
      </object_component>
      <object_component id="oc-a8">
         <name>.debug_aranges</name>
         <load_address>0x428</load_address>
         <run_address>0x428</run_address>
         <size>0x90</size>
         <input_file_ref idref="fl-1f"/>
      </object_component>
[...]
      </symbol>
      <symbol id="sm-4">
         <name>_RamfuncsRunSize</name>
         <value>0x1bee</value>
      </symbol>
      <symbol id="sm-5">
         <name>_RamfuncsRunEnd</name>
         <value>0x9bee</value>
      </symbol>
      <symbol id="sm-6">
         <name>cinit</name>
         <value>0x97df</value>
      </symbol>
      <symbol id="sm-7">
         <name>___cinit__</name>
         <value>0x97df</value>
      </symbol>
      <symbol id="sm-8">
         <name>pinit</name>
         <value>0xffffffff</value>
      </symbol>
      <symbol id="sm-9">
         <name>___pinit__</name>
         <value>0xffffffff</value>
      </symbol>
      <symbol id="sm-a">
         <name>binit</name>
         <value>0xffffffff</value>
      </symbol>
      <symbol id="sm-b">
         <name>___binit__</name>
         <value>0xffffffff</value>
      </symbol>
      <symbol id="sm-c">
         <name>__STACK_SIZE</name>
         <value>0x400</value>
      </symbol>
      <symbol id="sm-d">
         <name>__STACK_END</name>
         <value>0x800</value>
      </symbol>
      <symbol id="sm-e">
         <name>___c_args__</name>
         <value>0xffffffff</value>
      </symbol>
      <symbol id="sm-f">
         <name>.text</name>
         <value>0x80e2</value>
      </symbol>
      <symbol id="sm-10">
         <name>___text__</name>
         <value>0x80e2</value>
      </symbol>
      <symbol id="sm-11">
         <name>etext</name>
         <value>0x97df</value>
      </symbol>
      <symbol id="sm-12">
         <name>___etext__</name>
         <value>0x97df</value>
      </symbol>
      <symbol id="sm-13">
         <name>___TI_pprof_out_hndl</name>
         <value>0xffffffff</value>
      </symbol>
      <symbol id="sm-14">
         <name>___TI_prof_data_start</name>
         <value>0xffffffff</value>
      </symbol>
      <symbol id="sm-15">
         <name>___TI_prof_data_size</name>
         <value>0xffffffff</value>
      </symbol>
      <symbol id="sm-8b">
         <name>_liveDFU</name>
         <value>0x80d3</value>
         <object_component_ref idref="oc-129"/>
      </symbol>
      <symbol id="sm-8c">
         <name>_ldfuLoad</name>
         <value>0x882e</value>
         <object_component_ref idref="oc-134"/>
      </symbol>
      <symbol id="sm-8d">
         <name>_ldfuCopyData</name>
         <value>0x885e</value>
         <object_component_ref idref="oc-134"/>
      </symbol>
      <symbol id="sm-8e">
         <name>_fmstatFail</name>
         <value>0x882b</value>
         <object_component_ref idref="oc-134"/>
      </symbol>
      <symbol id="sm-8f">
         <name>_getWordData</name>
         <value>0xa036</value>
         <object_component_ref idref="oc-1d"/>
      </symbol>
      <symbol id="sm-90">
         <name>_readReservedFn</name>
         <value>0x8ae1</value>
         <object_component_ref idref="oc-134"/>
      </symbol>
      <symbol id="sm-91">
         <name>_revInit</name>
         <value>0x8b03</value>
         <object_component_ref idref="oc-134"/>
      </symbol>
      <symbol id="sm-92">
         <name>_secAddress</name>
         <value>0x9b5c</value>
         <object_component_ref idref="oc-137"/>
      </symbol>
      <symbol id="sm-93">
         <name>_Buffer32</name>
         <value>0xa034</value>
         <object_component_ref idref="oc-1d"/>
      </symbol>
      <symbol id="sm-94">
         <name>_getLongData</name>
         <value>0x8af1</value>
         <object_component_ref idref="oc-134"/>
      </symbol>
      <symbol id="sm-95">
         <name>_BUFF</name>
         <value>0xa02a</value>
         <object_component_ref idref="oc-117"/>
      </symbol>
      <symbol id="sm-96">
         <name>_findSize</name>
         <value>0x8adb</value>
         <object_component_ref idref="oc-134"/>
      </symbol>
      <symbol id="sm-ca">
         <name>_main</name>
         <value>0x943e</value>
         <object_component_ref idref="oc-120"/>
      </symbol>
      <symbol id="sm-cb">
         <name>_temp_main</name>
         <value>0x9443</value>
         <object_component_ref idref="oc-120"/>
      </symbol>
      <symbol id="sm-cc">
         <name>_initFlashSectors</name>
         <value>0x9512</value>
         <object_component_ref idref="oc-120"/>
      </symbol>
      <symbol id="sm-cd">
         <name>_statusCode</name>
         <value>0xa020</value>
         <object_component_ref idref="oc-25"/>
      </symbol>
      <symbol id="sm-ce">
         <name>_pCode</name>
         <value>0xa01a</value>
         <object_component_ref idref="oc-25"/>
      </symbol>
      <symbol id="sm-cf">
         <name>_bytecnts</name>
         <value>0xa01c</value>
         <object_component_ref idref="oc-25"/>
      </symbol>
      <symbol id="sm-d0">
         <name>_sciaGetWordData</name>
         <value>0x9432</value>
         <object_component_ref idref="oc-120"/>
      </symbol>
      <symbol id="sm-d1">
         <name>_exampleError</name>
         <value>0x9529</value>
         <object_component_ref idref="oc-120"/>
      </symbol>
      <symbol id="sm-e8">
         <name>_Example_Fail</name>
         <value>0xa032</value>
         <object_component_ref idref="oc-2d"/>
      </symbol>
      <symbol id="sm-e9">
         <name>_Device_intSCIA</name>
         <value>0x9072</value>
         <object_component_ref idref="oc-123"/>
      </symbol>
      <symbol id="sm-ea">
         <name>_Device_initGPIO</name>
         <value>0x9062</value>
         <object_component_ref idref="oc-123"/>
      </symbol>
      <symbol id="sm-eb">
         <name>___error__</name>
         <value>0x90c8</value>
         <object_component_ref idref="oc-123"/>
      </symbol>
      <symbol id="sm-ec">
         <name>_Device_init</name>
         <value>0x8f6d</value>
         <object_component_ref idref="oc-123"/>
      </symbol>
      <symbol id="sm-ed">
         <name>_Example_PassCount</name>
         <value>0xa030</value>
         <object_component_ref idref="oc-2d"/>
      </symbol>
      <symbol id="sm-ee">
         <name>_Device_enableAllPeripherals</name>
         <value>0x8f94</value>
         <object_component_ref idref="oc-123"/>
      </symbol>
      <symbol id="sm-fb">
         <name>code_start</name>
         <value>0x80000</value>
         <object_component_ref idref="oc-12"/>
      </symbol>
      <symbol id="sm-181">
         <name>_Flash_initModule</name>
         <value>0x8086</value>
         <object_component_ref idref="oc-126"/>
      </symbol>
      <symbol id="sm-182">
         <name>_Flash_wakeFromLPM</name>
         <value>0x80be</value>
         <object_component_ref idref="oc-126"/>
      </symbol>
      <symbol id="sm-183">
         <name>_Flash_powerDown</name>
         <value>0x80ae</value>
         <object_component_ref idref="oc-126"/>
      </symbol>
      <symbol id="sm-1b0">
         <name>_GPIO_setAnalogMode</name>
         <value>0x8eac</value>
         <object_component_ref idref="oc-12e"/>
      </symbol>
      <symbol id="sm-1b1">
         <name>_GPIO_setMasterCore</name>
         <value>0x8e80</value>
         <object_component_ref idref="oc-12e"/>
      </symbol>
      <symbol id="sm-1b2">
         <name>_GPIO_setInterruptPin</name>
         <value>0x8d6a</value>
         <object_component_ref idref="oc-12e"/>
      </symbol>
      <symbol id="sm-1b3">
         <name>_GPIO_setQualificationPeriod</name>
         <value>0x8e5e</value>
         <object_component_ref idref="oc-12e"/>
      </symbol>
      <symbol id="sm-1b4">
         <name>_GPIO_setPinConfig</name>
         <value>0x8ed4</value>
         <object_component_ref idref="oc-12e"/>
      </symbol>
      <symbol id="sm-1b5">
         <name>_GPIO_setDirectionMode</name>
         <value>0x8d2d</value>
         <object_component_ref idref="oc-12e"/>
      </symbol>
      <symbol id="sm-1b6">
         <name>_GPIO_getQualificationMode</name>
         <value>0x8e3d</value>
         <object_component_ref idref="oc-12e"/>
      </symbol>
      <symbol id="sm-1b7">
         <name>_GPIO_getDirectionMode</name>
         <value>0x8d54</value>
         <object_component_ref idref="oc-12e"/>
      </symbol>
      <symbol id="sm-1b8">
         <name>_GPIO_getPadConfig</name>
         <value>0x8ddd</value>
         <object_component_ref idref="oc-12e"/>
      </symbol>
      <symbol id="sm-1b9">
         <name>_GPIO_setQualificationMode</name>
         <value>0x8e11</value>
         <object_component_ref idref="oc-12e"/>
      </symbol>
      <symbol id="sm-1ba">
         <name>_GPIO_setPadConfig</name>
         <value>0x8d95</value>
         <object_component_ref idref="oc-12e"/>
      </symbol>
      <symbol id="sm-202">
         <name>_Interrupt_enable</name>
         <value>0x9395</value>
         <object_component_ref idref="oc-124"/>
      </symbol>
      <symbol id="sm-203">
         <name>_Interrupt_initVectorTable</name>
         <value>0x9375</value>
         <object_component_ref idref="oc-124"/>
      </symbol>
      <symbol id="sm-204">
         <name>_Interrupt_disable</name>
         <value>0x93c9</value>
         <object_component_ref idref="oc-124"/>
      </symbol>
      <symbol id="sm-205">
         <name>_Interrupt_initModule</name>
         <value>0x9338</value>
         <object_component_ref idref="oc-124"/>
      </symbol>
      <symbol id="sm-25f">
         <name>_SCI_enableInterrupt</name>
         <value>0x8c2c</value>
         <object_component_ref idref="oc-12d"/>
      </symbol>
      <symbol id="sm-260">
         <name>_SCI_clearInterruptStatus</name>
         <value>0x8ce5</value>
         <object_component_ref idref="oc-12d"/>
      </symbol>
      <symbol id="sm-261">
         <name>_SCI_getInterruptStatus</name>
         <value>0x8ca2</value>
         <object_component_ref idref="oc-12d"/>
      </symbol>
      <symbol id="sm-262">
         <name>_SCI_setConfig</name>
         <value>0x8ba0</value>
         <object_component_ref idref="oc-12d"/>
      </symbol>
      <symbol id="sm-263">
         <name>_SCI_disableInterrupt</name>
         <value>0x8c67</value>
         <object_component_ref idref="oc-12d"/>
      </symbol>
      <symbol id="sm-264">
         <name>_SCI_writeCharArray</name>
         <value>0x8bc4</value>
         <object_component_ref idref="oc-12d"/>
      </symbol>
      <symbol id="sm-265">
         <name>_SCI_readCharArray</name>
         <value>0x8bfb</value>
         <object_component_ref idref="oc-12d"/>
      </symbol>
      <symbol id="sm-2d3">
         <name>_SysCtl_selectXTALSingleEnded</name>
         <value>0x86d4</value>
         <object_component_ref idref="oc-12c"/>
      </symbol>
      <symbol id="sm-2d4">
         <name>_SysCtl_selectXTAL</name>
         <value>0x86b0</value>
         <object_component_ref idref="oc-12c"/>
      </symbol>
      <symbol id="sm-2d5">
         <name>_SysCtl_delay</name>
         <value>0x80cf</value>
         <object_component_ref idref="oc-b4"/>
      </symbol>
      <symbol id="sm-2d6">
         <name>_SysCtl_selectOscSource</name>
         <value>0x86ee</value>
         <object_component_ref idref="oc-12c"/>
      </symbol>
      <symbol id="sm-2d7">
         <name>_SysCtl_isPLLValid</name>
         <value>0x8790</value>
         <object_component_ref idref="oc-12c"/>
      </symbol>
      <symbol id="sm-2d8">
         <name>_SysCtl_setClock</name>
         <value>0x8605</value>
         <object_component_ref idref="oc-12c"/>
      </symbol>
      <symbol id="sm-2d9">
         <name>_SysCtl_getLowSpeedClock</name>
         <value>0x871b</value>
         <object_component_ref idref="oc-12c"/>
      </symbol>
      <symbol id="sm-2da">
         <name>_SysCtl_getClock</name>
         <value>0x85b4</value>
         <object_component_ref idref="oc-12c"/>
      </symbol>
      <symbol id="sm-2db">
         <name>_SysCtl_getDeviceParametric</name>
         <value>0x8735</value>
         <object_component_ref idref="oc-12c"/>
      </symbol>
      <symbol id="sm-331">
         <name>_getCMDlines</name>
         <value>0x9560</value>
         <object_component_ref idref="oc-127"/>
      </symbol>
      <symbol id="sm-332">
         <name>_cmd_discp</name>
         <value>0xa006</value>
         <object_component_ref idref="oc-119"/>
      </symbol>
      <symbol id="sm-333">
         <name>_getAddr_length</name>
         <value>0x95ee</value>
         <object_component_ref idref="oc-127"/>
      </symbol>
      <symbol id="sm-334">
         <name>_gethelp</name>
         <value>0x952f</value>
         <object_component_ref idref="oc-127"/>
      </symbol>
      <symbol id="sm-335">
         <name>_getdownloaddata</name>
         <value>0x9591</value>
         <object_component_ref idref="oc-127"/>
      </symbol>
      <symbol id="sm-336">
         <name>_uart0_cmd</name>
         <value>0xa010</value>
         <object_component_ref idref="oc-118"/>
      </symbol>
      <symbol id="sm-3a9">
         <name>_UARTGetHexNum</name>
         <value>0x824d</value>
         <object_component_ref idref="oc-125"/>
      </symbol>
      <symbol id="sm-3aa">
         <name>_UARTPutNum</name>
         <value>0x8170</value>
         <object_component_ref idref="oc-125"/>
      </symbol>
      <symbol id="sm-3ab">
         <name>_UARTGetNum</name>
         <value>0x8218</value>
         <object_component_ref idref="oc-125"/>
      </symbol>
      <symbol id="sm-3ac">
         <name>_UARTPutHexNum</name>
         <value>0x81be</value>
         <object_component_ref idref="oc-125"/>
      </symbol>
      <symbol id="sm-3ad">
         <name>_UARTwrite</name>
         <value>0x82e8</value>
         <object_component_ref idref="oc-125"/>
      </symbol>
      <symbol id="sm-3ae">
         <name>_UARTPutc</name>
         <value>0x82d7</value>
         <object_component_ref idref="oc-125"/>
      </symbol>
      <symbol id="sm-3af">
         <name>_UARTPuts</name>
         <value>0x811d</value>
         <object_component_ref idref="oc-125"/>
      </symbol>
      <symbol id="sm-3b0">
         <name>_UARTGetc</name>
         <value>0x82e1</value>
         <object_component_ref idref="oc-125"/>
      </symbol>
      <symbol id="sm-3b1">
         <name>_UARTGets</name>
         <value>0x8147</value>
         <object_component_ref idref="oc-125"/>
      </symbol>
      <symbol id="sm-3b2">
         <name>_UARTprintf</name>
         <value>0x8308</value>
         <object_component_ref idref="oc-125"/>
      </symbol>
      <symbol id="sm-3c3">
         <name>_crc16_ccitt</name>
         <value>0x9775</value>
         <object_component_ref idref="oc-132"/>
      </symbol>
      <symbol id="sm-405">
         <name>__inbyte</name>
         <value>0x9116</value>
         <object_component_ref idref="oc-128"/>
      </symbol>
      <symbol id="sm-406">
         <name>_xmodemReceive</name>
         <value>0x917e</value>
         <object_component_ref idref="oc-128"/>
      </symbol>
      <symbol id="sm-407">
         <name>__outbyte</name>
         <value>0x910c</value>
         <object_component_ref idref="oc-128"/>
      </symbol>
      <symbol id="sm-408">
         <name>_xbuff</name>
         <value>0x9c00</value>
         <object_component_ref idref="oc-133"/>
      </symbol>
      <symbol id="sm-40a">
         <name>_Fapi_checkFsmForReady</name>
         <value>0x3fff10</value>
      </symbol>
      <symbol id="sm-40c">
         <name>_Fapi_doBlankCheck</name>
         <value>0x3fff02</value>
      </symbol>
      <symbol id="sm-40e">
         <name>_Fapi_doVerify</name>
         <value>0x3fff08</value>
      </symbol>
      <symbol id="sm-410">
         <name>_Fapi_getFsmStatus</name>
         <value>0x3fff12</value>
      </symbol>
      <symbol id="sm-412">
         <name>_Fapi_initializeAPI</name>
         <value>0x3ffefc</value>
      </symbol>
      <symbol id="sm-414">
         <name>_Fapi_issueAsyncCommandWithAddress</name>
         <value>0x3fff00</value>
      </symbol>
      <symbol id="sm-416">
         <name>_Fapi_issueProgrammingCommand</name>
         <value>0x3fff04</value>
      </symbol>
      <symbol id="sm-418">
         <name>_Fapi_setActiveFlashBank</name>
         <value>0x3ffefe</value>
      </symbol>
      <symbol id="sm-433">
         <name>_c_int00</name>
         <value>0x96a8</value>
         <object_component_ref idref="oc-dc"/>
      </symbol>
      <symbol id="sm-434">
         <name>__stack</name>
         <value>0x400</value>
         <object_component_ref idref="oc-dd"/>
      </symbol>
      <symbol id="sm-445">
         <name>FS$$DIV</name>
         <value>0x9620</value>
         <object_component_ref idref="oc-e3"/>
      </symbol>
      <symbol id="sm-451">
         <name>UL$$MOD</name>
         <value>0x9722</value>
         <object_component_ref idref="oc-e8"/>
      </symbol>
      <symbol id="sm-452">
         <name>L$$MOD</name>
         <value>0x970d</value>
         <object_component_ref idref="oc-e8"/>
      </symbol>
      <symbol id="sm-453">
         <name>L$$DIV</name>
         <value>0x96fe</value>
         <object_component_ref idref="oc-e8"/>
      </symbol>
      <symbol id="sm-454">
         <name>UL$$DIV</name>
         <value>0x971b</value>
         <object_component_ref idref="oc-e8"/>
      </symbol>
      <symbol id="sm-463">
         <name>_copy_in</name>
         <value>0x9751</value>
         <object_component_ref idref="oc-11b"/>
      </symbol>
      <symbol id="sm-474">
         <name>_memcpy</name>
         <value>0x9793</value>
         <object_component_ref idref="oc-11f"/>
      </symbol>
      <symbol id="sm-480">
         <name>__system_pre_init</name>
         <value>0x97dc</value>
         <object_component_ref idref="oc-11a"/>
      </symbol>
      <symbol id="sm-48d">
         <name>__system_post_cinit</name>
         <value>0x97de</value>
         <object_component_ref idref="oc-11c"/>
      </symbol>
      <symbol id="sm-4a1">
         <name>C$$EXIT</name>
         <value>0x9728</value>
         <object_component_ref idref="oc-11e"/>
      </symbol>
      <symbol id="sm-4a2">
         <name>_exit</name>
         <value>0x972a</value>
         <object_component_ref idref="oc-11e"/>
      </symbol>
      <symbol id="sm-4a3">
         <name>___TI_cleanup_ptr</name>
         <value>0xa026</value>
         <object_component_ref idref="oc-103"/>
      </symbol>
      <symbol id="sm-4a4">
         <name>___TI_enable_exit_profile_output</name>
         <value>0xa024</value>
         <object_component_ref idref="oc-103"/>
      </symbol>
      <symbol id="sm-4a5">
         <name>_abort</name>
         <value>0x9728</value>
         <object_component_ref idref="oc-11e"/>
      </symbol>
      <symbol id="sm-4a6">
         <name>___TI_dtors_ptr</name>
         <value>0xa028</value>
         <object_component_ref idref="oc-103"/>
      </symbol>
      <symbol id="sm-4ba">
         <name>__unlock</name>
         <value>0xa038</value>
         <object_component_ref idref="oc-135"/>
      </symbol>
      <symbol id="sm-4bb">
         <name>__lock</name>
         <value>0x9bfe</value>
         <object_component_ref idref="oc-121"/>
      </symbol>
      <symbol id="sm-4bc">
         <name>__register_lock</name>
         <value>0x97d7</value>
         <object_component_ref idref="oc-12a"/>
      </symbol>
      <symbol id="sm-4bd">
         <name>__nop</name>
         <value>0x97db</value>
         <object_component_ref idref="oc-12a"/>
      </symbol>
      <symbol id="sm-4be">
         <name>__register_unlock</name>
         <value>0x97d3</value>
         <object_component_ref idref="oc-12a"/>
      </symbol>
      <symbol id="sm-4cd">
         <name>__args_main</name>
         <value>0x97b0</value>
         <object_component_ref idref="oc-11d"/>
      </symbol>
      <symbol id="sm-4db">
         <name>_strcmp</name>
         <value>0x97c9</value>
         <object_component_ref idref="oc-131"/>
      </symbol>
   </symbol_table>
   <title>Link successful</title>
</link_info>
