******************************************************************************
             TMS320C2000 Linker PC v18.12.3                    
******************************************************************************
>> Linked Mon Dec 16 18:14:15 2019

OUTPUT FILE NAME:   <f280049_downloadAes.out>
ENTRY POINT SYMBOL: "code_start"  address: 00081010


MEMORY CONFIGURATION

         name            origin    length      used     unused   attr    fill
----------------------  --------  ---------  --------  --------  ----  --------
PAGE 0:
  RAMM0                 000000f5   0000030b  00000300  0000000b  RWIX
  RAMLS0_5              00008000   00003000  00002ace  00000532  RWIX
  FLASH0_BOOT_S0_S1     00080000   00001000  00000000  00001000  RWIX
  BEGIN                 00081010   00000002  00000002  00000000  RWIX
  FLASH0_LOAD_S1_S3     00081020   00002fe0  00002ace  00000512  RWIX
  FLASH0_DSP_S4_S7      00084002   00003ffc  00000000  00003ffc  RWIX
  FLASH0_DSP_S8_S9      00088000   00003000  00000000  00003000  RWIX
  FLASH0_CLA_S10        0008b000   00001000  00000000  00001000  RWIX
  FLASH0_S11_S14        0008c000   00003000  00000000  00003000  RWIX
  FLASH0_CONFIG_S15     0008f000   00001000  00000000  00001000  RWIX
  FLASH1_RES_S0_15      00090000   00010000  00000000  00010000  RWIX
  RESET                 003fffc0   00000002  00000000  00000002  RWIX

PAGE 1:
  BOOT_RSVD             00000002   000000f3  00000000  000000f3  RWIX
  RAMM1                 00000400   00000400  00000000  00000400  RWIX
  uploadram             0000b000   00008000  00002000  00006000  RWIX
  EBSS                  00013000   00001000  0000047a  00000b86  RWIX


SECTION ALLOCATION MAP

 output                                  attributes/
section   page    origin      length       input sections
--------  ----  ----------  ----------   ----------------
codestart 
*          0    00081010    00000002     
                  00081010    00000002     f28004x_codestartbranch.obj (codestart)

.text      0    00081020    000020ba     RUN ADDR = 00008000
                  00081020    0000041b     flashapi_ex2_ldfu.obj (.text)
                  0008143b    00000402     aes.obj (.text)
                  0008183d    000003be     uartStdio.obj (.text)
                  00081bfb    0000038f     sysctl.obj (.text)
                  00081f8a    000002cf     flashapi_main.obj (.text)
                  00082259    0000020f     test.obj (.text)
                  00082468    000001f0     sci.obj (.text)
                  00082658    000001eb     gpio.obj (.text)
                  00082843    000001c4     xmodem.obj (.text)
                  00082a07    000001b5     device.obj (.text)
                  00082bbc    00000187     interrupt.obj (.text)
                  00082d43    0000016a     dcsm.obj (.text)
                  00082ead    00000088     rts2800_fpu32.lib : fs_div28.asm.obj (.text)
                  00082f35    00000062     cmd.obj (.text)
                  00082f97    00000056     rts2800_fpu32.lib : boot28.asm.obj (.text)
                  00082fed    0000002d                       : rand.c.obj (.text)
                  0008301a    00000029                       : exit.c.obj (.text)
                  00083043    00000024                       : cpy_tbl.c.obj (.text)
                  00083067    00000020     crc16.obj (.text)
                  00083087    0000001d     rts2800_fpu32.lib : memcpy.c.obj (.text)
                  000830a4    00000019                       : args_main.c.obj (.text)
                  000830bd    0000000a                       : strcmp.c.obj (.text)
                  000830c7    00000009                       : _lock.c.obj (.text)
                  000830d0    00000007                       : memset.c.obj (.text)
                  000830d7    00000002                       : pre_init.c.obj (.text)
                  000830d9    00000001                       : startup.c.obj (.text)

.TI.ramfunc 
*          0    000830da    000000d4     RUN ADDR = 0000a0ba
                  000830da    000000d0     flash.obj (.TI.ramfunc)
                  000831aa    00000004     sysctl.obj (.TI.ramfunc)

.pinit     0    000831ae    00000000     UNINITIALIZEDRUN ADDR = 0000a18e

.cinit     0    000831ae    0000004d     RUN ADDR = 0000a18e
                  000831ae    0000000e     rts2800_fpu32.lib : exit.c.obj (.cinit)
                  000831bc    0000000b     cmd.obj (.cinit:_cmd_discp)
                  000831c7    0000000b     cmd.obj (.cinit:_uart0_cmd)
                  000831d2    0000000a     device.obj (.cinit)
                  000831dc    00000005     rts2800_fpu32.lib : _lock.c.obj (.cinit:__lock)
                  000831e1    00000005                       : _lock.c.obj (.cinit:__unlock)
                  000831e6    00000005     flashapi_ex2_ldfu.obj (.cinit)
                  000831eb    00000005     flashapi_main.obj (.cinit)
                  000831f0    00000005     rts2800_fpu32.lib : rand.c.obj (.cinit)
                  000831f5    00000004     cmd.obj (.cinit:_uart0_CMD)
                  000831f9    00000002     --HOLE-- [fill = 0]

.switch    0    000831fb    00000000     UNINITIALIZEDRUN ADDR = 0000a1db

.econst    0    000831fc    000008f2     RUN ADDR = 0000a1dc
                  000831fc    0000029c     flashapi_main.obj (.econst:.string)
                  00083498    0000022c     flashapi_ex2_ldfu.obj (.econst:.string)
                  000836c4    00000100     crc16.obj (.econst:_crc16tab)
                  000837c4    00000100     aes.obj (.econst:_rsbox)
                  000838c4    00000100     aes.obj (.econst:_sbox)
                  000839c4    000000c1     cmd.obj (.econst:.string)
                  00083a85    00000001     --HOLE-- [fill = 0]
                  00083a86    00000040     flashapi_ex2_ldfu.obj (.econst:_secAddress)
                  00083ac6    0000001a     uartStdio.obj (.econst:.string)
                  00083ae0    0000000b     aes.obj (.econst:_Rcon)
                  00083aeb    00000001     --HOLE-- [fill = 0]
                  00083aec    00000002     uartStdio.obj (.econst)

.reset     0    003fffc0    00000002     DSECT
                  003fffc0    00000002     rts2800_fpu32.lib : boot28.asm.obj (.reset)

.stack     0    000000f8    00000300     UNINITIALIZED
                  000000f8    00000300     --HOLE--

.ebss      1    00013000    0000047a     UNINITIALIZED
                  00013000    00000406     xmodem.obj (.ebss:_xbuff)
                  00013406    00000010     test.obj (.ebss:_buff)
                  00013416    00000010     test.obj (.ebss:_iv)
                  00013426    00000010     test.obj (.ebss:_key)
                  00013436    00000008     cmd.obj (.ebss:_cmd_discp)
                  0001343e    00000002     rts2800_fpu32.lib : _lock.c.obj (.ebss:__lock)
                  00013440    00000010     cmd.obj (.ebss:_uart0_CMD)
                  00013450    00000008     cmd.obj (.ebss:_uart0_cmd)
                  00013458    00000008     flashapi_ex2_ldfu.obj (.ebss)
                  00013460    00000006     flashapi_main.obj (.ebss)
                  00013466    00000006     rts2800_fpu32.lib : exit.c.obj (.ebss)
                  0001346c    00000005     flashapi_ex2_ldfu.obj (.ebss:_BUFF)
                  00013471    00000001     --HOLE--
                  00013472    00000004     device.obj (.ebss)
                  00013476    00000002     rts2800_fpu32.lib : _lock.c.obj (.ebss:__unlock)
                  00013478    00000002                       : rand.c.obj (.ebss)

.encryptCode 
*          1    0000b000    00002000     UNINITIALIZED
                  0000b000    00002000     flashapi_main.obj (.encryptCode)

MODULE SUMMARY

       Module                        code    initialized data   uninitialized data
       ------                        ----    ----------------   ------------------
    .\
       flashapi_main.obj             1438    1346               8198              
       flashapi_ex2_ldfu.obj         2102    1250               13                
    +--+-----------------------------+-------+------------------+--------------------+
       Total:                        3540    2596               8211              
                                                                                  
    .\aes_encrypt\
       aes.obj                       2052    1046               0                 
       test.obj                      1054    0                  48                
    +--+-----------------------------+-------+------------------+--------------------+
       Total:                        3106    1046               48                
                                                                                  
    .\device\
       device.obj                    874     20                 4                 
       f28004x_codestartbranch.obj   2       0                  0                 
    +--+-----------------------------+-------+------------------+--------------------+
       Total:                        876     20                 4                 
                                                                                  
    .\device\driverlib\
       sysctl.obj                    1830    0                  0                 
       sci.obj                       992     0                  0                 
       gpio.obj                      982     0                  0                 
       interrupt.obj                 782     0                  0                 
       dcsm.obj                      724     0                  0                 
       flash.obj                     416     0                  0                 
    +--+-----------------------------+-------+------------------+--------------------+
       Total:                        5726    0                  0                 
                                                                                  
    .\user\
       uartStdio.obj                 1916    56                 0                 
       cmd.obj                       196     438                32                
    +--+-----------------------------+-------+------------------+--------------------+
       Total:                        2112    494                32                
                                                                                  
    .\xmodem\
       xmodem.obj                    904     0                  1030              
       crc16.obj                     64      512                0                 
    +--+-----------------------------+-------+------------------+--------------------+
       Total:                        968     512                1030              
                                                                                  
    D:\ti\ccs920\ccs\tools\compiler\ti-cgt-c2000_18.12.3.LTS\lib\rts2800_fpu32.lib
       fs_div28.asm.obj              272     0                  0                 
       boot28.asm.obj                172     0                  0                 
       exit.c.obj                    82      28                 6                 
       rand.c.obj                    90      10                 2                 
       cpy_tbl.c.obj                 72      0                  0                 
       memcpy.c.obj                  58      0                  0                 
       args_main.c.obj               50      0                  0                 
       _lock.c.obj                   18      20                 4                 
       strcmp.c.obj                  20      0                  0                 
       memset.c.obj                  14      0                  0                 
       pre_init.c.obj                4       0                  0                 
       startup.c.obj                 2       0                  0                 
    +--+-----------------------------+-------+------------------+--------------------+
       Total:                        854     58                 12                
                                                                                  
       Stack:                        0       0                  768               
    +--+-----------------------------+-------+------------------+--------------------+
       Grand Total:                  17182   4726               10105             


GLOBAL DATA SYMBOLS: SORTED BY DATA PAGE

address     data page           name
--------    ----------------    ----
000000f8       3 (000000c0)     __stack

0000aa66     2a9 (0000aa40)     _secAddress

0000b000     2c0 (0000b000)     _encryptCode

0000c000     300 (0000c000)     _dencryptCode

00013406     4d0 (00013400)     _buff
00013416     4d0 (00013400)     _iv
00013426     4d0 (00013400)     _key
00013436     4d0 (00013400)     _cmd_discp
0001343e     4d0 (00013400)     __lock

00013450     4d1 (00013440)     _uart0_cmd
00013458     4d1 (00013440)     _Buffer32
0001345a     4d1 (00013440)     _getWordData
0001345c     4d1 (00013440)     _BlockHeader
00013460     4d1 (00013440)     _pCode
00013462     4d1 (00013440)     _pdata
00013464     4d1 (00013440)     _bytecnts
00013466     4d1 (00013440)     ___TI_enable_exit_profile_output
00013468     4d1 (00013440)     ___TI_cleanup_ptr
0001346a     4d1 (00013440)     ___TI_dtors_ptr
0001346c     4d1 (00013440)     _BUFF
00013472     4d1 (00013440)     _Example_PassCount
00013474     4d1 (00013440)     _Example_Fail
00013476     4d1 (00013440)     __unlock


GLOBAL SYMBOLS: SORTED ALPHABETICALLY BY Name 

page  address   name                              
----  -------   ----                              
0     00008000  .text                             
0     00009ffa  C$$EXIT                           
0     00009e8d  FS$$DIV                           
0     000087f9  _AES_CBC_decrypt_buffer           
0     00008649  _AES_CBC_encrypt_buffer           
0     000084c4  _AES_init_ctx_iv                  
1     0001346c  _BUFF                             
1     0001345c  _BlockHeader                      
1     00013458  _Buffer32                         
0     00009e58  _DCSM_claimZoneSemaphore          
0     00009dee  _DCSM_getZone1FlashEXEStatus      
0     00009e10  _DCSM_getZone1RAMEXEStatus        
0     00009e23  _DCSM_getZone2FlashEXEStatus      
0     00009e45  _DCSM_getZone2RAMEXEStatus        
0     00009e76  _DCSM_releaseZoneSemaphore        
0     00009d4a  _DCSM_unlockZone1CSM              
0     00009d9c  _DCSM_unlockZone2CSM              
0     00009a61  _Device_enableAllPeripherals      
0     00009a49  _Device_init                      
0     00009b2f  _Device_initGPIO                  
0     00009b3f  _Device_intSCIA                   
0     0000803b  _Erase_FlashSector                
1     00013474  _Example_Fail                     
1     00013472  _Example_PassCount                
abs   003fff10  _Fapi_checkFsmForReady            
abs   003fff02  _Fapi_doBlankCheck                
abs   003fff08  _Fapi_doVerify                    
abs   003ffefc  _Fapi_initializeAPI               
abs   003fff00  _Fapi_issueAsyncCommandWithAddress
abs   003fff04  _Fapi_issueProgrammingCommand     
abs   003ffefe  _Fapi_setActiveFlashBank          
0     0000a146  _Flash_initModule                 
0     0000a169  _Flash_powerDown                  
0     0000a179  _Flash_wakeFromLPM                
0     0000966c  _GPIO_getDirectionMode            
0     000096f5  _GPIO_getPadConfig                
0     00009755  _GPIO_getQualificationMode        
0     000097c4  _GPIO_setAnalogMode               
0     00009645  _GPIO_setDirectionMode            
0     00009682  _GPIO_setInterruptPin             
0     00009798  _GPIO_setMasterCore               
0     000096ad  _GPIO_setPadConfig                
0     000097ec  _GPIO_setPinConfig                
0     00009729  _GPIO_setQualificationMode        
0     00009776  _GPIO_setQualificationPeriod      
0     00009cd8  _Interrupt_disable                
0     00009ca4  _Interrupt_enable                 
0     00009c47  _Interrupt_initModule             
0     00009c84  _Interrupt_initVectorTable        
abs   00083aee  _RamfuncsLoadEnd                  
abs   00002ace  _RamfuncsLoadSize                 
abs   00081020  _RamfuncsLoadStart                
abs   0000aace  _RamfuncsRunEnd                   
abs   00002ace  _RamfuncsRunSize                  
abs   00008000  _RamfuncsRunStart                 
0     000095fd  _SCI_clearInterruptStatus         
0     0000957f  _SCI_disableInterrupt             
0     00009544  _SCI_enableInterrupt              
0     000095ba  _SCI_getInterruptStatus           
0     00009513  _SCI_readCharArray                
0     000094b8  _SCI_setConfig                    
0     000094dc  _SCI_writeCharArray               
0     00009327  _SetCodeStatus                    
0     0000a18a  _SysCtl_delay                     
0     00008cf3  _SysCtl_getClock                  
0     00008e74  _SysCtl_getDeviceParametric       
0     00008e5a  _SysCtl_getLowSpeedClock          
0     00008ecf  _SysCtl_isPLLValid                
0     00008e2d  _SysCtl_selectOscSource           
0     00008def  _SysCtl_selectXTAL                
0     00008e13  _SysCtl_selectXTALSingleEnded     
0     00008d44  _SysCtl_setClock                  
0     00008988  _UARTGetHexNum                    
0     00008953  _UARTGetNum                       
0     00008a1c  _UARTGetc                         
0     00008882  _UARTGets                         
0     000088f9  _UARTPutHexNum                    
0     000088ab  _UARTPutNum                       
0     00008a12  _UARTPutc                         
0     00008858  _UARTPuts                         
0     00008a43  _UARTprintf                       
0     00008a23  _UARTwrite                        
0     00008080  _Write_Flash                      
0     000003f8  __STACK_END                       
abs   00000300  __STACK_SIZE                      
1     00013468  ___TI_cleanup_ptr                 
1     0001346a  ___TI_dtors_ptr                   
1     00013466  ___TI_enable_exit_profile_output  
abs   ffffffff  ___TI_pprof_out_hndl              
abs   ffffffff  ___TI_prof_data_size              
abs   ffffffff  ___TI_prof_data_start             
abs   ffffffff  ___binit__                        
abs   ffffffff  ___c_args__                       
0     0000a18e  ___cinit__                        
0     00009b95  ___error__                        
0     0000a0ba  ___etext__                        
abs   ffffffff  ___pinit__                        
0     00008000  ___text__                         
0     0000a084  __args_main                       
0     0000986a  __inbyte                          
1     0001343e  __lock                            
0     0000a0af  __nop                             
0     00009860  __outbyte                         
0     0000a0ab  __register_lock                   
0     0000a0a7  __register_unlock                 
0     000000f8  __stack                           
0     0000a0b9  __system_post_cinit               
0     0000a0b7  __system_pre_init                 
1     00013476  __unlock                          
0     00009ffa  _abort                            
1     00013406  _buff                             
1     00013464  _bytecnts                         
0     00009f77  _c_int00                          
1     00013436  _cmd_discp                        
0     0000a023  _copy_in                          
0     0000a047  _crc16_ccitt                      
0     0000935a  _decrypt_data                     
1     0000c000  _dencryptCode                     
1     0000b000  _encryptCode                      
0     00009239  _encrypt_data                     
0     000091f0  _exampleError                     
0     00009ffc  _exit                             
0     00008000  _fmstatFail                       
0     000091fb  _getBlockHeader                   
0     00009f46  _getCMDlines                      
0     00008405  _getLongData                      
1     0001345a  _getWordData                      
0     00009f15  _gethelp                          
0     000091d9  _initFlashSectors                 
1     00013416  _iv                               
1     00013426  _key                              
0     000080d3  _ldfuCopyData                     
0     00008008  _ldfuLoad                         
0     00008fac  _main                             
0     0000a067  _memcpy                           
0     0000a0b0  _memset                           
1     00013460  _pCode                            
1     00013462  _pdata                            
0     00009fdd  _rand                             
0     00008fa7  _sciaGetWordData                  
0     0000aa66  _secAddress                       
0     00009fcd  _srand                            
0     0000a09d  _strcmp                           
1     00013450  _uart0_cmd                        
0     000098d2  _xmodemReceive                    
abs   ffffffff  binit                             
0     0000a18e  cinit                             
0     00081010  code_start                        
0     0000a0ba  etext                             
abs   ffffffff  pinit                             


GLOBAL SYMBOLS: SORTED BY Symbol Address 

page  address   name                              
----  -------   ----                              
0     000000f8  __stack                           
0     000003f8  __STACK_END                       
0     00008000  .text                             
0     00008000  ___text__                         
0     00008000  _fmstatFail                       
0     00008008  _ldfuLoad                         
0     0000803b  _Erase_FlashSector                
0     00008080  _Write_Flash                      
0     000080d3  _ldfuCopyData                     
0     00008405  _getLongData                      
0     000084c4  _AES_init_ctx_iv                  
0     00008649  _AES_CBC_encrypt_buffer           
0     000087f9  _AES_CBC_decrypt_buffer           
0     00008858  _UARTPuts                         
0     00008882  _UARTGets                         
0     000088ab  _UARTPutNum                       
0     000088f9  _UARTPutHexNum                    
0     00008953  _UARTGetNum                       
0     00008988  _UARTGetHexNum                    
0     00008a12  _UARTPutc                         
0     00008a1c  _UARTGetc                         
0     00008a23  _UARTwrite                        
0     00008a43  _UARTprintf                       
0     00008cf3  _SysCtl_getClock                  
0     00008d44  _SysCtl_setClock                  
0     00008def  _SysCtl_selectXTAL                
0     00008e13  _SysCtl_selectXTALSingleEnded     
0     00008e2d  _SysCtl_selectOscSource           
0     00008e5a  _SysCtl_getLowSpeedClock          
0     00008e74  _SysCtl_getDeviceParametric       
0     00008ecf  _SysCtl_isPLLValid                
0     00008fa7  _sciaGetWordData                  
0     00008fac  _main                             
0     000091d9  _initFlashSectors                 
0     000091f0  _exampleError                     
0     000091fb  _getBlockHeader                   
0     00009239  _encrypt_data                     
0     00009327  _SetCodeStatus                    
0     0000935a  _decrypt_data                     
0     000094b8  _SCI_setConfig                    
0     000094dc  _SCI_writeCharArray               
0     00009513  _SCI_readCharArray                
0     00009544  _SCI_enableInterrupt              
0     0000957f  _SCI_disableInterrupt             
0     000095ba  _SCI_getInterruptStatus           
0     000095fd  _SCI_clearInterruptStatus         
0     00009645  _GPIO_setDirectionMode            
0     0000966c  _GPIO_getDirectionMode            
0     00009682  _GPIO_setInterruptPin             
0     000096ad  _GPIO_setPadConfig                
0     000096f5  _GPIO_getPadConfig                
0     00009729  _GPIO_setQualificationMode        
0     00009755  _GPIO_getQualificationMode        
0     00009776  _GPIO_setQualificationPeriod      
0     00009798  _GPIO_setMasterCore               
0     000097c4  _GPIO_setAnalogMode               
0     000097ec  _GPIO_setPinConfig                
0     00009860  __outbyte                         
0     0000986a  __inbyte                          
0     000098d2  _xmodemReceive                    
0     00009a49  _Device_init                      
0     00009a61  _Device_enableAllPeripherals      
0     00009b2f  _Device_initGPIO                  
0     00009b3f  _Device_intSCIA                   
0     00009b95  ___error__                        
0     00009c47  _Interrupt_initModule             
0     00009c84  _Interrupt_initVectorTable        
0     00009ca4  _Interrupt_enable                 
0     00009cd8  _Interrupt_disable                
0     00009d4a  _DCSM_unlockZone1CSM              
0     00009d9c  _DCSM_unlockZone2CSM              
0     00009dee  _DCSM_getZone1FlashEXEStatus      
0     00009e10  _DCSM_getZone1RAMEXEStatus        
0     00009e23  _DCSM_getZone2FlashEXEStatus      
0     00009e45  _DCSM_getZone2RAMEXEStatus        
0     00009e58  _DCSM_claimZoneSemaphore          
0     00009e76  _DCSM_releaseZoneSemaphore        
0     00009e8d  FS$$DIV                           
0     00009f15  _gethelp                          
0     00009f46  _getCMDlines                      
0     00009f77  _c_int00                          
0     00009fcd  _srand                            
0     00009fdd  _rand                             
0     00009ffa  C$$EXIT                           
0     00009ffa  _abort                            
0     00009ffc  _exit                             
0     0000a023  _copy_in                          
0     0000a047  _crc16_ccitt                      
0     0000a067  _memcpy                           
0     0000a084  __args_main                       
0     0000a09d  _strcmp                           
0     0000a0a7  __register_unlock                 
0     0000a0ab  __register_lock                   
0     0000a0af  __nop                             
0     0000a0b0  _memset                           
0     0000a0b7  __system_pre_init                 
0     0000a0b9  __system_post_cinit               
0     0000a0ba  ___etext__                        
0     0000a0ba  etext                             
0     0000a146  _Flash_initModule                 
0     0000a169  _Flash_powerDown                  
0     0000a179  _Flash_wakeFromLPM                
0     0000a18a  _SysCtl_delay                     
0     0000a18e  ___cinit__                        
0     0000a18e  cinit                             
0     0000aa66  _secAddress                       
0     00081010  code_start                        
1     0000b000  _encryptCode                      
1     0000c000  _dencryptCode                     
1     00013406  _buff                             
1     00013416  _iv                               
1     00013426  _key                              
1     00013436  _cmd_discp                        
1     0001343e  __lock                            
1     00013450  _uart0_cmd                        
1     00013458  _Buffer32                         
1     0001345a  _getWordData                      
1     0001345c  _BlockHeader                      
1     00013460  _pCode                            
1     00013462  _pdata                            
1     00013464  _bytecnts                         
1     00013466  ___TI_enable_exit_profile_output  
1     00013468  ___TI_cleanup_ptr                 
1     0001346a  ___TI_dtors_ptr                   
1     0001346c  _BUFF                             
1     00013472  _Example_PassCount                
1     00013474  _Example_Fail                     
1     00013476  __unlock                          
abs   00000300  __STACK_SIZE                      
abs   00002ace  _RamfuncsLoadSize                 
abs   00002ace  _RamfuncsRunSize                  
abs   00008000  _RamfuncsRunStart                 
abs   0000aace  _RamfuncsRunEnd                   
abs   00081020  _RamfuncsLoadStart                
abs   00083aee  _RamfuncsLoadEnd                  
abs   003ffefc  _Fapi_initializeAPI               
abs   003ffefe  _Fapi_setActiveFlashBank          
abs   003fff00  _Fapi_issueAsyncCommandWithAddress
abs   003fff02  _Fapi_doBlankCheck                
abs   003fff04  _Fapi_issueProgrammingCommand     
abs   003fff08  _Fapi_doVerify                    
abs   003fff10  _Fapi_checkFsmForReady            
abs   ffffffff  ___TI_pprof_out_hndl              
abs   ffffffff  ___TI_prof_data_size              
abs   ffffffff  ___TI_prof_data_start             
abs   ffffffff  ___binit__                        
abs   ffffffff  ___c_args__                       
abs   ffffffff  ___pinit__                        
abs   ffffffff  binit                             
abs   ffffffff  pinit                             

[150 symbols]
